Component: ARM Compiler 5.06 update 7 (build 960) Tool: armlink [4d3601]

==============================================================================

Section Cross References

    startup_stm32l431xx.o(RESET) refers to startup_stm32l431xx.o(STACK) for __initial_sp
    startup_stm32l431xx.o(RESET) refers to startup_stm32l431xx.o(.text) for Reset_Handler
    startup_stm32l431xx.o(RESET) refers to stm32l4xx_it.o(i.NMI_Handler) for NMI_Handler
    startup_stm32l431xx.o(RESET) refers to stm32l4xx_it.o(i.HardFault_Handler) for HardFault_Handler
    startup_stm32l431xx.o(RESET) refers to stm32l4xx_it.o(i.MemManage_Handler) for MemManage_Handler
    startup_stm32l431xx.o(RESET) refers to stm32l4xx_it.o(i.BusFault_Handler) for BusFault_Handler
    startup_stm32l431xx.o(RESET) refers to stm32l4xx_it.o(i.UsageFault_Handler) for UsageFault_Handler
    startup_stm32l431xx.o(RESET) refers to stm32l4xx_it.o(i.SVC_Handler) for SVC_Handler
    startup_stm32l431xx.o(RESET) refers to stm32l4xx_it.o(i.DebugMon_Handler) for DebugMon_Handler
    startup_stm32l431xx.o(RESET) refers to stm32l4xx_it.o(i.PendSV_Handler) for PendSV_Handler
    startup_stm32l431xx.o(RESET) refers to stm32l4xx_it.o(i.SysTick_Handler) for SysTick_Handler
    startup_stm32l431xx.o(RESET) refers to stm32l4xx_it.o(i.DMA1_Channel2_IRQHandler) for DMA1_Channel2_IRQHandler
    startup_stm32l431xx.o(RESET) refers to stm32l4xx_it.o(i.DMA1_Channel3_IRQHandler) for DMA1_Channel3_IRQHandler
    startup_stm32l431xx.o(RESET) refers to gpio.o(i.EXTI9_5_IRQHandler) for EXTI9_5_IRQHandler
    startup_stm32l431xx.o(RESET) refers to usart.o(i.USART1_IRQHandler) for USART1_IRQHandler
    startup_stm32l431xx.o(RESET) refers to stm32l4xx_it.o(i.USART2_IRQHandler) for USART2_IRQHandler
    startup_stm32l431xx.o(RESET) refers to stm32l4xx_it.o(i.USART3_IRQHandler) for USART3_IRQHandler
    startup_stm32l431xx.o(RESET) refers to stm32l4xx_it.o(i.TIM6_DAC_IRQHandler) for TIM6_DAC_IRQHandler
    startup_stm32l431xx.o(.text) refers to system_stm32l4xx.o(i.SystemInit) for SystemInit
    startup_stm32l431xx.o(.text) refers to entry.o(.ARM.Collect$$$$00000000) for __main
    main.o(i.SystemClock_Config) refers to memseta.o(.text) for __aeabi_memclr4
    main.o(i.SystemClock_Config) refers to stm32l4xx_hal_pwr_ex.o(i.HAL_PWREx_ControlVoltageScaling) for HAL_PWREx_ControlVoltageScaling
    main.o(i.SystemClock_Config) refers to stm32l4xx_hal_rcc.o(i.HAL_RCC_OscConfig) for HAL_RCC_OscConfig
    main.o(i.SystemClock_Config) refers to stm32l4xx_hal_rcc.o(i.HAL_RCC_ClockConfig) for HAL_RCC_ClockConfig
    main.o(i.main) refers to stm32l4xx_hal.o(i.HAL_Init) for HAL_Init
    main.o(i.main) refers to main.o(i.SystemClock_Config) for SystemClock_Config
    main.o(i.main) refers to gpio.o(i.MX_GPIO_Init) for MX_GPIO_Init
    main.o(i.main) refers to i2c.o(i.MX_I2C2_Init) for MX_I2C2_Init
    main.o(i.main) refers to i2c.o(i.MX_I2C3_Init) for MX_I2C3_Init
    main.o(i.main) refers to dma.o(i.MX_DMA_Init) for MX_DMA_Init
    main.o(i.main) refers to rtc.o(i.MX_RTC_Init) for MX_RTC_Init
    main.o(i.main) refers to usart.o(i.MX_USART1_UART_Init) for MX_USART1_UART_Init
    main.o(i.main) refers to usart.o(i.MX_USART2_UART_Init) for MX_USART2_UART_Init
    main.o(i.main) refers to usart.o(i.MX_USART3_UART_Init) for MX_USART3_UART_Init
    main.o(i.main) refers to system_state_machine.o(i.System_StateMachine_Init) for System_StateMachine_Init
    main.o(i.main) refers to system_state_machine.o(i.System_StateMachine_MainTask) for System_StateMachine_MainTask
    gpio.o(i.EXTI9_5_IRQHandler) refers to stm32l4xx_hal.o(i.HAL_GetTick) for HAL_GetTick
    gpio.o(i.EXTI9_5_IRQHandler) refers to rtc.o(i.RTC_Read_Time) for RTC_Read_Time
    gpio.o(i.EXTI9_5_IRQHandler) refers to rtc.o(i.RTC_Set_Time) for RTC_Set_Time
    gpio.o(i.EXTI9_5_IRQHandler) refers to gpio.o(.data) for .data
    gpio.o(i.EXTI9_5_IRQHandler) refers to rtc.o(.data) for g_rtc_time
    gpio.o(i.MX_GPIO_Init) refers to memseta.o(.text) for __aeabi_memclr4
    gpio.o(i.MX_GPIO_Init) refers to stm32l4xx_hal_gpio.o(i.HAL_GPIO_WritePin) for HAL_GPIO_WritePin
    gpio.o(i.MX_GPIO_Init) refers to stm32l4xx_hal_gpio.o(i.HAL_GPIO_Init) for HAL_GPIO_Init
    gpio.o(i.MX_GPIO_Init) refers to stm32l4xx_hal_cortex.o(i.HAL_NVIC_SetPriority) for HAL_NVIC_SetPriority
    gpio.o(i.MX_GPIO_Init) refers to stm32l4xx_hal_cortex.o(i.HAL_NVIC_EnableIRQ) for HAL_NVIC_EnableIRQ
    i2c.o(i.HAL_I2C_MspDeInit) refers to stm32l4xx_hal_gpio.o(i.HAL_GPIO_DeInit) for HAL_GPIO_DeInit
    i2c.o(i.HAL_I2C_MspInit) refers to memseta.o(.text) for __aeabi_memclr4
    i2c.o(i.HAL_I2C_MspInit) refers to stm32l4xx_hal_rcc_ex.o(i.HAL_RCCEx_PeriphCLKConfig) for HAL_RCCEx_PeriphCLKConfig
    i2c.o(i.HAL_I2C_MspInit) refers to main.o(i.Error_Handler) for Error_Handler
    i2c.o(i.HAL_I2C_MspInit) refers to stm32l4xx_hal_gpio.o(i.HAL_GPIO_Init) for HAL_GPIO_Init
    i2c.o(i.MX_I2C2_Init) refers to stm32l4xx_hal_i2c.o(i.HAL_I2C_Init) for HAL_I2C_Init
[...]
    i.__scatterload_null                     0x080062e6   Section        2  handlers.o(i.__scatterload_null)
    i.__scatterload_zeroinit                 0x080062e8   Section       14  handlers.o(i.__scatterload_zeroinit)
    i.__set_errno                            0x080062f8   Section        0  errno.o(i.__set_errno)
    i._fp_digits                             0x08006304   Section        0  printfa.o(i._fp_digits)
    _fp_digits                               0x08006305   Thumb Code   366  printfa.o(i._fp_digits)
    i._is_digit                              0x0800648e   Section        0  scanf_fp.o(i._is_digit)
    i._printf_core                           0x0800649c   Section        0  printfa.o(i._printf_core)
    _printf_core                             0x0800649d   Thumb Code  1704  printfa.o(i._printf_core)
    i._printf_post_padding                   0x08006b56   Section        0  printfa.o(i._printf_post_padding)
    _printf_post_padding                     0x08006b57   Thumb Code    36  printfa.o(i._printf_post_padding)
    i._printf_pre_padding                    0x08006b7a   Section        0  printfa.o(i._printf_pre_padding)
    _printf_pre_padding                      0x08006b7b   Thumb Code    46  printfa.o(i._printf_pre_padding)
    i.bmp5_get_iir_config                    0x08006ba8   Section        0  bmp5.o(i.bmp5_get_iir_config)
    i.bmp5_get_osr_odr_press_config          0x08006bec   Section        0  bmp5.o(i.bmp5_get_osr_odr_press_config)
    i.bmp5_get_power_mode                    0x08006c32   Section        0  bmp5.o(i.bmp5_get_power_mode)
    i.bmp5_get_regs                          0x08006cda   Section        0  bmp5.o(i.bmp5_get_regs)
    i.bmp5_get_sensor_data                   0x08006d1c   Section        0  bmp5.o(i.bmp5_get_sensor_data)
    i.bmp5_set_iir_config                    0x08006db8   Section        0  bmp5.o(i.bmp5_set_iir_config)
    i.bmp5_set_osr_odr_press_config          0x08006e54   Section        0  bmp5.o(i.bmp5_set_osr_odr_press_config)
    i.bmp5_set_power_mode                    0x08006ec2   Section        0  bmp5.o(i.bmp5_set_power_mode)
    i.bmp5_set_regs                          0x08006f18   Section        0  bmp5.o(i.bmp5_set_regs)
    i.crc_check                              0x08006f84   Section        0  sht40ad1b_reg.o(i.crc_check)
    crc_check                                0x08006f85   Thumb Code    58  sht40ad1b_reg.o(i.crc_check)
    i.fputc                                  0x08006fc0   Section        0  usart.o(i.fputc)
    i.main                                   0x08006fd8   Section        0  main.o(i.main)
    i.null_ptr_check                         0x0800700a   Section        0  bmp5.o(i.null_ptr_check)
    null_ptr_check                           0x0800700b   Thumb Code    24  bmp5.o(i.null_ptr_check)
    i.set_deep_standby_mode                  0x08007022   Section        0  bmp5.o(i.set_deep_standby_mode)
    set_deep_standby_mode                    0x08007023   Thumb Code   138  bmp5.o(i.set_deep_standby_mode)
    i.set_power_mode                         0x080070ac   Section        0  bmp5.o(i.set_power_mode)
    set_power_mode                           0x080070ad   Thumb Code    52  bmp5.o(i.set_power_mode)
    i.set_standby_mode                       0x080070e0   Section        0  bmp5.o(i.set_standby_mode)
    set_standby_mode                         0x080070e1   Thumb Code    32  bmp5.o(i.set_standby_mode)
    i.sht40ad1b_data_get                     0x08007100   Section        0  sht40ad1b_reg.o(i.sht40ad1b_data_get)
    i.sht40ad1b_delay_ms                     0x080071f4   Section        0  app_sht40.o(i.sht40ad1b_delay_ms)
    sht40ad1b_delay_ms                       0x080071f5   Thumb Code     4  app_sht40.o(i.sht40ad1b_delay_ms)
    i.sht40ad1b_device_id_get                0x080071f8   Section        0  sht40ad1b_reg.o(i.sht40ad1b_device_id_get)
    i.sht40ad1b_i2c_read                     0x08007200   Section        0  app_sht40.o(i.sht40ad1b_i2c_read)
    sht40ad1b_i2c_read                       0x08007201   Thumb Code    46  app_sht40.o(i.sht40ad1b_i2c_read)
    i.sht40ad1b_i2c_write                    0x0800722e   Section        0  app_sht40.o(i.sht40ad1b_i2c_write)
    sht40ad1b_i2c_write                      0x0800722f   Thumb Code    46  app_sht40.o(i.sht40ad1b_i2c_write)
    i.sht40ad1b_read_reg                     0x0800725c   Section        0  sht40ad1b_reg.o(i.sht40ad1b_read_reg)
    i.sht40ad1b_write_reg                    0x0800726a   Section        0  sht40ad1b_reg.o(i.sht40ad1b_write_reg)
    .constdata                               0x08007278   Section       64  system_stm32l4xx.o(.constdata)
    .constdata                               0x080072b8   Section        8  system_stm32l4xx.o(.constdata)
    .constdata                               0x080072c0   Section       64  ctype_c.o(.constdata)
    .conststring                             0x08007300   Section       74  system_state_machine.o(.conststring)
    .data                                    0x20000000   Section        4  gpio.o(.data)
    last_pps_tick                            0x20000000   Data           4  gpio.o(.data)
    .data                                    0x20000004   Section        4  usart.o(.data)
    .data                                    0x20000008   Section        6  rtc.o(.data)
    .data                                    0x20000010   Section        4  tim.o(.data)
    .data                                    0x20000014   Section       12  stm32l4xx_hal.o(.data)
    .data                                    0x20000020   Section        4  system_stm32l4xx.o(.data)
    .data                                    0x20000024   Section        8  app_sht40.o(.data)
    sht40_humidity                           0x20000024   Data           4  app_sht40.o(.data)
    sht40_temperature                        0x20000028   Data           4  app_sht40.o(.data)
    .data                                    0x2000002c   Section       16  wind_speed.o(.data)
    crc_calc                                 0x2000002e   Data           2  wind_speed.o(.data)
    crc_recv                                 0x20000030   Data           2  wind_speed.o(.data)
    g_wind_data                              0x20000034   Data           8  wind_speed.o(.data)
    .data                                    0x2000003c   Section        8  app_bmp580.o(.data)
    .data                                    0x20000044   Section        3  app_t117.o(.data)
    s_t117Buffer                             0x20000044   Data           3  app_t117.o(.data)
    .data                                    0x20000048   Section       64  system_state_machine.o(.data)
    system_state                             0x20000048   Data           1  system_state_machine.o(.data)
    env_collect_state                        0x20000049   Data           1  system_state_machine.o(.data)
    gps_collect_state                        0x2000004a   Data           1  system_state_machine.o(.data)
    gy95t_collect_state                      0x2000004b   Data           1  system_state_machine.o(.data)
    wind_speed_collect_state                 0x2000004c   Data           1  system_state_machine.o(.data)
    retry_count                              0x20000051   Data           1  system_state_machine.o(.data)
    protocol_data_len                        0x20000052   Data           2  system_state_machine.o(.data)
    system_state_time                        0x20000054   Data           4  system_state_machine.o(.data)
    env_collect_time                         0x20000058   Data           4  system_state_machine.o(.data)
    gps_collect_time                         0x2000005c   Data           4  system_state_machine.o(.data)
    gy95t_collect_time                       0x20000060   Data           4  system_state_machine.o(.data)
    wind_speed_collect_time                  0x20000064   Data           4  system_state_machine.o(.data)
    g_sht40_humidity                         0x20000068   Data           4  system_state_machine.o(.data)
    g_sht40_temperature                      0x2000006c   Data           4  system_state_machine.o(.data)
    gps_check_count                          0x20000078   Data           4  system_state_machine.o(.data)
    last_check_time                          0x2000007c   Data           4  system_state_machine.o(.data)
    .data                                    0x20000088   Section        4  strtok.o(.data)
    state                                    0x20000088   Data           4  strtok.o(.data)
    .data                                    0x2000008c   Section        4  stdout.o(.data)
    .data                                    0x20000090   Section        4  errno.o(.data)
    _errno                                   0x20000090   Data           4  errno.o(.data)
    .bss                                     0x20000094   Section      168  i2c.o(.bss)
    .bss                                     0x2000013c   Section      632  usart.o(.bss)
    .bss                                     0x200003b4   Section       36  rtc.o(.bss)
    .bss                                     0x200003d8   Section       76  tim.o(.bss)
    .bss                                     0x20000424   Section     5084  e22.o(.bss)
    e22_uart_buffer                          0x20000424   Data        5084  e22.o(.bss)
    .bss                                     0x20001800   Section       44  gps.o(.bss)
    .bss                                     0x2000182c   Section       20  app_sht40.o(.bss)
    sht40ad1b_ctx                            0x2000182c   Data          20  app_sht40.o(.bss)
    .bss                                     0x20001840   Section       32  wind_speed.o(.bss)
    .bss                                     0x20001860   Section       24  app_bmp580.o(.bss)
    .bss                                     0x20001878   Section       84  gy95t.o(.bss)
    .bss                                     0x200018d0   Section      613  system_state_machine.o(.bss)
    tx_frame                                 0x20001940   Data         245  system_state_machine.o(.bss)
    protocol_buffer                          0x20001a35   Data         256  system_state_machine.o(.bss)
    STACK                                    0x20001b38   Section     1024  startup_stm32l431xx.o(STACK)

    Global Symbols

    Symbol Name                              Value     Ov Type        Size  Object(Section)

    BuildAttributes$$THM_ISAv4$E$P$D$K$B$S$7EM$VFPi3$EXTD16$VFPS$VFMA$PE$A:L22UL41UL21$X:L11$S22US41US21$IEEE1$IW$USESV6$~STKCKD$USESV7$~SHL$OTIME$ROPI$IEEEJ$EBA8$MICROLIB$REQ8$PRES8$EABIv2 0x00000000   Number         0  anon$$obj.o ABSOLUTE
    __ARM_use_no_argv                        0x00000000   Number         0  main.o ABSOLUTE
    _printf_a                                0x00000000   Number         0  stubs.o ABSOLUTE
    _printf_c                                0x00000000   Number         0  stubs.o ABSOLUTE
    _printf_charcount                        0x00000000   Number         0  stubs.o ABSOLUTE
    _printf_d                                0x00000000   Number         0  stubs.o ABSOLUTE
    _printf_e                                0x00000000   Number         0  stubs.o ABSOLUTE
    _printf_f                                0x00000000   Number         0  stubs.o ABSOLUTE
    _printf_flags                            0x00000000   Number         0  stubs.o ABSOLUTE
    _printf_fp_dec                           0x00000000   Number         0  stubs.o ABSOLUTE
    _printf_fp_hex                           0x00000000   Number         0  stubs.o ABSOLUTE
    _printf_g                                0x00000000   Number         0  stubs.o ABSOLUTE
    _printf_i                                0x00000000   Number         0  stubs.o ABSOLUTE
    _printf_int_dec                          0x00000000   Number         0  stubs.o ABSOLUTE
    _printf_l                                0x00000000   Number         0  stubs.o ABSOLUTE
    _printf_lc                               0x00000000   Number         0  stubs.o ABSOLUTE
    _printf_ll                               0x00000000   Number         0  stubs.o ABSOLUTE
    _printf_lld                              0x00000000   Number         0  stubs.o ABSOLUTE
    _printf_lli                              0x00000000   Number         0  stubs.o ABSOLUTE
    _printf_llo                              0x00000000   Number         0  stubs.o ABSOLUTE
    _printf_llu                              0x00000000   Number         0  stubs.o ABSOLUTE
    _printf_llx                              0x00000000   Number         0  stubs.o ABSOLUTE
    _printf_longlong_dec                     0x00000000   Number         0  stubs.o ABSOLUTE
    _printf_longlong_hex                     0x00000000   Number         0  stubs.o ABSOLUTE
    _printf_longlong_oct                     0x00000000   Number         0  stubs.o ABSOLUTE
    _printf_ls                               0x00000000   Number         0  stubs.o ABSOLUTE
    _printf_mbtowc                           0x00000000   Number         0  stubs.o ABSOLUTE
    _printf_n                                0x00000000   Number         0  stubs.o ABSOLUTE
    _printf_o                                0x00000000   Number         0  stubs.o ABSOLUTE
    _printf_p                                0x00000000   Number         0  stubs.o ABSOLUTE
    _printf_percent                          0x00000000   Number         0  stubs.o ABSOLUTE
    _printf_pre_padding                      0x00000000   Number         0  stubs.o ABSOLUTE
    _printf_return_value                     0x00000000   Number         0  stubs.o ABSOLUTE
    _printf_s                                0x00000000   Number         0  stubs.o ABSOLUTE
    _printf_sizespec                         0x00000000   Number         0  stubs.o ABSOLUTE
    _printf_str                              0x00000000   Number         0  stubs.o ABSOLUTE
    _printf_truncate_signed                  0x00000000   Number         0  stubs.o ABSOLUTE
    _printf_truncate_unsigned                0x00000000   Number         0  stubs.o ABSOLUTE
    _printf_u                                0x00000000   Number         0  stubs.o ABSOLUTE
    _printf_wc                               0x00000000   Number         0  stubs.o ABSOLUTE
    _printf_wctomb                           0x00000000   Number         0  stubs.o ABSOLUTE
    _printf_widthprec                        0x00000000   Number         0  stubs.o ABSOLUTE
    _printf_x                                0x00000000   Number         0  stubs.o ABSOLUTE
    __arm_fini_                               - Undefined Weak Reference
    __cpp_initialize__aeabi_                  - Undefined Weak Reference
    __cxa_finalize                            - Undefined Weak Reference
    __decompress                              - Undefined Weak Reference
    _clock_init                               - Undefined Weak Reference
    _microlib_exit                            - Undefined Weak Reference
    __Vectors_Size                           0x0000018c   Number         0  startup_stm32l431xx.o ABSOLUTE
    __Vectors                                0x08000000   Data           4  startup_stm32l431xx.o(RESET)
    __Vectors_End                            0x0800018c   Data           0  startup_stm32l431xx.o(RESET)
    __main                                   0x0800018d   Thumb Code     0  entry.o(.ARM.Collect$$$$00000000)
    _main_stk                                0x0800018d   Thumb Code     0  entry2.o(.ARM.Collect$$$$00000001)
    _main_scatterload                        0x08000191   Thumb Code     0  entry5.o(.ARM.Collect$$$$00000004)
    __main_after_scatterload                 0x08000195   Thumb Code     0  entry5.o(.ARM.Collect$$$$00000004)
    _main_clock                              0x08000195   Thumb Code     0  entry7b.o(.ARM.Collect$$$$00000008)
    _main_cpp_init                           0x08000195   Thumb Code     0  entry8b.o(.ARM.Collect$$$$0000000A)
    _main_init                               0x08000195   Thumb Code     0  entry9a.o(.ARM.Collect$$$$0000000B)
    __rt_lib_shutdown_fini                   0x0800019d   Thumb Code     0  entry12b.o(.ARM.Collect$$$$0000000E)
    __rt_final_cpp                           0x080001a1   Thumb Code     0  entry10a.o(.ARM.Collect$$$$0000000F)
    __rt_final_exit                          0x080001a1   Thumb Code     0  entry11a.o(.ARM.Collect$$$$00000011)
    Reset_Handler                            0x080001a5   Thumb Code     8  startup_stm32l431xx.o(.text)
    ADC1_IRQHandler                          0x080001bf   Thumb Code     0  startup_stm32l431xx.o(.text)
    CAN1_RX0_IRQHandler                      0x080001bf   Thumb Code     0  startup_stm32l431xx.o(.text)
    CAN1_RX1_IRQHandler                      0x080001bf   Thumb Code     0  startup_stm32l431xx.o(.text)
    CAN1_SCE_IRQHandler                      0x080001bf   Thumb Code     0  startup_stm32l431xx.o(.text)
    CAN1_TX_IRQHandler                       0x080001bf   Thumb Code     0  startup_stm32l431xx.o(.text)
    COMP_IRQHandler                          0x080001bf   Thumb Code     0  startup_stm32l431xx.o(.text)
    CRS_IRQHandler                           0x080001bf   Thumb Code     0  startup_stm32l431xx.o(.text)
    DMA1_Channel1_IRQHandler                 0x080001bf   Thumb Code     0  startup_stm32l431xx.o(.text)
    DMA1_Channel4_IRQHandler                 0x080001bf   Thumb Code     0  startup_stm32l431xx.o(.text)
    DMA1_Channel5_IRQHandler                 0x080001bf   Thumb Code     0  startup_stm32l431xx.o(.text)
    DMA1_Channel6_IRQHandler                 0x080001bf   Thumb Code     0  startup_stm32l431xx.o(.text)
    DMA1_Channel7_IRQHandler                 0x080001bf   Thumb Code     0  startup_stm32l431xx.o(.text)
    DMA2_Channel1_IRQHandler                 0x080001bf   Thumb Code     0  startup_stm32l431xx.o(.text)
    DMA2_Channel2_IRQHandler                 0x080001bf   Thumb Code     0  startup_stm32l431xx.o(.text)
    DMA2_Channel3_IRQHandler                 0x080001bf   Thumb Code     0  startup_stm32l431xx.o(.text)
    DMA2_Channel4_IRQHandler                 0x080001bf   Thumb Code     0  startup_stm32l431xx.o(.text)
    DMA2_Channel5_IRQHandler                 0x080001bf   Thumb Code     0  startup_stm32l431xx.o(.text)
    DMA2_Channel6_IRQHandler                 0x080001bf   Thumb Code     0  startup_stm32l431xx.o(.text)
    DMA2_Channel7_IRQHandler                 0x080001bf   Thumb Code     0  startup_stm32l431xx.o(.text)
    EXTI0_IRQHandler                         0x080001bf   Thumb Code     0  startup_stm32l431xx.o(.text)
    EXTI15_10_IRQHandler                     0x080001bf   Thumb Code     0  startup_stm32l431xx.o(.text)
    EXTI1_IRQHandler                         0x080001bf   Thumb Code     0  startup_stm32l431xx.o(.text)
    EXTI2_IRQHandler                         0x080001bf   Thumb Code     0  startup_stm32l431xx.o(.text)
    EXTI3_IRQHandler                         0x080001bf   Thumb Code     0  startup_stm32l431xx.o(.text)
    EXTI4_IRQHandler                         0x080001bf   Thumb Code     0  startup_stm32l431xx.o(.text)
    FLASH_IRQHandler                         0x080001bf   Thumb Code     0  startup_stm32l431xx.o(.text)
    FPU_IRQHandler                           0x080001bf   Thumb Code     0  startup_stm32l431xx.o(.text)
    I2C1_ER_IRQHandler                       0x080001bf   Thumb Code     0  startup_stm32l431xx.o(.text)
    I2C1_EV_IRQHandler                       0x080001bf   Thumb Code     0  startup_stm32l431xx.o(.text)
    I2C2_ER_IRQHandler                       0x080001bf   Thumb Code     0  startup_stm32l431xx.o(.text)
    I2C2_EV_IRQHandler                       0x080001bf   Thumb Code     0  startup_stm32l431xx.o(.text)
    I2C3_ER_IRQHandler                       0x080001bf   Thumb Code     0  startup_stm32l431xx.o(.text)
    I2C3_EV_IRQHandler                       0x080001bf   Thumb Code     0  startup_stm32l431xx.o(.text)
    LPTIM1_IRQHandler                        0x080001bf   Thumb Code     0  startup_stm32l431xx.o(.text)
    LPTIM2_IRQHandler                        0x080001bf   Thumb Code     0  startup_stm32l431xx.o(.text)
    LPUART1_IRQHandler                       0x080001bf   Thumb Code     0  startup_stm32l431xx.o(.text)
    PVD_PVM_IRQHandler                       0x080001bf   Thumb Code     0  startup_stm32l431xx.o(.text)
    QUADSPI_IRQHandler                       0x080001bf   Thumb Code     0  startup_stm32l431xx.o(.text)
    RCC_IRQHandler                           0x080001bf   Thumb Code     0  startup_stm32l431xx.o(.text)
    RNG_IRQHandler                           0x080001bf   Thumb Code     0  startup_stm32l431xx.o(.text)
    RTC_Alarm_IRQHandler                     0x080001bf   Thumb Code     0  startup_stm32l431xx.o(.text)
    RTC_WKUP_IRQHandler                      0x080001bf   Thumb Code     0  startup_stm32l431xx.o(.text)
    SAI1_IRQHandler                          0x080001bf   Thumb Code     0  startup_stm32l431xx.o(.text)
    SDMMC1_IRQHandler                        0x080001bf   Thumb Code     0  startup_stm32l431xx.o(.text)
    SPI1_IRQHandler                          0x080001bf   Thumb Code     0  startup_stm32l431xx.o(.text)
    SPI2_IRQHandler                          0x080001bf   Thumb Code     0  startup_stm32l431xx.o(.text)
    SPI3_IRQHandler                          0x080001bf   Thumb Code     0  startup_stm32l431xx.o(.text)
    SWPMI1_IRQHandler                        0x080001bf   Thumb Code     0  startup_stm32l431xx.o(.text)
    TAMP_STAMP_IRQHandler                    0x080001bf   Thumb Code     0  startup_stm32l431xx.o(.text)
    TIM1_BRK_TIM15_IRQHandler                0x080001bf   Thumb Code     0  startup_stm32l431xx.o(.text)
    TIM1_CC_IRQHandler                       0x080001bf   Thumb Code     0  startup_stm32l431xx.o(.text)
    TIM1_TRG_COM_IRQHandler                  0x080001bf   Thumb Code     0  startup_stm32l431xx.o(.text)
    TIM1_UP_TIM16_IRQHandler                 0x080001bf   Thumb Code     0  startup_stm32l431xx.o(.text)
    TIM2_IRQHandler                          0x080001bf   Thumb Code     0  startup_stm32l431xx.o(.text)
    TIM7_IRQHandler                          0x080001bf   Thumb Code     0  startup_stm32l431xx.o(.text)
    TSC_IRQHandler                           0x080001bf   Thumb Code     0  startup_stm32l431xx.o(.text)
    WWDG_IRQHandler                          0x080001bf   Thumb Code     0  startup_stm32l431xx.o(.text)
    __aeabi_uldivmod                         0x080001c9   Thumb Code    98  uldiv.o(.text)
    __aeabi_memcpy                           0x08000231   Thumb Code    36  memcpya.o(.text)
    __aeabi_memcpy4                          0x08000231   Thumb Code     0  memcpya.o(.text)
    __aeabi_memcpy8                          0x08000231   Thumb Code     0  memcpya.o(.text)
    __aeabi_memset                           0x08000255   Thumb Code    14  memseta.o(.text)
    __aeabi_memset4                          0x08000255   Thumb Code     0  memseta.o(.text)
    __aeabi_memset8                          0x08000255   Thumb Code     0  memseta.o(.text)
    __aeabi_memclr                           0x08000263   Thumb Code     4  memseta.o(.text)
    __aeabi_memclr4                          0x08000263   Thumb Code     0  memseta.o(.text)
    __aeabi_memclr8                          0x08000263   Thumb Code     0  memseta.o(.text)
    _memset$wrapper                          0x08000267   Thumb Code    18  memseta.o(.text)
    strstr                                   0x08000279   Thumb Code    36  strstr.o(.text)
    strncpy                                  0x0800029d   Thumb Code    24  strncpy.o(.text)
    strlen                                   0x080002b5   Thumb Code    14  strlen.o(.text)
    strtok                                   0x080002c5   Thumb Code    62  strtok.o(.text)
    __aeabi_dadd                             0x08000309   Thumb Code   322  dadd.o(.text)
    __aeabi_dsub                             0x0800044b   Thumb Code     6  dadd.o(.text)
    __aeabi_drsub                            0x08000451   Thumb Code     6  dadd.o(.text)
    __aeabi_dmul                             0x08000467   Thumb Code   228  dmul.o(.text)
    __aeabi_i2d                              0x08000551   Thumb Code    34  dflti.o(.text)
    __aeabi_ui2d                             0x08000573   Thumb Code    26  dfltui.o(.text)
    __aeabi_f2d                              0x0800058d   Thumb Code    38  f2d.o(.text)
    __aeabi_d2f                              0x080005b3   Thumb Code    56  d2f.o(.text)
    __aeabi_uidiv                            0x080005eb   Thumb Code     0  uidiv.o(.text)
    __aeabi_uidivmod                         0x080005eb   Thumb Code    44  uidiv.o(.text)
    __aeabi_llsl                             0x08000617   Thumb Code    30  llshl.o(.text)
    _ll_shift_l                              0x08000617   Thumb Code     0  llshl.o(.text)
    __aeabi_llsr                             0x08000635   Thumb Code    32  llushr.o(.text)
    _ll_ushift_r                             0x08000635   Thumb Code     0  llushr.o(.text)
    __aeabi_lasr                             0x08000655   Thumb Code    36  llsshr.o(.text)
    _ll_sshift_r                             0x08000655   Thumb Code     0  llsshr.o(.text)
    __strtod_int                             0x080006af   Thumb Code    90  strtod.o(.text)
    __I$use$fp                               0x08000715   Thumb Code     0  iusefp.o(.text)
    _float_round                             0x08000715   Thumb Code    18  fepilogue.o(.text)
    _float_epilogue                          0x08000727   Thumb Code    92  fepilogue.o(.text)
    _double_round                            0x08000783   Thumb Code    30  depilogue.o(.text)
    _double_epilogue                         0x080007a1   Thumb Code   156  depilogue.o(.text)
    __aeabi_ddiv                             0x0800083d   Thumb Code   222  ddiv.o(.text)
    _dsqrt                                   0x0800091b   Thumb Code   162  dsqrt.o(.text)
    __aeabi_d2ulz                            0x080009bd   Thumb Code    48  dfixul.o(.text)
    __aeabi_cdrcmple                         0x080009ed   Thumb Code    48  cdrcmple.o(.text)
    __scatterload                            0x08000a1d   Thumb Code    28  init.o(.text)
    __scatterload_rt2                        0x08000a1d   Thumb Code     0  init.o(.text)
    isspace                                  0x08000a41   Thumb Code    10  isspace_c.o(.text)
    _scanf_real                              0x08000b75   Thumb Code     0  scanf_fp.o(.text)
    _scanf_really_real                       0x08000b75   Thumb Code   556  scanf_fp.o(.text)
    _sgetc                                   0x08000db3   Thumb Code    30  _sgetc.o(.text)
    _sbackspace                              0x08000dd1   Thumb Code    34  _sgetc.o(.text)
    __ctype_lookup                           0x08000df5   Thumb Code    34  ctype_c.o(.text)
    __aeabi_ul2d                             0x08000e1d   Thumb Code    24  dfltul.o(.text)
    APP_BMP580_Config                        0x08000e35   Thumb Code   100  app_bmp580.o(i.APP_BMP580_Config)
    APP_BMP580_GetData                       0x08000e99   Thumb Code    70  app_bmp580.o(i.APP_BMP580_GetData)
    APP_BMP580_Init                          0x08000ee1   Thumb Code    32  app_bmp580.o(i.APP_BMP580_Init)
    APP_T117_Init                            0x08000f0d   Thumb Code    20  app_t117.o(i.APP_T117_Init)
    APP_T117_ReadTemperature                 0x08000f29   Thumb Code    68  app_t117.o(i.APP_T117_ReadTemperature)
    App_E22_Init                             0x08000fd9   Thumb Code    20  app_e22.o(i.App_E22_Init)
    App_E22_Send_Protocol_Array              0x08000fed   Thumb Code   102  app_e22.o(i.App_E22_Send_Protocol_Array)
    BMP580_DelayUs                           0x08001055   Thumb Code    30  app_bmp580.o(i.BMP580_DelayUs)
    BMP580_Init                              0x080010c5   Thumb Code    56  app_bmp580.o(i.BMP580_Init)
    BSP_T117_GetStatus                       0x0800115d   Thumb Code     6  bsp_t117.o(i.BSP_T117_GetStatus)
    BSP_T117_GetTemperature                  0x08001165   Thumb Code   154  bsp_t117.o(i.BSP_T117_GetTemperature)
    BSP_T117_Init                            0x08001205   Thumb Code    94  bsp_t117.o(i.BSP_T117_Init)
    BSP_T117_SetAveraging                    0x08001295   Thumb Code    50  bsp_t117.o(i.BSP_T117_SetAveraging)
    BSP_T117_SetConvMode                     0x080012c7   Thumb Code     6  bsp_t117.o(i.BSP_T117_SetConvMode)
    BSP_T117_SetPDMode                       0x080012cd   Thumb Code    50  bsp_t117.o(i.BSP_T117_SetPDMode)
    BSP_T117_SoftReset                       0x080012ff   Thumb Code     8  bsp_t117.o(i.BSP_T117_SoftReset)
    BusFault_Handler                         0x08001329   Thumb Code     2  stm32l4xx_it.o(i.BusFault_Handler)
    DMA1_Channel2_IRQHandler                 0x0800132d   Thumb Code     6  stm32l4xx_it.o(i.DMA1_Channel2_IRQHandler)
    DMA1_Channel3_IRQHandler                 0x08001339   Thumb Code     6  stm32l4xx_it.o(i.DMA1_Channel3_IRQHandler)
    DebugMon_Handler                         0x08001373   Thumb Code     2  stm32l4xx_it.o(i.DebugMon_Handler)
    E22_Init                                 0x08001375   Thumb Code    12  e22.o(i.E22_Init)
    E22_Mode                                 0x08001385   Thumb Code    76  e22.o(i.E22_Mode)
    E22_Send                                 0x080013d5   Thumb Code    50  e22.o(i.E22_Send)
    E22_StartReceive                         0x08001411   Thumb Code    26  e22.o(i.E22_StartReceive)
    EXTI9_5_IRQHandler                       0x08001435   Thumb Code   122  gpio.o(i.EXTI9_5_IRQHandler)
    EnvCollect_StateMachine                  0x080014bd   Thumb Code   268  system_state_machine.o(i.EnvCollect_StateMachine)
    EnvSensor_Init                           0x08001655   Thumb Code    58  app_env_collect.o(i.EnvSensor_Init)
    Error_Handler                            0x08001695   Thumb Code     4  main.o(i.Error_Handler)
    GPSCollect_StateMachine                  0x08001699   Thumb Code   588  system_state_machine.o(i.GPSCollect_StateMachine)
    GPS_Init                                 0x0800196d   Thumb Code     4  gps.o(i.GPS_Init)
    GPS_Parse_RMC                            0x080019e5   Thumb Code   250  gps.o(i.GPS_Parse_RMC)
    GY95TCollect_StateMachine                0x08001af5   Thumb Code   216  system_state_machine.o(i.GY95TCollect_StateMachine)
    GY95T_AutoCalibrate                      0x08001c01   Thumb Code    94  gy95t.o(i.GY95T_AutoCalibrate)
    GY95T_Calibrate                          0x08001c5f   Thumb Code    28  gy95t.o(i.GY95T_Calibrate)
    GY95T_ConvertData                        0x08001c7d   Thumb Code   244  gy95t.o(i.GY95T_ConvertData)
    GY95T_Drone_Init                         0x08001d7d   Thumb Code    76  gy95t.o(i.GY95T_Drone_Init)
    GY95T_Init                               0x08001dcd   Thumb Code    28  gy95t.o(i.GY95T_Init)
    GY95T_NormalizeQuaternion                0x08001de9   Thumb Code   162  gy95t.o(i.GY95T_NormalizeQuaternion)
    GY95T_ReadData                           0x08001e91   Thumb Code   252  gy95t.o(i.GY95T_ReadData)
    GY95T_SetRange                           0x08001f95   Thumb Code    32  gy95t.o(i.GY95T_SetRange)
    GY95T_WriteReg                           0x08001fb5   Thumb Code    30  gy95t.o(i.GY95T_WriteReg)
    HAL_DMA_Abort                            0x08001fd9   Thumb Code    76  stm32l4xx_hal_dma.o(i.HAL_DMA_Abort)
    HAL_DMA_Abort_IT                         0x08002025   Thumb Code    78  stm32l4xx_hal_dma.o(i.HAL_DMA_Abort_IT)
    HAL_DMA_IRQHandler                       0x08002075   Thumb Code   204  stm32l4xx_hal_dma.o(i.HAL_DMA_IRQHandler)
    HAL_DMA_Init                             0x08002149   Thumb Code   184  stm32l4xx_hal_dma.o(i.HAL_DMA_Init)
    HAL_DMA_Start_IT                         0x0800220d   Thumb Code   116  stm32l4xx_hal_dma.o(i.HAL_DMA_Start_IT)
    HAL_Delay                                0x08002281   Thumb Code    32  stm32l4xx_hal.o(i.HAL_Delay)
    HAL_GPIO_DeInit                          0x080022a5   Thumb Code   290  stm32l4xx_hal_gpio.o(i.HAL_GPIO_DeInit)
    HAL_GPIO_Init                            0x080023e9   Thumb Code   434  stm32l4xx_hal_gpio.o(i.HAL_GPIO_Init)
    HAL_GPIO_ReadPin                         0x080025bf   Thumb Code    10  stm32l4xx_hal_gpio.o(i.HAL_GPIO_ReadPin)
    HAL_GPIO_WritePin                        0x080025c9   Thumb Code    10  stm32l4xx_hal_gpio.o(i.HAL_GPIO_WritePin)
    HAL_GetTick                              0x080025d5   Thumb Code     6  stm32l4xx_hal.o(i.HAL_GetTick)
    HAL_I2CEx_ConfigAnalogFilter             0x080025e1   Thumb Code    86  stm32l4xx_hal_i2c_ex.o(i.HAL_I2CEx_ConfigAnalogFilter)
    HAL_I2CEx_ConfigDigitalFilter            0x08002637   Thumb Code    82  stm32l4xx_hal_i2c_ex.o(i.HAL_I2CEx_ConfigDigitalFilter)
    HAL_I2C_DeInit                           0x08002689   Thumb Code    50  stm32l4xx_hal_i2c.o(i.HAL_I2C_DeInit)
    HAL_I2C_Init                             0x080026bd   Thumb Code   184  stm32l4xx_hal_i2c.o(i.HAL_I2C_Init)
    HAL_I2C_Master_Receive                   0x08002779   Thumb Code   282  stm32l4xx_hal_i2c.o(i.HAL_I2C_Master_Receive)
    HAL_I2C_Master_Transmit                  0x080028a5   Thumb Code   324  stm32l4xx_hal_i2c.o(i.HAL_I2C_Master_Transmit)
    HAL_I2C_Mem_Read                         0x080029f9   Thumb Code   348  stm32l4xx_hal_i2c.o(i.HAL_I2C_Mem_Read)
    HAL_I2C_Mem_Write                        0x08002b65   Thumb Code   340  stm32l4xx_hal_i2c.o(i.HAL_I2C_Mem_Write)
    HAL_I2C_MspDeInit                        0x08002cc5   Thumb Code    74  i2c.o(i.HAL_I2C_MspDeInit)
    HAL_I2C_MspInit                          0x08002d21   Thumb Code   246  i2c.o(i.HAL_I2C_MspInit)
    HAL_IncTick                              0x08002e31   Thumb Code    12  stm32l4xx_hal.o(i.HAL_IncTick)
    HAL_Init                                 0x08002e41   Thumb Code    30  stm32l4xx_hal.o(i.HAL_Init)
    HAL_InitTick                             0x08002e61   Thumb Code    58  stm32l4xx_hal.o(i.HAL_InitTick)
    HAL_MspInit                              0x08002ea5   Thumb Code    38  stm32l4xx_hal_msp.o(i.HAL_MspInit)
    HAL_NVIC_EnableIRQ                       0x08002ed1   Thumb Code    26  stm32l4xx_hal_cortex.o(i.HAL_NVIC_EnableIRQ)
    HAL_NVIC_SetPriority                     0x08002eed   Thumb Code    60  stm32l4xx_hal_cortex.o(i.HAL_NVIC_SetPriority)
    HAL_NVIC_SetPriorityGrouping             0x08002f2d   Thumb Code    26  stm32l4xx_hal_cortex.o(i.HAL_NVIC_SetPriorityGrouping)
    HAL_PWREx_ControlVoltageScaling          0x08002f51   Thumb Code    90  stm32l4xx_hal_pwr_ex.o(i.HAL_PWREx_ControlVoltageScaling)
    HAL_PWREx_GetVoltageRange                0x08002fb9   Thumb Code    10  stm32l4xx_hal_pwr_ex.o(i.HAL_PWREx_GetVoltageRange)
    HAL_RCCEx_PeriphCLKConfig                0x08002fc9   Thumb Code   682  stm32l4xx_hal_rcc_ex.o(i.HAL_RCCEx_PeriphCLKConfig)
    HAL_RCC_ClockConfig                      0x08003285   Thumb Code   304  stm32l4xx_hal_rcc.o(i.HAL_RCC_ClockConfig)
    HAL_RCC_GetPCLK1Freq                     0x080033c9   Thumb Code    24  stm32l4xx_hal_rcc.o(i.HAL_RCC_GetPCLK1Freq)
    HAL_RCC_GetPCLK2Freq                     0x080033ed   Thumb Code    24  stm32l4xx_hal_rcc.o(i.HAL_RCC_GetPCLK2Freq)
    HAL_RCC_GetSysClockFreq                  0x08003411   Thumb Code   150  stm32l4xx_hal_rcc.o(i.HAL_RCC_GetSysClockFreq)
    HAL_RCC_OscConfig                        0x080034b5   Thumb Code  1366  stm32l4xx_hal_rcc.o(i.HAL_RCC_OscConfig)
    HAL_RTC_GetDate                          0x08003a15   Thumb Code    62  stm32l4xx_hal_rtc.o(i.HAL_RTC_GetDate)
    HAL_RTC_GetTime                          0x08003a59   Thumb Code    78  stm32l4xx_hal_rtc.o(i.HAL_RTC_GetTime)
    HAL_RTC_Init                             0x08003aad   Thumb Code   172  stm32l4xx_hal_rtc.o(i.HAL_RTC_Init)
    HAL_RTC_MspInit                          0x08003b5d   Thumb Code    60  rtc.o(i.HAL_RTC_MspInit)
    HAL_RTC_SetDate                          0x08003ba1   Thumb Code   156  stm32l4xx_hal_rtc.o(i.HAL_RTC_SetDate)
    HAL_RTC_SetTime                          0x08003c41   Thumb Code   198  stm32l4xx_hal_rtc.o(i.HAL_RTC_SetTime)
    HAL_RTC_WaitForSynchro                   0x08003d0d   Thumb Code    50  stm32l4xx_hal_rtc.o(i.HAL_RTC_WaitForSynchro)
    HAL_SYSTICK_Config                       0x08003d45   Thumb Code    40  stm32l4xx_hal_cortex.o(i.HAL_SYSTICK_Config)
    HAL_TIMEx_Break2Callback                 0x08003d6d   Thumb Code     2  stm32l4xx_hal_tim_ex.o(i.HAL_TIMEx_Break2Callback)
    HAL_TIMEx_BreakCallback                  0x08003d6f   Thumb Code     2  stm32l4xx_hal_tim_ex.o(i.HAL_TIMEx_BreakCallback)
    HAL_TIMEx_CommutCallback                 0x08003d71   Thumb Code     2  stm32l4xx_hal_tim_ex.o(i.HAL_TIMEx_CommutCallback)
    HAL_TIM_IC_CaptureCallback               0x08003d73   Thumb Code     2  stm32l4xx_hal_tim.o(i.HAL_TIM_IC_CaptureCallback)
    HAL_TIM_IRQHandler                       0x08003d75   Thumb Code   330  stm32l4xx_hal_tim.o(i.HAL_TIM_IRQHandler)
    HAL_TIM_OC_DelayElapsedCallback          0x08003ebf   Thumb Code     2  stm32l4xx_hal_tim.o(i.HAL_TIM_OC_DelayElapsedCallback)
    HAL_TIM_PWM_PulseFinishedCallback        0x08003ec1   Thumb Code     2  stm32l4xx_hal_tim.o(i.HAL_TIM_PWM_PulseFinishedCallback)
    HAL_TIM_PeriodElapsedCallback            0x08003ec5   Thumb Code    18  tim.o(i.HAL_TIM_PeriodElapsedCallback)
    HAL_TIM_TriggerCallback                  0x08003ee1   Thumb Code     2  stm32l4xx_hal_tim.o(i.HAL_TIM_TriggerCallback)
    HAL_UARTEx_ReceiveToIdle_DMA             0x08003ee3   Thumb Code    74  stm32l4xx_hal_uart_ex.o(i.HAL_UARTEx_ReceiveToIdle_DMA)
    HAL_UARTEx_RxEventCallback               0x08003f2d   Thumb Code    58  e22.o(i.HAL_UARTEx_RxEventCallback)
    HAL_UARTEx_WakeupCallback                0x08003f71   Thumb Code     2  stm32l4xx_hal_uart_ex.o(i.HAL_UARTEx_WakeupCallback)
    HAL_UART_ErrorCallback                   0x08003f73   Thumb Code     2  stm32l4xx_hal_uart.o(i.HAL_UART_ErrorCallback)
    HAL_UART_IRQHandler                      0x08003f75   Thumb Code   704  stm32l4xx_hal_uart.o(i.HAL_UART_IRQHandler)
    HAL_UART_Init                            0x0800423d   Thumb Code   102  stm32l4xx_hal_uart.o(i.HAL_UART_Init)
    HAL_UART_MspInit                         0x080042a5   Thumb Code   414  usart.o(i.HAL_UART_MspInit)
    HAL_UART_Receive_IT                      0x08004465   Thumb Code    66  stm32l4xx_hal_uart.o(i.HAL_UART_Receive_IT)
    HAL_UART_RxCpltCallback                  0x080044ad   Thumb Code    28  wind_speed.o(i.HAL_UART_RxCpltCallback)
    HAL_UART_RxHalfCpltCallback              0x080044e1   Thumb Code     2  stm32l4xx_hal_uart.o(i.HAL_UART_RxHalfCpltCallback)
    HAL_UART_Transmit                        0x080044e5   Thumb Code   172  stm32l4xx_hal_uart.o(i.HAL_UART_Transmit)
    HAL_UART_Transmit_DMA                    0x08004599   Thumb Code   126  stm32l4xx_hal_uart.o(i.HAL_UART_Transmit_DMA)
    HAL_UART_TxCpltCallback                  0x08004625   Thumb Code     2  stm32l4xx_hal_uart.o(i.HAL_UART_TxCpltCallback)
    HAL_UART_TxHalfCpltCallback              0x08004627   Thumb Code     2  stm32l4xx_hal_uart.o(i.HAL_UART_TxHalfCpltCallback)
    HardFault_Handler                        0x08004629   Thumb Code     2  stm32l4xx_it.o(i.HardFault_Handler)
    I2C_SoftReset                            0x08004821   Thumb Code    30  app_env_collect.o(i.I2C_SoftReset)
    MX_DMA_Init                              0x08004a45   Thumb Code    56  dma.o(i.MX_DMA_Init)
    MX_GPIO_Init                             0x08004a81   Thumb Code   260  gpio.o(i.MX_GPIO_Init)
    MX_I2C2_Init                             0x08004b8d   Thumb Code    76  i2c.o(i.MX_I2C2_Init)
    MX_I2C3_Init                             0x08004be5   Thumb Code    76  i2c.o(i.MX_I2C3_Init)
    MX_RTC_Init                              0x08004c3d   Thumb Code    46  rtc.o(i.MX_RTC_Init)
    MX_USART1_UART_Init                      0x08004c75   Thumb Code    68  usart.o(i.MX_USART1_UART_Init)
    MX_USART2_UART_Init                      0x08004cc1   Thumb Code    70  usart.o(i.MX_USART2_UART_Init)
    MX_USART3_UART_Init                      0x08004d15   Thumb Code    52  usart.o(i.MX_USART3_UART_Init)
    MemManage_Handler                        0x08004d51   Thumb Code     2  stm32l4xx_it.o(i.MemManage_Handler)
    NMI_Handler                              0x08004d87   Thumb Code     2  stm32l4xx_it.o(i.NMI_Handler)
    PendSV_Handler                           0x08004d89   Thumb Code     2  stm32l4xx_it.o(i.PendSV_Handler)
    RTC_Bcd2ToByte                           0x08005229   Thumb Code    18  stm32l4xx_hal_rtc.o(i.RTC_Bcd2ToByte)
    RTC_ByteToBcd2                           0x0800523b   Thumb Code    24  stm32l4xx_hal_rtc.o(i.RTC_ByteToBcd2)
    RTC_EnterInitMode                        0x08005255   Thumb Code    70  stm32l4xx_hal_rtc.o(i.RTC_EnterInitMode)
    RTC_ExitInitMode                         0x0800529d   Thumb Code    82  stm32l4xx_hal_rtc.o(i.RTC_ExitInitMode)
    RTC_Print_Time                           0x080052f5   Thumb Code     4  rtc.o(i.RTC_Print_Time)
    RTC_Read_Time                            0x080052f9   Thumb Code    88  rtc.o(i.RTC_Read_Time)
    RTC_Set_Time                             0x08005359   Thumb Code   104  rtc.o(i.RTC_Set_Time)
    RTC_Update_From_GPS                      0x080053c5   Thumb Code   178  rtc.o(i.RTC_Update_From_GPS)
    SHT40AD1B_Init                           0x08005479   Thumb Code    60  app_sht40.o(i.SHT40AD1B_Init)
    SHT40AD1B_ReadData                       0x080054c9   Thumb Code   116  app_sht40.o(i.SHT40AD1B_ReadData)
    SVC_Handler                              0x08005551   Thumb Code     2  stm32l4xx_it.o(i.SVC_Handler)
    SysTick_Handler                          0x08005553   Thumb Code     4  stm32l4xx_it.o(i.SysTick_Handler)
    SystemClock_Config                       0x08005557   Thumb Code   110  main.o(i.SystemClock_Config)
    SystemInit                               0x080055c5   Thumb Code    12  system_stm32l4xx.o(i.SystemInit)
    System_StateMachine_Init                 0x080055d5   Thumb Code    66  system_state_machine.o(i.System_StateMachine_Init)
    System_StateMachine_MainTask             0x0800561d   Thumb Code   126  system_state_machine.o(i.System_StateMachine_MainTask)
    TIM6_DAC_IRQHandler                      0x080056c1   Thumb Code     6  stm32l4xx_it.o(i.TIM6_DAC_IRQHandler)
    UART_AdvFeatureConfig                    0x080056cd   Thumb Code   200  stm32l4xx_hal_uart.o(i.UART_AdvFeatureConfig)
    UART_CheckIdleState                      0x08005795   Thumb Code   168  stm32l4xx_hal_uart.o(i.UART_CheckIdleState)
    UART_SetConfig                           0x08005b95   Thumb Code   478  stm32l4xx_hal_uart.o(i.UART_SetConfig)
    UART_Start_Receive_DMA                   0x08005d95   Thumb Code   146  stm32l4xx_hal_uart.o(i.UART_Start_Receive_DMA)
    UART_Start_Receive_IT                    0x08005e35   Thumb Code   174  stm32l4xx_hal_uart.o(i.UART_Start_Receive_IT)
    UART_WaitOnFlagUntilTimeout              0x08005eed   Thumb Code   148  stm32l4xx_hal_uart.o(i.UART_WaitOnFlagUntilTimeout)
    USART1_IRQHandler                        0x08005f81   Thumb Code   108  usart.o(i.USART1_IRQHandler)
    USART2_IRQHandler                        0x08005ff5   Thumb Code     6  stm32l4xx_it.o(i.USART2_IRQHandler)
    USART3_IRQHandler                        0x08006001   Thumb Code     6  stm32l4xx_it.o(i.USART3_IRQHandler)
    UsageFault_Handler                       0x0800600d   Thumb Code     2  stm32l4xx_it.o(i.UsageFault_Handler)
    WindSpeedCollect_StateMachine            0x08006035   Thumb Code    72  system_state_machine.o(i.WindSpeedCollect_StateMachine)
    WindSpeed_GetData                        0x080060ad   Thumb Code    22  wind_speed.o(i.WindSpeed_GetData)
    WindSpeed_Init                           0x080060c9   Thumb Code    22  wind_speed.o(i.WindSpeed_Init)
    WindSpeed_ParseFrame                     0x080060ed   Thumb Code    98  wind_speed.o(i.WindSpeed_ParseFrame)
    WindSpeed_Query                          0x08006159   Thumb Code   110  wind_speed.o(i.WindSpeed_Query)
    __0printf                                0x080061d5   Thumb Code    22  printfa.o(i.__0printf)
    __1printf                                0x080061d5   Thumb Code     0  printfa.o(i.__0printf)
    __2printf                                0x080061d5   Thumb Code     0  printfa.o(i.__0printf)
    __c89printf                              0x080061d5   Thumb Code     0  printfa.o(i.__0printf)
    printf                                   0x080061d5   Thumb Code     0  printfa.o(i.__0printf)
    __hardfp_atof                            0x08006219   Thumb Code    44  atof.o(i.__hardfp_atof)
    __hardfp_sqrt                            0x08006251   Thumb Code   122  sqrt.o(i.__hardfp_sqrt)
    __read_errno                             0x080062cd   Thumb Code     6  errno.o(i.__read_errno)
    __scatterload_copy                       0x080062d9   Thumb Code    14  handlers.o(i.__scatterload_copy)
    __scatterload_null                       0x080062e7   Thumb Code     2  handlers.o(i.__scatterload_null)
    __scatterload_zeroinit                   0x080062e9   Thumb Code    14  handlers.o(i.__scatterload_zeroinit)
    __set_errno                              0x080062f9   Thumb Code     6  errno.o(i.__set_errno)
    _is_digit                                0x0800648f   Thumb Code    14  scanf_fp.o(i._is_digit)
    bmp5_get_iir_config                      0x08006ba9   Thumb Code    68  bmp5.o(i.bmp5_get_iir_config)
    bmp5_get_osr_odr_press_config            0x08006bed   Thumb Code    70  bmp5.o(i.bmp5_get_osr_odr_press_config)
    bmp5_get_power_mode                      0x08006c33   Thumb Code   168  bmp5.o(i.bmp5_get_power_mode)
    bmp5_get_regs                            0x08006cdb   Thumb Code    64  bmp5.o(i.bmp5_get_regs)
    bmp5_get_sensor_data                     0x08006d1d   Thumb Code   136  bmp5.o(i.bmp5_get_sensor_data)
    bmp5_set_iir_config                      0x08006db9   Thumb Code   156  bmp5.o(i.bmp5_set_iir_config)
    bmp5_set_osr_odr_press_config            0x08006e55   Thumb Code   110  bmp5.o(i.bmp5_set_osr_odr_press_config)
    bmp5_set_power_mode                      0x08006ec3   Thumb Code    86  bmp5.o(i.bmp5_set_power_mode)
    bmp5_set_regs                            0x08006f19   Thumb Code   108  bmp5.o(i.bmp5_set_regs)
    fputc                                    0x08006fc1   Thumb Code    20  usart.o(i.fputc)
    main                                     0x08006fd9   Thumb Code    50  main.o(i.main)
    sht40ad1b_data_get                       0x08007101   Thumb Code   214  sht40ad1b_reg.o(i.sht40ad1b_data_get)
    sht40ad1b_device_id_get                  0x080071f9   Thumb Code     8  sht40ad1b_reg.o(i.sht40ad1b_device_id_get)
    sht40ad1b_read_reg                       0x0800725d   Thumb Code    14  sht40ad1b_reg.o(i.sht40ad1b_read_reg)
    sht40ad1b_write_reg                      0x0800726b   Thumb Code    14  sht40ad1b_reg.o(i.sht40ad1b_write_reg)
    AHBPrescTable                            0x08007278   Data          16  system_stm32l4xx.o(.constdata)
    MSIRangeTable                            0x08007288   Data          48  system_stm32l4xx.o(.constdata)
    APBPrescTable                            0x080072b8   Data           8  system_stm32l4xx.o(.constdata)
    __ctype_categories                       0x080072c0   Data          64  ctype_c.o(.constdata)
    Region$$Table$$Base                      0x0800734c   Number         0  anon$$obj.o(Region$$Table)
    Region$$Table$$Limit                     0x0800736c   Number         0  anon$$obj.o(Region$$Table)
    gnss_rx_complete                         0x20000004   Data           1  usart.o(.data)
    gnss_frame_flag                          0x20000005   Data           1  usart.o(.data)
    gnss_rx_len                              0x20000006   Data           2  usart.o(.data)
    g_rtc_time                               0x20000008   Data           6  rtc.o(.data)
    g_sys_tick                               0x20000010   Data           4  tim.o(.data)
    uwTickFreq                               0x20000014   Data           1  stm32l4xx_hal.o(.data)
    uwTickPrio                               0x20000018   Data           4  stm32l4xx_hal.o(.data)
    uwTick                                   0x2000001c   Data           4  stm32l4xx_hal.o(.data)
    SystemCoreClock                          0x20000020   Data           4  system_stm32l4xx.o(.data)
    g_rx_len                                 0x2000002c   Data           1  wind_speed.o(.data)
    g_rx_complete                            0x2000002d   Data           1  wind_speed.o(.data)
    bmp580_data                              0x2000003c   Data           8  app_bmp580.o(.data)
    env_collect_complete                     0x2000004d   Data           1  system_state_machine.o(.data)
    gps_collect_complete                     0x2000004e   Data           1  system_state_machine.o(.data)
    gy95t_collect_complete                   0x2000004f   Data           1  system_state_machine.o(.data)
    wind_speed_collect_complete              0x20000050   Data           1  system_state_machine.o(.data)
    g_t117_temperature                       0x20000070   Data           4  system_state_machine.o(.data)
    final_temperature                        0x20000074   Data           4  system_state_machine.o(.data)
    g_wind_speed_data                        0x20000080   Data           8  system_state_machine.o(.data)
    __stdout                                 0x2000008c   Data           4  stdout.o(.data)
    hi2c2                                    0x20000094   Data          84  i2c.o(.bss)
    hi2c3                                    0x200000e8   Data          84  i2c.o(.bss)
    gnss_rx_buf                              0x2000013c   Data          80  usart.o(.bss)
    huart1                                   0x2000018c   Data         136  usart.o(.bss)
    huart2                                   0x20000214   Data         136  usart.o(.bss)
    huart3                                   0x2000029c   Data         136  usart.o(.bss)
    hdma_usart3_rx                           0x20000324   Data          72  usart.o(.bss)
    hdma_usart3_tx                           0x2000036c   Data          72  usart.o(.bss)
    hrtc                                     0x200003b4   Data          36  rtc.o(.bss)
    htim6                                    0x200003d8   Data          76  tim.o(.bss)
    g_gps_data                               0x20001800   Data          44  gps.o(.bss)
    g_rx_buf                                 0x20001840   Data          32  wind_speed.o(.bss)
    bmp580_dev                               0x20001860   Data          24  app_bmp580.o(.bss)
    gy95t_data                               0x20001878   Data          84  gy95t.o(.bss)
    g_gy95t_data                             0x200018d0   Data          72  system_state_machine.o(.bss)
    g_simple_gps_data                        0x20001918   Data          40  system_state_machine.o(.bss)
    __initial_sp                             0x20001f38   Data           0  startup_stm32l431xx.o(STACK)



==============================================================================

Memory Map of the image

  Image Entry point : 0x0800018d

  Load Region LR_IROM1 (Base: 0x08000000, Size: 0x00007400, Max: 0x00040000, ABSOLUTE)

    Execution Region ER_IROM1 (Exec base: 0x08000000, Load base: 0x08000000, Size: 0x0000736c, Max: 0x00040000, ABSOLUTE)

    Exec Addr    Load Addr    Size         Type   Attr      Idx    E Section Name        Object

    0x08000000   0x08000000   0x0000018c   Data   RO            3    RESET               startup_stm32l431xx.o
    0x0800018c   0x0800018c   0x00000000   Code   RO         5742  * .ARM.Collect$$$$00000000  mc_w.l(entry.o)
    0x0800018c   0x0800018c   0x00000004   Code   RO         6042    .ARM.Collect$$$$00000001  mc_w.l(entry2.o)
    0x08000190   0x08000190   0x00000004   Code   RO         6045    .ARM.Collect$$$$00000004  mc_w.l(entry5.o)
    0x08000194   0x08000194   0x00000000   Code   RO         6047    .ARM.Collect$$$$00000008  mc_w.l(entry7b.o)
    0x08000194   0x08000194   0x00000000   Code   RO         6049    .ARM.Collect$$$$0000000A  mc_w.l(entry8b.o)
    0x08000194   0x08000194   0x00000008   Code   RO         6050    .ARM.Collect$$$$0000000B  mc_w.l(entry9a.o)
    0x0800019c   0x0800019c   0x00000004   Code   RO         6057    .ARM.Collect$$$$0000000E  mc_w.l(entry12b.o)
    0x080001a0   0x080001a0   0x00000000   Code   RO         6052    .ARM.Collect$$$$0000000F  mc_w.l(entry10a.o)
    0x080001a0   0x080001a0   0x00000000   Code   RO         6054    .ARM.Collect$$$$00000011  mc_w.l(entry11a.o)
    0x080001a0   0x080001a0   0x00000004   Code   RO         6043    .ARM.Collect$$$$00002712  mc_w.l(entry2.o)
    0x080001a4   0x080001a4   0x00000024   Code   RO            4    .text               startup_stm32l431xx.o
    0x080001c8   0x080001c8   0x00000068   Code   RO         5745    .text               mc_w.l(uldiv.o)
    0x08000230   0x08000230   0x00000024   Code   RO         5747    .text               mc_w.l(memcpya.o)
    0x08000254   0x08000254   0x00000024   Code   RO         5749    .text               mc_w.l(memseta.o)
    0x08000278   0x08000278   0x00000024   Code   RO         5751    .text               mc_w.l(strstr.o)
    0x0800029c   0x0800029c   0x00000018   Code   RO         5753    .text               mc_w.l(strncpy.o)
    0x080002b4   0x080002b4   0x0000000e   Code   RO         5755    .text               mc_w.l(strlen.o)
    0x080002c2   0x080002c2   0x00000002   PAD
    0x080002c4   0x080002c4   0x00000044   Code   RO         5759    .text               mc_w.l(strtok.o)
    0x08000308   0x08000308   0x0000015e   Code   RO         6028    .text               mf_w.l(dadd.o)
    0x08000466   0x08000466   0x000000ea   Code   RO         6030    .text               mf_w.l(dmul.o)
    0x08000550   0x08000550   0x00000022   Code   RO         6032    .text               mf_w.l(dflti.o)
    0x08000572   0x08000572   0x0000001a   Code   RO         6034    .text               mf_w.l(dfltui.o)
    0x0800058c   0x0800058c   0x00000026   Code   RO         6038    .text               mf_w.l(f2d.o)
    0x080005b2   0x080005b2   0x00000038   Code   RO         6040    .text               mf_w.l(d2f.o)
    0x080005ea   0x080005ea   0x0000002c   Code   RO         6059    .text               mc_w.l(uidiv.o)
    0x08000616   0x08000616   0x0000001e   Code   RO         6061    .text               mc_w.l(llshl.o)
    0x08000634   0x08000634   0x00000020   Code   RO         6063    .text               mc_w.l(llushr.o)
    0x08000654   0x08000654   0x00000024   Code   RO         6065    .text               mc_w.l(llsshr.o)
    0x08000678   0x08000678   0x0000009c   Code   RO         6074    .text               mc_w.l(strtod.o)
    0x08000714   0x08000714   0x00000000   Code   RO         6076    .text               mc_w.l(iusefp.o)
    0x08000714   0x08000714   0x0000006e   Code   RO         6077    .text               mf_w.l(fepilogue.o)
    0x08000782   0x08000782   0x000000ba   Code   RO         6079    .text               mf_w.l(depilogue.o)
    0x0800083c   0x0800083c   0x000000de   Code   RO         6081    .text               mf_w.l(ddiv.o)
    0x0800091a   0x0800091a   0x000000a2   Code   RO         6083    .text               mf_w.l(dsqrt.o)
    0x080009bc   0x080009bc   0x00000030   Code   RO         6087    .text               mf_w.l(dfixul.o)
    0x080009ec   0x080009ec   0x00000030   Code   RO         6091    .text               mf_w.l(cdrcmple.o)
    0x08000a1c   0x08000a1c   0x00000024   Code   RO         6093    .text               mc_w.l(init.o)
    0x08000a40   0x08000a40   0x0000000a   Code   RO         6095    .text               mc_w.l(isspace_c.o)
    0x08000a4a   0x08000a4a   0x00000002   PAD
    0x08000a4c   0x08000a4c   0x00000366   Code   RO         6097    .text               mc_w.l(scanf_fp.o)
    0x08000db2   0x08000db2   0x00000040   Code   RO         6101    .text               mc_w.l(_sgetc.o)
    0x08000df2   0x08000df2   0x00000002   PAD
    0x08000df4   0x08000df4   0x00000028   Code   RO         6103    .text               mc_w.l(ctype_c.o)
    0x08000e1c   0x08000e1c   0x00000018   Code   RO         6106    .text               mf_w.l(dfltul.o)
    0x08000e34   0x08000e34   0x00000064   Code   RO         5337    i.APP_BMP580_Config  app_bmp580.o
    0x08000e98   0x08000e98   0x00000046   Code   RO         5338    i.APP_BMP580_GetData  app_bmp580.o
    0x08000ede   0x08000ede   0x00000002   PAD
    0x08000ee0   0x08000ee0   0x0000002c   Code   RO         5339    i.APP_BMP580_Init   app_bmp580.o
    0x08000f0c   0x08000f0c   0x0000001c   Code   RO         5409    i.APP_T117_Init     app_t117.o
    0x08000f28   0x08000f28   0x000000b0   Code   RO         5410    i.APP_T117_ReadTemperature  app_t117.o
    0x08000fd8   0x08000fd8   0x00000014   Code   RO         5448    i.App_E22_Init      app_e22.o
    0x08000fec   0x08000fec   0x00000066   Code   RO         5450    i.App_E22_Send_Protocol_Array  app_e22.o
    0x08001052   0x08001052   0x00000002   PAD
    0x08001054   0x08001054   0x00000028   Code   RO         5341    i.BMP580_DelayUs    app_bmp580.o
    0x0800107c   0x0800107c   0x00000024   Code   RO         5342    i.BMP580_I2C_Read   app_bmp580.o
    0x080010a0   0x080010a0   0x00000024   Code   RO         5343    i.BMP580_I2C_Write  app_bmp580.o
    0x080010c4   0x080010c4   0x00000098   Code   RO         5344    i.BMP580_Init       app_bmp580.o
    0x0800115c   0x0800115c   0x00000006   Code   RO         4960    i.BSP_T117_GetStatus  bsp_t117.o
    0x08001162   0x08001162   0x00000002   PAD
    0x08001164   0x08001164   0x000000a0   Code   RO         4961    i.BSP_T117_GetTemperature  bsp_t117.o
    0x08001204   0x08001204   0x0000005e   Code   RO         4962    i.BSP_T117_Init     bsp_t117.o
    0x08001262   0x08001262   0x00000032   Code   RO         4963    i.BSP_T117_ReadReg  bsp_t117.o
    0x08001294   0x08001294   0x00000032   Code   RO         4964    i.BSP_T117_SetAveraging  bsp_t117.o
    0x080012c6   0x080012c6   0x00000006   Code   RO         4965    i.BSP_T117_SetConvMode  bsp_t117.o
    0x080012cc   0x080012cc   0x00000032   Code   RO         4967    i.BSP_T117_SetPDMode  bsp_t117.o
    0x080012fe   0x080012fe   0x00000008   Code   RO         4968    i.BSP_T117_SoftReset  bsp_t117.o
    0x08001306   0x08001306   0x00000022   Code   RO         4970    i.BSP_T117_WriteReg  bsp_t117.o
    0x08001328   0x08001328   0x00000002   Code   RO          401    i.BusFault_Handler  stm32l4xx_it.o
    0x0800132a   0x0800132a   0x00000002   PAD
    0x0800132c   0x0800132c   0x0000000c   Code   RO          402    i.DMA1_Channel2_IRQHandler  stm32l4xx_it.o
    0x08001338   0x08001338   0x0000000c   Code   RO          403    i.DMA1_Channel3_IRQHandler  stm32l4xx_it.o
    0x08001344   0x08001344   0x0000002e   Code   RO         1990    i.DMA_SetConfig     stm32l4xx_hal_dma.o
    0x08001372   0x08001372   0x00000002   Code   RO          404    i.DebugMon_Handler  stm32l4xx_it.o
    0x08001374   0x08001374   0x00000010   Code   RO         5041    i.E22_Init          e22.o
    0x08001384   0x08001384   0x00000050   Code   RO         5042    i.E22_Mode          e22.o
    0x080013d4   0x080013d4   0x0000003c   Code   RO         5045    i.E22_Send          e22.o
    0x08001410   0x08001410   0x00000024   Code   RO         5047    i.E22_StartReceive  e22.o
    0x08001434   0x08001434   0x00000088   Code   RO          249    i.EXTI9_5_IRQHandler  gpio.o
    0x080014bc   0x080014bc   0x00000198   Code   RO         5656    i.EnvCollect_StateMachine  system_state_machine.o
    0x08001654   0x08001654   0x00000040   Code   RO         5585    i.EnvSensor_Init    app_env_collect.o
    0x08001694   0x08001694   0x00000004   Code   RO           13    i.Error_Handler     main.o
    0x08001698   0x08001698   0x000002bc   Code   RO         5657    i.GPSCollect_StateMachine  system_state_machine.o
    0x08001954   0x08001954   0x00000018   Code   RO         5131    i.GPS_Clear_Data    gps.o
    0x0800196c   0x0800196c   0x00000004   Code   RO         5134    i.GPS_Init          gps.o
    0x08001970   0x08001970   0x00000074   Code   RO         5135    i.GPS_NMEA_To_Decimal  gps.o
    0x080019e4   0x080019e4   0x00000110   Code   RO         5136    i.GPS_Parse_RMC     gps.o
    0x08001af4   0x08001af4   0x0000010c   Code   RO         5658    i.GY95TCollect_StateMachine  system_state_machine.o
    0x08001c00   0x08001c00   0x0000005e   Code   RO         5502    i.GY95T_AutoCalibrate  gy95t.o
    0x08001c5e   0x08001c5e   0x0000001c   Code   RO         5503    i.GY95T_Calibrate   gy95t.o
    0x08001c7a   0x08001c7a   0x00000002   PAD
    0x08001c7c   0x08001c7c   0x00000100   Code   RO         5504    i.GY95T_ConvertData  gy95t.o
    0x08001d7c   0x08001d7c   0x00000050   Code   RO         5505    i.GY95T_Drone_Init  gy95t.o
    0x08001dcc   0x08001dcc   0x0000001c   Code   RO         5506    i.GY95T_Init        gy95t.o
    0x08001de8   0x08001de8   0x000000a8   Code   RO         5507    i.GY95T_NormalizeQuaternion  gy95t.o
    0x08001e90   0x08001e90   0x00000104   Code   RO         5508    i.GY95T_ReadData    gy95t.o
    0x08001f94   0x08001f94   0x00000020   Code   RO         5510    i.GY95T_SetRange    gy95t.o
    0x08001fb4   0x08001fb4   0x00000024   Code   RO         5511    i.GY95T_WriteReg    gy95t.o
    0x08001fd8   0x08001fd8   0x0000004c   Code   RO         1991    i.HAL_DMA_Abort     stm32l4xx_hal_dma.o
    0x08002024   0x08002024   0x0000004e   Code   RO         1992    i.HAL_DMA_Abort_IT  stm32l4xx_hal_dma.o
    0x08002072   0x08002072   0x00000002   PAD
    0x08002074   0x08002074   0x000000d4   Code   RO         1996    i.HAL_DMA_IRQHandler  stm32l4xx_hal_dma.o
    0x08002148   0x08002148   0x000000c4   Code   RO         1997    i.HAL_DMA_Init      stm32l4xx_hal_dma.o
    0x0800220c   0x0800220c   0x00000074   Code   RO         2001    i.HAL_DMA_Start_IT  stm32l4xx_hal_dma.o
    0x08002280   0x08002280   0x00000024   Code   RO         1204    i.HAL_Delay         stm32l4xx_hal.o
    0x080022a4   0x080022a4   0x00000142   Code   RO         1924    i.HAL_GPIO_DeInit   stm32l4xx_hal_gpio.o
    0x080023e6   0x080023e6   0x00000002   PAD
    0x080023e8   0x080023e8   0x000001d6   Code   RO         1927    i.HAL_GPIO_Init     stm32l4xx_hal_gpio.o
    0x080025be   0x080025be   0x0000000a   Code   RO         1929    i.HAL_GPIO_ReadPin  stm32l4xx_hal_gpio.o
    0x080025c8   0x080025c8   0x0000000a   Code   RO         1931    i.HAL_GPIO_WritePin  stm32l4xx_hal_gpio.o
    0x080025d2   0x080025d2   0x00000002   PAD
    0x080025d4   0x080025d4   0x0000000c   Code   RO         1208    i.HAL_GetTick       stm32l4xx_hal.o
    0x080025e0   0x080025e0   0x00000056   Code   RO         1143    i.HAL_I2CEx_ConfigAnalogFilter  stm32l4xx_hal_i2c_ex.o
    0x08002636   0x08002636   0x00000052   Code   RO         1144    i.HAL_I2CEx_ConfigDigitalFilter  stm32l4xx_hal_i2c_ex.o
    0x08002688   0x08002688   0x00000032   Code   RO          673    i.HAL_I2C_DeInit    stm32l4xx_hal_i2c.o
    0x080026ba   0x080026ba   0x00000002   PAD
    0x080026bc   0x080026bc   0x000000bc   Code   RO          682    i.HAL_I2C_Init      stm32l4xx_hal_i2c.o
    0x08002778   0x08002778   0x0000012a   Code   RO          688    i.HAL_I2C_Master_Receive  stm32l4xx_hal_i2c.o
    0x080028a2   0x080028a2   0x00000002   PAD
    0x080028a4   0x080028a4   0x00000152   Code   RO          695    i.HAL_I2C_Master_Transmit  stm32l4xx_hal_i2c.o
    0x080029f6   0x080029f6   0x00000002   PAD
    0x080029f8   0x080029f8   0x0000016a   Code   RO          700    i.HAL_I2C_Mem_Read  stm32l4xx_hal_i2c.o
    0x08002b62   0x08002b62   0x00000002   PAD
    0x08002b64   0x08002b64   0x0000015e   Code   RO          703    i.HAL_I2C_Mem_Write  stm32l4xx_hal_i2c.o
    0x08002cc2   0x08002cc2   0x00000002   PAD
    0x08002cc4   0x08002cc4   0x0000005c   Code   RO          280    i.HAL_I2C_MspDeInit  i2c.o
    0x08002d20   0x08002d20   0x0000010e   Code   RO          281    i.HAL_I2C_MspInit   i2c.o
    0x08002e2e   0x08002e2e   0x00000002   PAD
    0x08002e30   0x08002e30   0x00000010   Code   RO         1214    i.HAL_IncTick       stm32l4xx_hal.o
    0x08002e40   0x08002e40   0x0000001e   Code   RO         1215    i.HAL_Init          stm32l4xx_hal.o
    0x08002e5e   0x08002e5e   0x00000002   PAD
    0x08002e60   0x08002e60   0x00000044   Code   RO         1216    i.HAL_InitTick      stm32l4xx_hal.o
    0x08002ea4   0x08002ea4   0x0000002c   Code   RO          507    i.HAL_MspInit       stm32l4xx_hal_msp.o
    0x08002ed0   0x08002ed0   0x0000001a   Code   RO         2416    i.HAL_NVIC_EnableIRQ  stm32l4xx_hal_cortex.o
    0x08002eea   0x08002eea   0x00000002   PAD
    0x08002eec   0x08002eec   0x00000040   Code   RO         2422    i.HAL_NVIC_SetPriority  stm32l4xx_hal_cortex.o
    0x08002f2c   0x08002f2c   0x00000024   Code   RO         2423    i.HAL_NVIC_SetPriorityGrouping  stm32l4xx_hal_cortex.o
    0x08002f50   0x08002f50   0x00000068   Code   RO         2218    i.HAL_PWREx_ControlVoltageScaling  stm32l4xx_hal_pwr_ex.o
    0x08002fb8   0x08002fb8   0x00000010   Code   RO         2241    i.HAL_PWREx_GetVoltageRange  stm32l4xx_hal_pwr_ex.o
    0x08002fc8   0x08002fc8   0x000002ba   Code   RO         1560    i.HAL_RCCEx_PeriphCLKConfig  stm32l4xx_hal_rcc_ex.o
    0x08003282   0x08003282   0x00000002   PAD
    0x08003284   0x08003284   0x00000144   Code   RO         1432    i.HAL_RCC_ClockConfig  stm32l4xx_hal_rcc.o
    0x080033c8   0x080033c8   0x00000024   Code   RO         1438    i.HAL_RCC_GetPCLK1Freq  stm32l4xx_hal_rcc.o
    0x080033ec   0x080033ec   0x00000024   Code   RO         1439    i.HAL_RCC_GetPCLK2Freq  stm32l4xx_hal_rcc.o
    0x08003410   0x08003410   0x000000a4   Code   RO         1441    i.HAL_RCC_GetSysClockFreq  stm32l4xx_hal_rcc.o
    0x080034b4   0x080034b4   0x00000560   Code   RO         1444    i.HAL_RCC_OscConfig  stm32l4xx_hal_rcc.o
    0x08003a14   0x08003a14   0x00000044   Code   RO         3120    i.HAL_RTC_GetDate   stm32l4xx_hal_rtc.o
    0x08003a58   0x08003a58   0x00000054   Code   RO         3122    i.HAL_RTC_GetTime   stm32l4xx_hal_rtc.o
    0x08003aac   0x08003aac   0x000000b0   Code   RO         3123    i.HAL_RTC_Init      stm32l4xx_hal_rtc.o
    0x08003b5c   0x08003b5c   0x00000044   Code   RO          556    i.HAL_RTC_MspInit   rtc.o
    0x08003ba0   0x08003ba0   0x000000a0   Code   RO         3129    i.HAL_RTC_SetDate   stm32l4xx_hal_rtc.o
    0x08003c40   0x08003c40   0x000000cc   Code   RO         3130    i.HAL_RTC_SetTime   stm32l4xx_hal_rtc.o
    0x08003d0c   0x08003d0c   0x00000038   Code   RO         3131    i.HAL_RTC_WaitForSynchro  stm32l4xx_hal_rtc.o
    0x08003d44   0x08003d44   0x00000028   Code   RO         2427    i.HAL_SYSTICK_Config  stm32l4xx_hal_cortex.o
    0x08003d6c   0x08003d6c   0x00000002   Code   RO         4238    i.HAL_TIMEx_Break2Callback  stm32l4xx_hal_tim_ex.o
    0x08003d6e   0x08003d6e   0x00000002   Code   RO         4239    i.HAL_TIMEx_BreakCallback  stm32l4xx_hal_tim_ex.o
    0x08003d70   0x08003d70   0x00000002   Code   RO         4240    i.HAL_TIMEx_CommutCallback  stm32l4xx_hal_tim_ex.o
    0x08003d72   0x08003d72   0x00000002   Code   RO         3558    i.HAL_TIM_IC_CaptureCallback  stm32l4xx_hal_tim.o
    0x08003d74   0x08003d74   0x0000014a   Code   RO         3572    i.HAL_TIM_IRQHandler  stm32l4xx_hal_tim.o
    0x08003ebe   0x08003ebe   0x00000002   Code   RO         3575    i.HAL_TIM_OC_DelayElapsedCallback  stm32l4xx_hal_tim.o
    0x08003ec0   0x08003ec0   0x00000002   Code   RO         3602    i.HAL_TIM_PWM_PulseFinishedCallback  stm32l4xx_hal_tim.o
    0x08003ec2   0x08003ec2   0x00000002   PAD
    0x08003ec4   0x08003ec4   0x0000001c   Code   RO          624    i.HAL_TIM_PeriodElapsedCallback  tim.o
    0x08003ee0   0x08003ee0   0x00000002   Code   RO         3615    i.HAL_TIM_TriggerCallback  stm32l4xx_hal_tim.o
    0x08003ee2   0x08003ee2   0x0000004a   Code   RO         3028    i.HAL_UARTEx_ReceiveToIdle_DMA  stm32l4xx_hal_uart_ex.o
    0x08003f2c   0x08003f2c   0x00000044   Code   RO         5050    i.HAL_UARTEx_RxEventCallback  e22.o
    0x08003f70   0x08003f70   0x00000002   Code   RO         3031    i.HAL_UARTEx_WakeupCallback  stm32l4xx_hal_uart_ex.o
    0x08003f72   0x08003f72   0x00000002   Code   RO         2653    i.HAL_UART_ErrorCallback  stm32l4xx_hal_uart.o
    0x08003f74   0x08003f74   0x000002c8   Code   RO         2656    i.HAL_UART_IRQHandler  stm32l4xx_hal_uart.o
    0x0800423c   0x0800423c   0x00000066   Code   RO         2657    i.HAL_UART_Init     stm32l4xx_hal_uart.o
    0x080042a2   0x080042a2   0x00000002   PAD
    0x080042a4   0x080042a4   0x000001c0   Code   RO          329    i.HAL_UART_MspInit  usart.o
    0x08004464   0x08004464   0x00000048   Code   RO         2662    i.HAL_UART_Receive_IT  stm32l4xx_hal_uart.o
    0x080044ac   0x080044ac   0x00000034   Code   RO         5271    i.HAL_UART_RxCpltCallback  wind_speed.o
    0x080044e0   0x080044e0   0x00000002   Code   RO         2665    i.HAL_UART_RxHalfCpltCallback  stm32l4xx_hal_uart.o
    0x080044e2   0x080044e2   0x00000002   PAD
    0x080044e4   0x080044e4   0x000000b2   Code   RO         2666    i.HAL_UART_Transmit  stm32l4xx_hal_uart.o
    0x08004596   0x08004596   0x00000002   PAD
    0x08004598   0x08004598   0x0000008c   Code   RO         2667    i.HAL_UART_Transmit_DMA  stm32l4xx_hal_uart.o
    0x08004624   0x08004624   0x00000002   Code   RO         2669    i.HAL_UART_TxCpltCallback  stm32l4xx_hal_uart.o
    0x08004626   0x08004626   0x00000002   Code   RO         2670    i.HAL_UART_TxHalfCpltCallback  stm32l4xx_hal_uart.o
    0x08004628   0x08004628   0x00000002   Code   RO          405    i.HardFault_Handler  stm32l4xx_it.o
    0x0800462a   0x0800462a   0x00000022   Code   RO          729    i.I2C_Flush_TXDR    stm32l4xx_hal_i2c.o
    0x0800464c   0x0800464c   0x0000010c   Code   RO          737    i.I2C_IsErrorOccurred  stm32l4xx_hal_i2c.o
    0x08004758   0x08004758   0x00000064   Code   RO          742    i.I2C_RequestMemoryRead  stm32l4xx_hal_i2c.o
    0x080047bc   0x080047bc   0x00000064   Code   RO          743    i.I2C_RequestMemoryWrite  stm32l4xx_hal_i2c.o
    0x08004820   0x08004820   0x0000001e   Code   RO         5587    i.I2C_SoftReset     app_env_collect.o
    0x0800483e   0x0800483e   0x00000002   PAD
    0x08004840   0x08004840   0x00000030   Code   RO          746    i.I2C_TransferConfig  stm32l4xx_hal_i2c.o
    0x08004870   0x08004870   0x0000007a   Code   RO          748    i.I2C_WaitOnFlagUntilTimeout  stm32l4xx_hal_i2c.o
    0x080048ea   0x080048ea   0x00000002   PAD
    0x080048ec   0x080048ec   0x000000a8   Code   RO          749    i.I2C_WaitOnRXNEFlagUntilTimeout  stm32l4xx_hal_i2c.o
    0x08004994   0x08004994   0x00000056   Code   RO          750    i.I2C_WaitOnSTOPFlagUntilTimeout  stm32l4xx_hal_i2c.o
    0x080049ea   0x080049ea   0x0000005a   Code   RO          751    i.I2C_WaitOnTXISFlagUntilTimeout  stm32l4xx_hal_i2c.o
    0x08004a44   0x08004a44   0x0000003c   Code   RO          531    i.MX_DMA_Init       dma.o
    0x08004a80   0x08004a80   0x0000010c   Code   RO          250    i.MX_GPIO_Init      gpio.o
    0x08004b8c   0x08004b8c   0x00000058   Code   RO          282    i.MX_I2C2_Init      i2c.o
    0x08004be4   0x08004be4   0x00000058   Code   RO          283    i.MX_I2C3_Init      i2c.o
    0x08004c3c   0x08004c3c   0x00000038   Code   RO          557    i.MX_RTC_Init       rtc.o
    0x08004c74   0x08004c74   0x0000004c   Code   RO          330    i.MX_USART1_UART_Init  usart.o
    0x08004cc0   0x08004cc0   0x00000054   Code   RO          331    i.MX_USART2_UART_Init  usart.o
    0x08004d14   0x08004d14   0x0000003c   Code   RO          332    i.MX_USART3_UART_Init  usart.o
    0x08004d50   0x08004d50   0x00000002   Code   RO          406    i.MemManage_Handler  stm32l4xx_it.o
    0x08004d52   0x08004d52   0x00000034   Code   RO         5272    i.Modbus_CRC16      wind_speed.o
    0x08004d86   0x08004d86   0x00000002   Code   RO          407    i.NMI_Handler       stm32l4xx_it.o
    0x08004d88   0x08004d88   0x00000002   Code   RO          408    i.PendSV_Handler    stm32l4xx_it.o
    0x08004d8a   0x08004d8a   0x00000002   PAD
    0x08004d8c   0x08004d8c   0x000002f4   Code   RO         5659    i.Protocol_PackFrame  system_state_machine.o
    0x08005080   0x08005080   0x0000012c   Code   RO         1564    i.RCCEx_PLLSAI1_Config  stm32l4xx_hal_rcc_ex.o
    0x080051ac   0x080051ac   0x0000007c   Code   RO         1445    i.RCC_SetFlashLatencyFromMSIRange  stm32l4xx_hal_rcc.o
    0x08005228   0x08005228   0x00000012   Code   RO         3132    i.RTC_Bcd2ToByte    stm32l4xx_hal_rtc.o
    0x0800523a   0x0800523a   0x00000018   Code   RO         3133    i.RTC_ByteToBcd2    stm32l4xx_hal_rtc.o
    0x08005252   0x08005252   0x00000002   PAD
    0x08005254   0x08005254   0x00000046   Code   RO         3134    i.RTC_EnterInitMode  stm32l4xx_hal_rtc.o
    0x0800529a   0x0800529a   0x00000002   PAD
    0x0800529c   0x0800529c   0x00000058   Code   RO         3135    i.RTC_ExitInitMode  stm32l4xx_hal_rtc.o
    0x080052f4   0x080052f4   0x00000004   Code   RO          558    i.RTC_Print_Time    rtc.o
    0x080052f8   0x080052f8   0x00000060   Code   RO          559    i.RTC_Read_Time     rtc.o
    0x08005358   0x08005358   0x0000006c   Code   RO          560    i.RTC_Set_Time      rtc.o
    0x080053c4   0x080053c4   0x000000b2   Code   RO          561    i.RTC_Update_From_GPS  rtc.o
    0x08005476   0x08005476   0x00000002   PAD
    0x08005478   0x08005478   0x00000050   Code   RO         5214    i.SHT40AD1B_Init    app_sht40.o
    0x080054c8   0x080054c8   0x00000088   Code   RO         5215    i.SHT40AD1B_ReadData  app_sht40.o
    0x08005550   0x08005550   0x00000002   Code   RO          409    i.SVC_Handler       stm32l4xx_it.o
    0x08005552   0x08005552   0x00000004   Code   RO          410    i.SysTick_Handler   stm32l4xx_it.o
    0x08005556   0x08005556   0x0000006e   Code   RO           14    i.SystemClock_Config  main.o
    0x080055c4   0x080055c4   0x00000010   Code   RO         4524    i.SystemInit        system_stm32l4xx.o
    0x080055d4   0x080055d4   0x00000048   Code   RO         5660    i.System_StateMachine_Init  system_state_machine.o
    0x0800561c   0x0800561c   0x000000a4   Code   RO         5661    i.System_StateMachine_MainTask  system_state_machine.o
    0x080056c0   0x080056c0   0x0000000c   Code   RO          411    i.TIM6_DAC_IRQHandler  stm32l4xx_it.o
    0x080056cc   0x080056cc   0x000000c8   Code   RO         2671    i.UART_AdvFeatureConfig  stm32l4xx_hal_uart.o
    0x08005794   0x08005794   0x000000a8   Code   RO         2672    i.UART_CheckIdleState  stm32l4xx_hal_uart.o
    0x0800583c   0x0800583c   0x0000000a   Code   RO         2673    i.UART_DMAAbortOnError  stm32l4xx_hal_uart.o
    0x08005846   0x08005846   0x00000042   Code   RO         2674    i.UART_DMAError     stm32l4xx_hal_uart.o
    0x08005888   0x08005888   0x00000096   Code   RO         2675    i.UART_DMAReceiveCplt  stm32l4xx_hal_uart.o
    0x0800591e   0x0800591e   0x0000003c   Code   RO         2677    i.UART_DMARxHalfCplt  stm32l4xx_hal_uart.o
    0x0800595a   0x0800595a   0x0000003c   Code   RO         2679    i.UART_DMATransmitCplt  stm32l4xx_hal_uart.o
    0x08005996   0x08005996   0x0000000a   Code   RO         2681    i.UART_DMATxHalfCplt  stm32l4xx_hal_uart.o
    0x080059a0   0x080059a0   0x0000004c   Code   RO         2683    i.UART_EndRxTransfer  stm32l4xx_hal_uart.o
    0x080059ec   0x080059ec   0x00000018   Code   RO         2684    i.UART_EndTxTransfer  stm32l4xx_hal_uart.o
    0x08005a04   0x08005a04   0x000000c8   Code   RO         2685    i.UART_RxISR_16BIT  stm32l4xx_hal_uart.o
    0x08005acc   0x08005acc   0x000000c8   Code   RO         2686    i.UART_RxISR_8BIT   stm32l4xx_hal_uart.o
    0x08005b94   0x08005b94   0x00000200   Code   RO         2687    i.UART_SetConfig    stm32l4xx_hal_uart.o
    0x08005d94   0x08005d94   0x000000a0   Code   RO         2688    i.UART_Start_Receive_DMA  stm32l4xx_hal_uart.o
    0x08005e34   0x08005e34   0x000000b8   Code   RO         2689    i.UART_Start_Receive_IT  stm32l4xx_hal_uart.o
    0x08005eec   0x08005eec   0x00000094   Code   RO         2692    i.UART_WaitOnFlagUntilTimeout  stm32l4xx_hal_uart.o
    0x08005f80   0x08005f80   0x00000074   Code   RO          333    i.USART1_IRQHandler  usart.o
    0x08005ff4   0x08005ff4   0x0000000c   Code   RO          412    i.USART2_IRQHandler  stm32l4xx_it.o
    0x08006000   0x08006000   0x0000000c   Code   RO          413    i.USART3_IRQHandler  stm32l4xx_it.o
    0x0800600c   0x0800600c   0x00000002   Code   RO          414    i.UsageFault_Handler  stm32l4xx_it.o
    0x0800600e   0x0800600e   0x00000002   PAD
    0x08006010   0x08006010   0x00000024   Code   RO         5051    i.Wait_For_E22      e22.o
    0x08006034   0x08006034   0x00000078   Code   RO         5662    i.WindSpeedCollect_StateMachine  system_state_machine.o
    0x080060ac   0x080060ac   0x0000001c   Code   RO         5274    i.WindSpeed_GetData  wind_speed.o
    0x080060c8   0x080060c8   0x00000024   Code   RO         5275    i.WindSpeed_Init    wind_speed.o
    0x080060ec   0x080060ec   0x0000006c   Code   RO         5276    i.WindSpeed_ParseFrame  wind_speed.o
    0x08006158   0x08006158   0x0000007c   Code   RO         5277    i.WindSpeed_Query   wind_speed.o
    0x080061d4   0x080061d4   0x00000020   Code   RO         6000    i.__0printf         mc_w.l(printfa.o)
    0x080061f4   0x080061f4   0x00000020   Code   RO         2429    i.__NVIC_SetPriority  stm32l4xx_hal_cortex.o
    0x08006214   0x08006214   0x00000004   PAD
    0x08006218   0x08006218   0x00000038   Code   RO         5720    i.__hardfp_atof     m_wm.l(atof.o)
    0x08006250   0x08006250   0x0000007a   Code   RO         5730    i.__hardfp_sqrt     m_wm.l(sqrt.o)
    0x080062ca   0x080062ca   0x00000002   PAD
    0x080062cc   0x080062cc   0x0000000c   Code   RO         6068    i.__read_errno      mc_w.l(errno.o)
    0x080062d8   0x080062d8   0x0000000e   Code   RO         6110    i.__scatterload_copy  mc_w.l(handlers.o)
    0x080062e6   0x080062e6   0x00000002   Code   RO         6111    i.__scatterload_null  mc_w.l(handlers.o)
    0x080062e8   0x080062e8   0x0000000e   Code   RO         6112    i.__scatterload_zeroinit  mc_w.l(handlers.o)
    0x080062f6   0x080062f6   0x00000002   PAD
    0x080062f8   0x080062f8   0x0000000c   Code   RO         6069    i.__set_errno       mc_w.l(errno.o)
    0x08006304   0x08006304   0x0000018a   Code   RO         6007    i._fp_digits        mc_w.l(printfa.o)
    0x0800648e   0x0800648e   0x0000000e   Code   RO         6099    i._is_digit         mc_w.l(scanf_fp.o)
    0x0800649c   0x0800649c   0x000006ba   Code   RO         6008    i._printf_core      mc_w.l(printfa.o)
    0x08006b56   0x08006b56   0x00000024   Code   RO         6009    i._printf_post_padding  mc_w.l(printfa.o)
    0x08006b7a   0x08006b7a   0x0000002e   Code   RO         6010    i._printf_pre_padding  mc_w.l(printfa.o)
    0x08006ba8   0x08006ba8   0x00000044   Code   RO         4767    i.bmp5_get_iir_config  bmp5.o
    0x08006bec   0x08006bec   0x00000046   Code   RO         4771    i.bmp5_get_osr_odr_press_config  bmp5.o
    0x08006c32   0x08006c32   0x000000a8   Code   RO         4772    i.bmp5_get_power_mode  bmp5.o
    0x08006cda   0x08006cda   0x00000040   Code   RO         4773    i.bmp5_get_regs     bmp5.o
    0x08006d1a   0x08006d1a   0x00000002   PAD
    0x08006d1c   0x08006d1c   0x0000009c   Code   RO         4774    i.bmp5_get_sensor_data  bmp5.o
    0x08006db8   0x08006db8   0x0000009c   Code   RO         4780    i.bmp5_set_iir_config  bmp5.o
    0x08006e54   0x08006e54   0x0000006e   Code   RO         4782    i.bmp5_set_osr_odr_press_config  bmp5.o
    0x08006ec2   0x08006ec2   0x00000056   Code   RO         4783    i.bmp5_set_power_mode  bmp5.o
    0x08006f18   0x08006f18   0x0000006c   Code   RO         4784    i.bmp5_set_regs     bmp5.o
    0x08006f84   0x08006f84   0x0000003a   Code   RO         4721    i.crc_check         sht40ad1b_reg.o
    0x08006fbe   0x08006fbe   0x00000002   PAD
    0x08006fc0   0x08006fc0   0x00000018   Code   RO          335    i.fputc             usart.o
    0x08006fd8   0x08006fd8   0x00000032   Code   RO           15    i.main              main.o
    0x0800700a   0x0800700a   0x00000018   Code   RO         4787    i.null_ptr_check    bmp5.o
    0x08007022   0x08007022   0x0000008a   Code   RO         4789    i.set_deep_standby_mode  bmp5.o
    0x080070ac   0x080070ac   0x00000034   Code   RO         4792    i.set_power_mode    bmp5.o
    0x080070e0   0x080070e0   0x00000020   Code   RO         4793    i.set_standby_mode  bmp5.o
    0x08007100   0x08007100   0x000000f4   Code   RO         4722    i.sht40ad1b_data_get  sht40ad1b_reg.o
    0x080071f4   0x080071f4   0x00000004   Code   RO         5217    i.sht40ad1b_delay_ms  app_sht40.o
    0x080071f8   0x080071f8   0x00000008   Code   RO         4723    i.sht40ad1b_device_id_get  sht40ad1b_reg.o
    0x08007200   0x08007200   0x0000002e   Code   RO         5218    i.sht40ad1b_i2c_read  app_sht40.o
    0x0800722e   0x0800722e   0x0000002e   Code   RO         5219    i.sht40ad1b_i2c_write  app_sht40.o
    0x0800725c   0x0800725c   0x0000000e   Code   RO         4724    i.sht40ad1b_read_reg  sht40ad1b_reg.o
    0x0800726a   0x0800726a   0x0000000e   Code   RO         4726    i.sht40ad1b_write_reg  sht40ad1b_reg.o
    0x08007278   0x08007278   0x00000040   Data   RO         4525    .constdata          system_stm32l4xx.o
    0x080072b8   0x080072b8   0x00000008   Data   RO         4526    .constdata          system_stm32l4xx.o
    0x080072c0   0x080072c0   0x00000040   Data   RO         6104    .constdata          mc_w.l(ctype_c.o)
    0x08007300   0x08007300   0x0000004a   Data   RO         5664    .conststring        system_state_machine.o
    0x0800734a   0x0800734a   0x00000002   PAD
    0x0800734c   0x0800734c   0x00000020   Data   RO         6108    Region$$Table       anon$$obj.o


    Execution Region RW_IRAM2 (Exec base: 0x10000000, Load base: 0x08007400, Size: 0x00000000, Max: 0x00004000, ABSOLUTE)

    **** No section assigned to this execution region ****


    Execution Region RW_IRAM1 (Exec base: 0x20000000, Load base: 0x0800736c, Size: 0x00001f38, Max: 0x0000c000, ABSOLUTE)

    Exec Addr    Load Addr    Size         Type   Attr      Idx    E Section Name        Object

    0x20000000   0x0800736c   0x00000004   Data   RW          251    .data               gpio.o
    0x20000004   0x08007370   0x00000004   Data   RW          337    .data               usart.o
    0x20000008   0x08007374   0x00000006   Data   RW          563    .data               rtc.o
    0x2000000e   0x0800737a   0x00000002   PAD
    0x20000010   0x0800737c   0x00000004   Data   RW          627    .data               tim.o
    0x20000014   0x08007380   0x0000000c   Data   RW         1232    .data               stm32l4xx_hal.o
    0x20000020   0x0800738c   0x00000004   Data   RW         4527    .data               system_stm32l4xx.o
    0x20000024   0x08007390   0x00000008   Data   RW         5221    .data               app_sht40.o
    0x2000002c   0x08007398   0x00000010   Data   RW         5279    .data               wind_speed.o
    0x2000003c   0x080073a8   0x00000008   Data   RW         5346    .data               app_bmp580.o
    0x20000044   0x080073b0   0x00000003   Data   RW         5412    .data               app_t117.o
    0x20000047   0x080073b3   0x00000001   PAD
    0x20000048   0x080073b4   0x00000040   Data   RW         5665    .data               system_state_machine.o
    0x20000088   0x080073f4   0x00000004   Data   RW         5760    .data               mc_w.l(strtok.o)
    0x2000008c   0x080073f8   0x00000004   Data   RW         6058    .data               mc_w.l(stdout.o)
    0x20000090   0x080073fc   0x00000004   Data   RW         6070    .data               mc_w.l(errno.o)
    0x20000094        -       0x000000a8   Zero   RW          284    .bss                i2c.o
    0x2000013c        -       0x00000278   Zero   RW          336    .bss                usart.o
    0x200003b4        -       0x00000024   Zero   RW          562    .bss                rtc.o
    0x200003d8        -       0x0000004c   Zero   RW          626    .bss                tim.o
    0x20000424        -       0x000013dc   Zero   RW         5052    .bss                e22.o
    0x20001800        -       0x0000002c   Zero   RW         5139    .bss                gps.o
    0x2000182c        -       0x00000014   Zero   RW         5220    .bss                app_sht40.o
    0x20001840        -       0x00000020   Zero   RW         5278    .bss                wind_speed.o
    0x20001860        -       0x00000018   Zero   RW         5345    .bss                app_bmp580.o
    0x20001878        -       0x00000054   Zero   RW         5512    .bss                gy95t.o
    0x200018cc   0x08007400   0x00000004   PAD
    0x200018d0        -       0x00000265   Zero   RW         5663    .bss                system_state_machine.o
    0x20001b35   0x08007400   0x00000003   PAD
    0x20001b38        -       0x00000400   Zero   RW            1    STACK               startup_stm32l431xx.o


==============================================================================

Image component sizes


      Code (inc. data)   RO Data    RW Data    ZI Data      Debug   Object Name

       478        126          0          8         24       5827   app_bmp580.o
       122          0          0          0          0       1905   app_e22.o
        94          6          0          0          0       1837   app_env_collect.o
       312         40          0          8         20       4138   app_sht40.o
       204        116          0          3          0       1845   app_t117.o
      1232         26          0          0          0      12143   bmp5.o
       458          6          0          0          0       6996   bsp_t117.o
        60          4          0          0          0        834   dma.o
       296         42          0          0       5084       4165   e22.o
       404         22          0          4          0       1760   gpio.o
       416         38          0          0         44       4074   gps.o
       982         36          0          0         84       8062   gy95t.o
       538         60          0          0        168       3354   i2c.o
       164          0          0          0          0     728637   main.o
       510         30          0          6         36       4844   rtc.o
       338         30          0          0          0       4450   sht40ad1b_reg.o
        36          8        396          0       1024        860   startup_stm32l431xx.o
       162         24          0         12          0      12841   stm32l4xx_hal.o
       198         14          0          0          0      33991   stm32l4xx_hal_cortex.o
       724         20          0          0          0       5334   stm32l4xx_hal_dma.o
       812         56          0          0          0       3917   stm32l4xx_hal_gpio.o
      2602         60          0          0          0      16874   stm32l4xx_hal_i2c.o
       168          0          0          0          0       1995   stm32l4xx_hal_i2c_ex.o
        44          6          0          0          0        906   stm32l4xx_hal_msp.o
       120         20          0          0          0       1418   stm32l4xx_hal_pwr_ex.o
      2060         98          0          0          0       7180   stm32l4xx_hal_rcc.o
       998         32          0          0          0       3008   stm32l4xx_hal_rcc_ex.o
       948         38          0          0          0       8533   stm32l4xx_hal_rtc.o
       338          0          0          0          0       4652   stm32l4xx_hal_tim.o
         6          0          0          0          0       2304   stm32l4xx_hal_tim_ex.o
      3440        114          0          0          0      21813   stm32l4xx_hal_uart.o
        76          0          0          0          0       2003   stm32l4xx_hal_uart_ex.o
        80         30          0          0          0       6902   stm32l4xx_it.o
      2488        656         74         64        613       8483   system_state_machine.o
        16          4         72          4          0       1261   system_stm32l4xx.o
        28         10          0          4         76       1099   tim.o
       808         76          0          4        632       5051   usart.o
       400         68          0         16         32       5222   wind_speed.o

    ----------------------------------------------------------------------
     23224       1916        576        136       7844     950518   Object Totals
         0          0         32          0          0          0   (incl. Generated)
        64          0          2          3          7          0   (incl. Padding)

    ----------------------------------------------------------------------

      Code (inc. data)   RO Data    RW Data    ZI Data      Debug   Library Member Name

        56         12          0          0          0        132   atof.o
       122          0          0          0          0        148   sqrt.o
        64          0          0          0          0         84   _sgetc.o
        40          6         64          0          0         68   ctype_c.o
         0          0          0          0          0          0   entry.o
         0          0          0          0          0          0   entry10a.o
         0          0          0          0          0          0   entry11a.o
         4          0          0          0          0          0   entry12b.o
         8          4          0          0          0          0   entry2.o
         4          0          0          0          0          0   entry5.o
         0          0          0          0          0          0   entry7b.o
         0          0          0          0          0          0   entry8b.o
         8          4          0          0          0          0   entry9a.o
        24         12          0          4          0        136   errno.o
        30          0          0          0          0          0   handlers.o
        36          8          0          0          0         68   init.o
        10          0          0          0          0         68   isspace_c.o
         0          0          0          0          0          0   iusefp.o
        30          0          0          0          0         68   llshl.o
        36          0          0          0          0         68   llsshr.o
        32          0          0          0          0         68   llushr.o
        36          0          0          0          0         68   memcpya.o
        36          0          0          0          0        108   memseta.o
      2230         90          0          0          0        464   printfa.o
       884         12          0          0          0        216   scanf_fp.o
         0          0          0          4          0          0   stdout.o
        14          0          0          0          0         68   strlen.o
        24          0          0          0          0         76   strncpy.o
        36          0          0          0          0         80   strstr.o
       156         12          0          0          0        120   strtod.o
        68          6          0          4          0         80   strtok.o
        44          0          0          0          0         80   uidiv.o
       104          0          0          0          0         92   uldiv.o
        48          0          0          0          0         68   cdrcmple.o
        56          0          0          0          0         88   d2f.o
       350          0          0          0          0        148   dadd.o
       222          0          0          0          0        100   ddiv.o
       186          0          0          0          0        176   depilogue.o
        48          0          0          0          0         68   dfixul.o
        34          0          0          0          0         76   dflti.o
        26          0          0          0          0         76   dfltui.o
        24          0          0          0          0         76   dfltul.o
       234          0          0          0          0         96   dmul.o
       162          0          0          0          0        100   dsqrt.o
        38          0          0          0          0         68   f2d.o
       110          0          0          0          0        168   fepilogue.o

    ----------------------------------------------------------------------
      5684        166         64         12          0       3668   Library Totals
        10          0          0          0          0          0   (incl. Padding)

    ----------------------------------------------------------------------

      Code (inc. data)   RO Data    RW Data    ZI Data      Debug   Library Name

       178         12          0          0          0        280   m_wm.l
      3958        154         64         12          0       2080   mc_w.l
      1538          0          0          0          0       1308   mf_w.l

    ----------------------------------------------------------------------
      5684        166         64         12          0       3668   Library Totals

    ----------------------------------------------------------------------

==============================================================================


      Code (inc. data)   RO Data    RW Data    ZI Data      Debug   

     28908       2082        640        148       7844     932522   Grand Totals
     28908       2082        640        148       7844     932522   ELF Image Totals
     28908       2082        640        148          0          0   ROM Totals

==============================================================================

    Total RO  Size (Code + RO Data)                29548 (  28.86kB)
    Total RW  Size (RW Data + ZI Data)              7992 (   7.80kB)
    Total ROM Size (Code + RO Data + RW Data)      29696 (  29.00kB)

==============================================================================

