Component: ARM Compiler 5.06 update 7 (build 960) Tool: armlink [4d3601]

==============================================================================

Section Cross References

    startup_stm32l431xx.o(RESET) refers to startup_stm32l431xx.o(STACK) for __initial_sp
    startup_stm32l431xx.o(RESET) refers to startup_stm32l431xx.o(.text) for Reset_Handler
    startup_stm32l431xx.o(RESET) refers to stm32l4xx_it.o(i.NMI_Handler) for NMI_Handler
    startup_stm32l431xx.o(RESET) refers to stm32l4xx_it.o(i.HardFault_Handler) for HardFault_Handler
    startup_stm32l431xx.o(RESET) refers to stm32l4xx_it.o(i.MemManage_Handler) for MemManage_Handler
    startup_stm32l431xx.o(RESET) refers to stm32l4xx_it.o(i.BusFault_Handler) for BusFault_Handler
    startup_stm32l431xx.o(RESET) refers to stm32l4xx_it.o(i.UsageFault_Handler) for UsageFault_Handler
    startup_stm32l431xx.o(RESET) refers to stm32l4xx_it.o(i.SVC_Handler) for SVC_Handler
    startup_stm32l431xx.o(RESET) refers to stm32l4xx_it.o(i.DebugMon_Handler) for DebugMon_Handler
    startup_stm32l431xx.o(RESET) refers to stm32l4xx_it.o(i.PendSV_Handler) for PendSV_Handler
    startup_stm32l431xx.o(RESET) refers to stm32l4xx_it.o(i.SysTick_Handler) for SysTick_Handler
    startup_stm32l431xx.o(RESET) refers to stm32l4xx_it.o(i.DMA1_Channel2_IRQHandler) for DMA1_Channel2_IRQHandler
    startup_stm32l431xx.o(RESET) refers to stm32l4xx_it.o(i.DMA1_Channel3_IRQHandler) for DMA1_Channel3_IRQHandler
    startup_stm32l431xx.o(RESET) refers to gpio.o(i.EXTI9_5_IRQHandler) for EXTI9_5_IRQHandler
    startup_stm32l431xx.o(RESET) refers to usart.o(i.USART1_IRQHandler) for USART1_IRQHandler
    startup_stm32l431xx.o(RESET) refers to stm32l4xx_it.o(i.USART2_IRQHandler) for USART2_IRQHandler
    startup_stm32l431xx.o(RESET) refers to stm32l4xx_it.o(i.USART3_IRQHandler) for USART3_IRQHandler
    startup_stm32l431xx.o(RESET) refers to stm32l4xx_it.o(i.TIM6_DAC_IRQHandler) for TIM6_DAC_IRQHandler
    startup_stm32l431xx.o(.text) refers to system_stm32l4xx.o(i.SystemInit) for SystemInit
    startup_stm32l431xx.o(.text) refers to entry.o(.ARM.Collect$$$$00000000) for __main
    main.o(i.SystemClock_Config) refers to memseta.o(.text) for __aeabi_memclr4
    main.o(i.SystemClock_Config) refers to stm32l4xx_hal_pwr_ex.o(i.HAL_PWREx_ControlVoltageScaling) for HAL_PWREx_ControlVoltageScaling
    main.o(i.SystemClock_Config) refers to stm32l4xx_hal_rcc.o(i.HAL_RCC_OscConfig) for HAL_RCC_OscConfig
    main.o(i.SystemClock_Config) refers to stm32l4xx_hal_rcc.o(i.HAL_RCC_ClockConfig) for HAL_RCC_ClockConfig
    main.o(i.main) refers to stm32l4xx_hal.o(i.HAL_Init) for HAL_Init
    main.o(i.main) refers to main.o(i.SystemClock_Config) for SystemClock_Config
    main.o(i.main) refers to gpio.o(i.MX_GPIO_Init) for MX_GPIO_Init
    main.o(i.main) refers to i2c.o(i.MX_I2C2_Init) for MX_I2C2_Init
    main.o(i.main) refers to i2c.o(i.MX_I2C3_Init) for MX_I2C3_Init
    main.o(i.main) refers to dma.o(i.MX_DMA_Init) for MX_DMA_Init
    main.o(i.main) refers to rtc.o(i.MX_RTC_Init) for MX_RTC_Init
    main.o(i.main) refers to tim.o(i.MX_TIM6_Init) for MX_TIM6_Init
    main.o(i.main) refers to usart.o(i.MX_USART1_UART_Init) for MX_USART1_UART_Init
    main.o(i.main) refers to usart.o(i.MX_USART2_UART_Init) for MX_USART2_UART_Init
    main.o(i.main) refers to usart.o(i.MX_USART3_UART_Init) for MX_USART3_UART_Init
    main.o(i.main) refers to app_e22_protocol.o(i.Sensor_Global_Init) for Sensor_Global_Init
    main.o(i.main) refers to printfa.o(i.__0printf) for __2printf
    main.o(i.main) refers to app_e22_protocol.o(i.Task_BMP580_Collect) for Task_BMP580_Collect
    gpio.o(i.EXTI9_5_IRQHandler) refers to stm32l4xx_hal.o(i.HAL_GetTick) for HAL_GetTick
    gpio.o(i.EXTI9_5_IRQHandler) refers to rtc.o(i.RTC_Read_Time) for RTC_Read_Time
    gpio.o(i.EXTI9_5_IRQHandler) refers to rtc.o(i.RTC_Set_Time) for RTC_Set_Time
    gpio.o(i.EXTI9_5_IRQHandler) refers to gpio.o(.data) for .data
    gpio.o(i.EXTI9_5_IRQHandler) refers to rtc.o(.data) for g_rtc_time
    gpio.o(i.MX_GPIO_Init) refers to memseta.o(.text) for __aeabi_memclr4
    gpio.o(i.MX_GPIO_Init) refers to stm32l4xx_hal_gpio.o(i.HAL_GPIO_WritePin) for HAL_GPIO_WritePin
    gpio.o(i.MX_GPIO_Init) refers to stm32l4xx_hal_gpio.o(i.HAL_GPIO_Init) for HAL_GPIO_Init
    i2c.o(i.HAL_I2C_MspDeInit) refers to stm32l4xx_hal_gpio.o(i.HAL_GPIO_DeInit) for HAL_GPIO_DeInit
    i2c.o(i.HAL_I2C_MspInit) refers to memseta.o(.text) for __aeabi_memclr4
    i2c.o(i.HAL_I2C_MspInit) refers to stm32l4xx_hal_rcc_ex.o(i.HAL_RCCEx_PeriphCLKConfig) for HAL_RCCEx_PeriphCLKConfig
    i2c.o(i.HAL_I2C_MspInit) refers to main.o(i.Error_Handler) for Error_Handler
    i2c.o(i.HAL_I2C_MspInit) refers to stm32l4xx_hal_gpio.o(i.HAL_GPIO_Init) for HAL_GPIO_Init
    i2c.o(i.I2C_BusRecovery) refers to stm32l4xx_hal_gpio.o(i.HAL_GPIO_ReadPin) for HAL_GPIO_ReadPin
    i2c.o(i.I2C_BusRecovery) refers to memseta.o(.text) for __aeabi_memclr4
[...]
    i.HAL_I2C_Master_Transmit                0x0800165c   Section        0  stm32l4xx_hal_i2c.o(i.HAL_I2C_Master_Transmit)
    i.HAL_I2C_Mem_Read                       0x080017b0   Section        0  stm32l4xx_hal_i2c.o(i.HAL_I2C_Mem_Read)
    i.HAL_I2C_Mem_Write                      0x0800191c   Section        0  stm32l4xx_hal_i2c.o(i.HAL_I2C_Mem_Write)
    i.HAL_I2C_MspDeInit                      0x08001a7c   Section        0  i2c.o(i.HAL_I2C_MspDeInit)
    i.HAL_I2C_MspInit                        0x08001ad8   Section        0  i2c.o(i.HAL_I2C_MspInit)
    i.HAL_IncTick                            0x08001be8   Section        0  stm32l4xx_hal.o(i.HAL_IncTick)
    i.HAL_Init                               0x08001bf8   Section        0  stm32l4xx_hal.o(i.HAL_Init)
    i.HAL_InitTick                           0x08001c18   Section        0  stm32l4xx_hal.o(i.HAL_InitTick)
    i.HAL_MspInit                            0x08001c5c   Section        0  stm32l4xx_hal_msp.o(i.HAL_MspInit)
    i.HAL_NVIC_EnableIRQ                     0x08001c88   Section        0  stm32l4xx_hal_cortex.o(i.HAL_NVIC_EnableIRQ)
    i.HAL_NVIC_SetPriority                   0x08001ca4   Section        0  stm32l4xx_hal_cortex.o(i.HAL_NVIC_SetPriority)
    i.HAL_NVIC_SetPriorityGrouping           0x08001ce4   Section        0  stm32l4xx_hal_cortex.o(i.HAL_NVIC_SetPriorityGrouping)
    i.HAL_PWREx_ControlVoltageScaling        0x08001d08   Section        0  stm32l4xx_hal_pwr_ex.o(i.HAL_PWREx_ControlVoltageScaling)
    i.HAL_PWREx_GetVoltageRange              0x08001d70   Section        0  stm32l4xx_hal_pwr_ex.o(i.HAL_PWREx_GetVoltageRange)
    i.HAL_RCCEx_PeriphCLKConfig              0x08001d80   Section        0  stm32l4xx_hal_rcc_ex.o(i.HAL_RCCEx_PeriphCLKConfig)
    i.HAL_RCC_ClockConfig                    0x0800203c   Section        0  stm32l4xx_hal_rcc.o(i.HAL_RCC_ClockConfig)
    i.HAL_RCC_GetPCLK1Freq                   0x08002180   Section        0  stm32l4xx_hal_rcc.o(i.HAL_RCC_GetPCLK1Freq)
    i.HAL_RCC_GetPCLK2Freq                   0x080021a4   Section        0  stm32l4xx_hal_rcc.o(i.HAL_RCC_GetPCLK2Freq)
    i.HAL_RCC_GetSysClockFreq                0x080021c8   Section        0  stm32l4xx_hal_rcc.o(i.HAL_RCC_GetSysClockFreq)
    i.HAL_RCC_OscConfig                      0x0800226c   Section        0  stm32l4xx_hal_rcc.o(i.HAL_RCC_OscConfig)
    i.HAL_RTC_GetDate                        0x080027cc   Section        0  stm32l4xx_hal_rtc.o(i.HAL_RTC_GetDate)
    i.HAL_RTC_GetTime                        0x08002810   Section        0  stm32l4xx_hal_rtc.o(i.HAL_RTC_GetTime)
    i.HAL_RTC_Init                           0x08002864   Section        0  stm32l4xx_hal_rtc.o(i.HAL_RTC_Init)
    i.HAL_RTC_MspInit                        0x08002914   Section        0  rtc.o(i.HAL_RTC_MspInit)
    i.HAL_RTC_SetDate                        0x08002958   Section        0  stm32l4xx_hal_rtc.o(i.HAL_RTC_SetDate)
    i.HAL_RTC_SetTime                        0x080029f8   Section        0  stm32l4xx_hal_rtc.o(i.HAL_RTC_SetTime)
    i.HAL_RTC_WaitForSynchro                 0x08002ac4   Section        0  stm32l4xx_hal_rtc.o(i.HAL_RTC_WaitForSynchro)
    i.HAL_SYSTICK_Config                     0x08002afc   Section        0  stm32l4xx_hal_cortex.o(i.HAL_SYSTICK_Config)
    i.HAL_TIMEx_Break2Callback               0x08002b24   Section        0  stm32l4xx_hal_tim_ex.o(i.HAL_TIMEx_Break2Callback)
    i.HAL_TIMEx_BreakCallback                0x08002b26   Section        0  stm32l4xx_hal_tim_ex.o(i.HAL_TIMEx_BreakCallback)
    i.HAL_TIMEx_CommutCallback               0x08002b28   Section        0  stm32l4xx_hal_tim_ex.o(i.HAL_TIMEx_CommutCallback)
    i.HAL_TIMEx_MasterConfigSynchronization  0x08002b2c   Section        0  stm32l4xx_hal_tim_ex.o(i.HAL_TIMEx_MasterConfigSynchronization)
    i.HAL_TIM_Base_Init                      0x08002b98   Section        0  stm32l4xx_hal_tim.o(i.HAL_TIM_Base_Init)
    i.HAL_TIM_Base_MspInit                   0x08002bfc   Section        0  tim.o(i.HAL_TIM_Base_MspInit)
    i.HAL_TIM_IC_CaptureCallback             0x08002c38   Section        0  stm32l4xx_hal_tim.o(i.HAL_TIM_IC_CaptureCallback)
    i.HAL_TIM_IRQHandler                     0x08002c3a   Section        0  stm32l4xx_hal_tim.o(i.HAL_TIM_IRQHandler)
    i.HAL_TIM_OC_DelayElapsedCallback        0x08002d84   Section        0  stm32l4xx_hal_tim.o(i.HAL_TIM_OC_DelayElapsedCallback)
    i.HAL_TIM_PWM_PulseFinishedCallback      0x08002d86   Section        0  stm32l4xx_hal_tim.o(i.HAL_TIM_PWM_PulseFinishedCallback)
    i.HAL_TIM_PeriodElapsedCallback          0x08002d88   Section        0  tim.o(i.HAL_TIM_PeriodElapsedCallback)
    i.HAL_TIM_TriggerCallback                0x08002da4   Section        0  stm32l4xx_hal_tim.o(i.HAL_TIM_TriggerCallback)
    i.HAL_UARTEx_ReceiveToIdle_DMA           0x08002da6   Section        0  stm32l4xx_hal_uart_ex.o(i.HAL_UARTEx_ReceiveToIdle_DMA)
    i.HAL_UARTEx_RxEventCallback             0x08002df0   Section        0  e22.o(i.HAL_UARTEx_RxEventCallback)
    i.HAL_UARTEx_WakeupCallback              0x08002e34   Section        0  stm32l4xx_hal_uart_ex.o(i.HAL_UARTEx_WakeupCallback)
    i.HAL_UART_ErrorCallback                 0x08002e36   Section        0  stm32l4xx_hal_uart.o(i.HAL_UART_ErrorCallback)
    i.HAL_UART_IRQHandler                    0x08002e38   Section        0  stm32l4xx_hal_uart.o(i.HAL_UART_IRQHandler)
    i.HAL_UART_Init                          0x08003100   Section        0  stm32l4xx_hal_uart.o(i.HAL_UART_Init)
    i.HAL_UART_MspInit                       0x08003168   Section        0  usart.o(i.HAL_UART_MspInit)
    i.HAL_UART_Receive_IT                    0x08003328   Section        0  stm32l4xx_hal_uart.o(i.HAL_UART_Receive_IT)
    i.HAL_UART_RxCpltCallback                0x08003370   Section        0  wind_speed.o(i.HAL_UART_RxCpltCallback)
    i.HAL_UART_RxHalfCpltCallback            0x080033ac   Section        0  stm32l4xx_hal_uart.o(i.HAL_UART_RxHalfCpltCallback)
    i.HAL_UART_Transmit                      0x080033b0   Section        0  stm32l4xx_hal_uart.o(i.HAL_UART_Transmit)
    i.HAL_UART_TxCpltCallback                0x08003462   Section        0  stm32l4xx_hal_uart.o(i.HAL_UART_TxCpltCallback)
    i.HardFault_Handler                      0x08003464   Section        0  stm32l4xx_it.o(i.HardFault_Handler)
    i.I2C2_Bus_Recovery                      0x08003468   Section        0  temp.o(i.I2C2_Bus_Recovery)
    i.I2C2_Check_Device_ACK                  0x080035c8   Section        0  temp.o(i.I2C2_Check_Device_ACK)
    i.I2C_Flush_TXDR                         0x080035e4   Section        0  stm32l4xx_hal_i2c.o(i.I2C_Flush_TXDR)
    I2C_Flush_TXDR                           0x080035e5   Thumb Code    34  stm32l4xx_hal_i2c.o(i.I2C_Flush_TXDR)
    i.I2C_IsErrorOccurred                    0x08003608   Section        0  stm32l4xx_hal_i2c.o(i.I2C_IsErrorOccurred)
    I2C_IsErrorOccurred                      0x08003609   Thumb Code   264  stm32l4xx_hal_i2c.o(i.I2C_IsErrorOccurred)
    i.I2C_RequestMemoryRead                  0x08003714   Section        0  stm32l4xx_hal_i2c.o(i.I2C_RequestMemoryRead)
    I2C_RequestMemoryRead                    0x08003715   Thumb Code    94  stm32l4xx_hal_i2c.o(i.I2C_RequestMemoryRead)
    i.I2C_RequestMemoryWrite                 0x08003778   Section        0  stm32l4xx_hal_i2c.o(i.I2C_RequestMemoryWrite)
    I2C_RequestMemoryWrite                   0x08003779   Thumb Code    94  stm32l4xx_hal_i2c.o(i.I2C_RequestMemoryWrite)
    i.I2C_TransferConfig                     0x080037dc   Section        0  stm32l4xx_hal_i2c.o(i.I2C_TransferConfig)
    I2C_TransferConfig                       0x080037dd   Thumb Code    44  stm32l4xx_hal_i2c.o(i.I2C_TransferConfig)
    i.I2C_WaitOnFlagUntilTimeout             0x0800380c   Section        0  stm32l4xx_hal_i2c.o(i.I2C_WaitOnFlagUntilTimeout)
    I2C_WaitOnFlagUntilTimeout               0x0800380d   Thumb Code   122  stm32l4xx_hal_i2c.o(i.I2C_WaitOnFlagUntilTimeout)
    i.I2C_WaitOnRXNEFlagUntilTimeout         0x08003888   Section        0  stm32l4xx_hal_i2c.o(i.I2C_WaitOnRXNEFlagUntilTimeout)
    I2C_WaitOnRXNEFlagUntilTimeout           0x08003889   Thumb Code   162  stm32l4xx_hal_i2c.o(i.I2C_WaitOnRXNEFlagUntilTimeout)
    i.I2C_WaitOnSTOPFlagUntilTimeout         0x08003930   Section        0  stm32l4xx_hal_i2c.o(i.I2C_WaitOnSTOPFlagUntilTimeout)
    I2C_WaitOnSTOPFlagUntilTimeout           0x08003931   Thumb Code    86  stm32l4xx_hal_i2c.o(i.I2C_WaitOnSTOPFlagUntilTimeout)
    i.I2C_WaitOnTXISFlagUntilTimeout         0x08003986   Section        0  stm32l4xx_hal_i2c.o(i.I2C_WaitOnTXISFlagUntilTimeout)
    I2C_WaitOnTXISFlagUntilTimeout           0x08003987   Thumb Code    90  stm32l4xx_hal_i2c.o(i.I2C_WaitOnTXISFlagUntilTimeout)
    i.MX_DMA_Init                            0x080039e0   Section        0  dma.o(i.MX_DMA_Init)
    i.MX_GPIO_Init                           0x08003a1c   Section        0  gpio.o(i.MX_GPIO_Init)
    i.MX_I2C2_Init                           0x08003b18   Section        0  i2c.o(i.MX_I2C2_Init)
    i.MX_I2C3_Init                           0x08003b70   Section        0  i2c.o(i.MX_I2C3_Init)
    i.MX_RTC_Init                            0x08003bc8   Section        0  rtc.o(i.MX_RTC_Init)
    i.MX_TIM6_Init                           0x08003c00   Section        0  tim.o(i.MX_TIM6_Init)
    i.MX_USART1_UART_Init                    0x08003c48   Section        0  usart.o(i.MX_USART1_UART_Init)
    i.MX_USART2_UART_Init                    0x08003c94   Section        0  usart.o(i.MX_USART2_UART_Init)
    i.MX_USART3_UART_Init                    0x08003cd0   Section        0  usart.o(i.MX_USART3_UART_Init)
    i.MemManage_Handler                      0x08003d0c   Section        0  stm32l4xx_it.o(i.MemManage_Handler)
    i.NMI_Handler                            0x08003d0e   Section        0  stm32l4xx_it.o(i.NMI_Handler)
    i.PendSV_Handler                         0x08003d10   Section        0  stm32l4xx_it.o(i.PendSV_Handler)
    i.RCCEx_PLLSAI1_Config                   0x08003d14   Section        0  stm32l4xx_hal_rcc_ex.o(i.RCCEx_PLLSAI1_Config)
    RCCEx_PLLSAI1_Config                     0x08003d15   Thumb Code   278  stm32l4xx_hal_rcc_ex.o(i.RCCEx_PLLSAI1_Config)
    i.RCC_SetFlashLatencyFromMSIRange        0x08003e40   Section        0  stm32l4xx_hal_rcc.o(i.RCC_SetFlashLatencyFromMSIRange)
    RCC_SetFlashLatencyFromMSIRange          0x08003e41   Thumb Code   116  stm32l4xx_hal_rcc.o(i.RCC_SetFlashLatencyFromMSIRange)
    i.RTC_Bcd2ToByte                         0x08003ebc   Section        0  stm32l4xx_hal_rtc.o(i.RTC_Bcd2ToByte)
    i.RTC_ByteToBcd2                         0x08003ece   Section        0  stm32l4xx_hal_rtc.o(i.RTC_ByteToBcd2)
    i.RTC_EnterInitMode                      0x08003ee8   Section        0  stm32l4xx_hal_rtc.o(i.RTC_EnterInitMode)
    i.RTC_ExitInitMode                       0x08003f30   Section        0  stm32l4xx_hal_rtc.o(i.RTC_ExitInitMode)
    i.RTC_Read_Time                          0x08003f88   Section        0  rtc.o(i.RTC_Read_Time)
    i.RTC_Set_Time                           0x08003fe8   Section        0  rtc.o(i.RTC_Set_Time)
    i.SHT40AD1B_Init                         0x08004054   Section        0  app_sht40.o(i.SHT40AD1B_Init)
    i.SVC_Handler                            0x08004148   Section        0  stm32l4xx_it.o(i.SVC_Handler)
    i.Scheduler_GetSysTick                   0x0800414c   Section        0  task_scheduler.o(i.Scheduler_GetSysTick)
    i.Sensor_Global_Init                     0x08004158   Section        0  app_e22_protocol.o(i.Sensor_Global_Init)
    i.Sensor_Init                            0x080041e4   Section        0  temp.o(i.Sensor_Init)
    i.SysTick_Handler                        0x08004254   Section        0  stm32l4xx_it.o(i.SysTick_Handler)
    i.SystemClock_Config                     0x08004258   Section        0  main.o(i.SystemClock_Config)
    i.SystemInit                             0x080042c8   Section        0  system_stm32l4xx.o(i.SystemInit)
    i.TIM6_DAC_IRQHandler                    0x080042d8   Section        0  stm32l4xx_it.o(i.TIM6_DAC_IRQHandler)
    i.TIM_Base_SetConfig                     0x080042e4   Section        0  stm32l4xx_hal_tim.o(i.TIM_Base_SetConfig)
    i.Task_BMP580_Collect                    0x08004358   Section        0  app_e22_protocol.o(i.Task_BMP580_Collect)
    i.UART_AdvFeatureConfig                  0x080043f8   Section        0  stm32l4xx_hal_uart.o(i.UART_AdvFeatureConfig)
    i.UART_CheckIdleState                    0x080044c0   Section        0  stm32l4xx_hal_uart.o(i.UART_CheckIdleState)
    i.UART_DMAAbortOnError                   0x08004568   Section        0  stm32l4xx_hal_uart.o(i.UART_DMAAbortOnError)
    UART_DMAAbortOnError                     0x08004569   Thumb Code    10  stm32l4xx_hal_uart.o(i.UART_DMAAbortOnError)
    i.UART_DMAError                          0x08004572   Section        0  stm32l4xx_hal_uart.o(i.UART_DMAError)
    UART_DMAError                            0x08004573   Thumb Code    66  stm32l4xx_hal_uart.o(i.UART_DMAError)
    i.UART_DMAReceiveCplt                    0x080045b4   Section        0  stm32l4xx_hal_uart.o(i.UART_DMAReceiveCplt)
    UART_DMAReceiveCplt                      0x080045b5   Thumb Code   150  stm32l4xx_hal_uart.o(i.UART_DMAReceiveCplt)
    i.UART_DMARxHalfCplt                     0x0800464a   Section        0  stm32l4xx_hal_uart.o(i.UART_DMARxHalfCplt)
    UART_DMARxHalfCplt                       0x0800464b   Thumb Code    60  stm32l4xx_hal_uart.o(i.UART_DMARxHalfCplt)
    i.UART_EndRxTransfer                     0x08004686   Section        0  stm32l4xx_hal_uart.o(i.UART_EndRxTransfer)
    UART_EndRxTransfer                       0x08004687   Thumb Code    76  stm32l4xx_hal_uart.o(i.UART_EndRxTransfer)
    i.UART_EndTxTransfer                     0x080046d2   Section        0  stm32l4xx_hal_uart.o(i.UART_EndTxTransfer)
    UART_EndTxTransfer                       0x080046d3   Thumb Code    24  stm32l4xx_hal_uart.o(i.UART_EndTxTransfer)
    i.UART_RxISR_16BIT                       0x080046ec   Section        0  stm32l4xx_hal_uart.o(i.UART_RxISR_16BIT)
    UART_RxISR_16BIT                         0x080046ed   Thumb Code   196  stm32l4xx_hal_uart.o(i.UART_RxISR_16BIT)
    i.UART_RxISR_8BIT                        0x080047b4   Section        0  stm32l4xx_hal_uart.o(i.UART_RxISR_8BIT)
    UART_RxISR_8BIT                          0x080047b5   Thumb Code   196  stm32l4xx_hal_uart.o(i.UART_RxISR_8BIT)
    i.UART_SetConfig                         0x0800487c   Section        0  stm32l4xx_hal_uart.o(i.UART_SetConfig)
    i.UART_Start_Receive_DMA                 0x08004a7c   Section        0  stm32l4xx_hal_uart.o(i.UART_Start_Receive_DMA)
    i.UART_Start_Receive_IT                  0x08004b1c   Section        0  stm32l4xx_hal_uart.o(i.UART_Start_Receive_IT)
    i.UART_WaitOnFlagUntilTimeout            0x08004bd4   Section        0  stm32l4xx_hal_uart.o(i.UART_WaitOnFlagUntilTimeout)
    i.USART1_IRQHandler                      0x08004c68   Section        0  usart.o(i.USART1_IRQHandler)
    i.USART2_IRQHandler                      0x08004ce4   Section        0  stm32l4xx_it.o(i.USART2_IRQHandler)
    i.USART3_IRQHandler                      0x08004cf0   Section        0  stm32l4xx_it.o(i.USART3_IRQHandler)
    i.UsageFault_Handler                     0x08004cfc   Section        0  stm32l4xx_it.o(i.UsageFault_Handler)
    i.__0printf                              0x08004d00   Section        0  printfa.o(i.__0printf)
    i.__NVIC_SetPriority                     0x08004d20   Section        0  stm32l4xx_hal_cortex.o(i.__NVIC_SetPriority)
    __NVIC_SetPriority                       0x08004d21   Thumb Code    32  stm32l4xx_hal_cortex.o(i.__NVIC_SetPriority)
    i.__scatterload_copy                     0x08004d40   Section       14  handlers.o(i.__scatterload_copy)
    i.__scatterload_null                     0x08004d4e   Section        2  handlers.o(i.__scatterload_null)
    i.__scatterload_zeroinit                 0x08004d50   Section       14  handlers.o(i.__scatterload_zeroinit)
    i._fp_digits                             0x08004d60   Section        0  printfa.o(i._fp_digits)
    _fp_digits                               0x08004d61   Thumb Code   366  printfa.o(i._fp_digits)
    i._printf_core                           0x08004eec   Section        0  printfa.o(i._printf_core)
    _printf_core                             0x08004eed   Thumb Code  1704  printfa.o(i._printf_core)
    i._printf_post_padding                   0x080055a6   Section        0  printfa.o(i._printf_post_padding)
    _printf_post_padding                     0x080055a7   Thumb Code    36  printfa.o(i._printf_post_padding)
    i._printf_pre_padding                    0x080055ca   Section        0  printfa.o(i._printf_pre_padding)
    _printf_pre_padding                      0x080055cb   Thumb Code    46  printfa.o(i._printf_pre_padding)
    i.bmp5_get_iir_config                    0x080055f8   Section        0  bmp5.o(i.bmp5_get_iir_config)
    i.bmp5_get_interrupt_status              0x0800563c   Section        0  bmp5.o(i.bmp5_get_interrupt_status)
    i.bmp5_get_osr_odr_press_config          0x08005650   Section        0  bmp5.o(i.bmp5_get_osr_odr_press_config)
    i.bmp5_get_power_mode                    0x08005696   Section        0  bmp5.o(i.bmp5_get_power_mode)
    i.bmp5_get_regs                          0x0800573e   Section        0  bmp5.o(i.bmp5_get_regs)
    i.bmp5_get_sensor_data                   0x08005780   Section        0  bmp5.o(i.bmp5_get_sensor_data)
    i.bmp5_init                              0x0800581c   Section        0  bmp5.o(i.bmp5_init)
    i.bmp5_set_iir_config                    0x080058a6   Section        0  bmp5.o(i.bmp5_set_iir_config)
    i.bmp5_set_osr_odr_press_config          0x08005942   Section        0  bmp5.o(i.bmp5_set_osr_odr_press_config)
    i.bmp5_set_power_mode                    0x080059b0   Section        0  bmp5.o(i.bmp5_set_power_mode)
    i.bmp5_set_regs                          0x08005a06   Section        0  bmp5.o(i.bmp5_set_regs)
    i.bmp5_soft_reset                        0x08005a72   Section        0  bmp5.o(i.bmp5_soft_reset)
    i.fputc                                  0x08005ac4   Section        0  usart.o(i.fputc)
    i.get_nvm_status                         0x08005adc   Section        0  bmp5.o(i.get_nvm_status)
    get_nvm_status                           0x08005add   Thumb Code    20  bmp5.o(i.get_nvm_status)
    i.main                                   0x08005af0   Section        0  main.o(i.main)
    i.null_ptr_check                         0x08005b5c   Section        0  bmp5.o(i.null_ptr_check)
    null_ptr_check                           0x08005b5d   Thumb Code    24  bmp5.o(i.null_ptr_check)
    i.set_deep_standby_mode                  0x08005b74   Section        0  bmp5.o(i.set_deep_standby_mode)
    set_deep_standby_mode                    0x08005b75   Thumb Code   138  bmp5.o(i.set_deep_standby_mode)
    i.set_power_mode                         0x08005bfe   Section        0  bmp5.o(i.set_power_mode)
    set_power_mode                           0x08005bff   Thumb Code    52  bmp5.o(i.set_power_mode)
    i.set_standby_mode                       0x08005c32   Section        0  bmp5.o(i.set_standby_mode)
    set_standby_mode                         0x08005c33   Thumb Code    32  bmp5.o(i.set_standby_mode)
    i.sht40ad1b_delay_ms                     0x08005c52   Section        0  app_sht40.o(i.sht40ad1b_delay_ms)
    sht40ad1b_delay_ms                       0x08005c53   Thumb Code     4  app_sht40.o(i.sht40ad1b_delay_ms)
    i.sht40ad1b_device_id_get                0x08005c56   Section        0  sht40ad1b_reg.o(i.sht40ad1b_device_id_get)
    i.sht40ad1b_i2c_read                     0x08005c5e   Section        0  app_sht40.o(i.sht40ad1b_i2c_read)
    sht40ad1b_i2c_read                       0x08005c5f   Thumb Code    46  app_sht40.o(i.sht40ad1b_i2c_read)
    i.sht40ad1b_i2c_write                    0x08005c8c   Section        0  app_sht40.o(i.sht40ad1b_i2c_write)
    sht40ad1b_i2c_write                      0x08005c8d   Thumb Code    46  app_sht40.o(i.sht40ad1b_i2c_write)
    .constdata                               0x08005cbc   Section       64  system_stm32l4xx.o(.constdata)
    .constdata                               0x08005cfc   Section        8  system_stm32l4xx.o(.constdata)
    .data                                    0x20000000   Section        4  gpio.o(.data)
    last_pps_tick                            0x20000000   Data           4  gpio.o(.data)
    .data                                    0x20000004   Section        4  usart.o(.data)
    .data                                    0x20000008   Section        6  rtc.o(.data)
    .data                                    0x20000010   Section        4  tim.o(.data)
    .data                                    0x20000014   Section       12  stm32l4xx_hal.o(.data)
    .data                                    0x20000020   Section        4  system_stm32l4xx.o(.data)
    .data                                    0x20000024   Section       12  wind_speed.o(.data)
    g_rx_len                                 0x20000024   Data           1  wind_speed.o(.data)
    g_wind_data                              0x20000028   Data           8  wind_speed.o(.data)
    .data                                    0x20000030   Section        8  app_bmp580.o(.data)
    .data                                    0x20000038   Section        3  app_t117.o(.data)
    s_t117Buffer                             0x20000038   Data           3  app_t117.o(.data)
    .data                                    0x2000003c   Section        8  app_e22_protocol.o(.data)
    last_valid                               0x2000003c   Data           1  app_e22_protocol.o(.data)
    last_check                               0x20000040   Data           4  app_e22_protocol.o(.data)
    .data                                    0x20000044   Section        4  stdout.o(.data)
    .bss                                     0x20000048   Section      168  i2c.o(.bss)
    .bss                                     0x200000f0   Section     2600  usart.o(.bss)
    .bss                                     0x20000b18   Section       36  rtc.o(.bss)
    .bss                                     0x20000b3c   Section       76  tim.o(.bss)
    .bss                                     0x20000b88   Section     5084  e22.o(.bss)
    e22_uart_buffer                          0x20000b88   Data        5084  e22.o(.bss)
    .bss                                     0x20001f64   Section       44  gps.o(.bss)
    .bss                                     0x20001f90   Section       20  app_sht40.o(.bss)
    sht40ad1b_ctx                            0x20001f90   Data          20  app_sht40.o(.bss)
    .bss                                     0x20001fa4   Section       32  wind_speed.o(.bss)
    g_rx_buf                                 0x20001fa4   Data          32  wind_speed.o(.bss)
    .bss                                     0x20001fc4   Section       24  app_bmp580.o(.bss)
    .bss                                     0x20001fdc   Section       44  temp.o(.bss)
    STACK                                    0x20002008   Section     1024  startup_stm32l431xx.o(STACK)

    Global Symbols

    Symbol Name                              Value     Ov Type        Size  Object(Section)

    BuildAttributes$$THM_ISAv4$E$P$D$K$B$S$7EM$VFPi3$EXTD16$VFPS$VFMA$PE$A:L22UL41UL21$X:L11$S22US41US21$IEEE1$IW$USESV6$~STKCKD$USESV7$~SHL$OTIME$ROPI$IEEEJ$EBA8$MICROLIB$REQ8$PRES8$EABIv2 0x00000000   Number         0  anon$$obj.o ABSOLUTE
    __ARM_use_no_argv                        0x00000000   Number         0  main.o ABSOLUTE
    _printf_a                                0x00000000   Number         0  stubs.o ABSOLUTE
    _printf_c                                0x00000000   Number         0  stubs.o ABSOLUTE
    _printf_charcount                        0x00000000   Number         0  stubs.o ABSOLUTE
    _printf_d                                0x00000000   Number         0  stubs.o ABSOLUTE
    _printf_e                                0x00000000   Number         0  stubs.o ABSOLUTE
    _printf_f                                0x00000000   Number         0  stubs.o ABSOLUTE
    _printf_flags                            0x00000000   Number         0  stubs.o ABSOLUTE
    _printf_fp_dec                           0x00000000   Number         0  stubs.o ABSOLUTE
    _printf_fp_hex                           0x00000000   Number         0  stubs.o ABSOLUTE
    _printf_g                                0x00000000   Number         0  stubs.o ABSOLUTE
    _printf_i                                0x00000000   Number         0  stubs.o ABSOLUTE
    _printf_int_dec                          0x00000000   Number         0  stubs.o ABSOLUTE
    _printf_l                                0x00000000   Number         0  stubs.o ABSOLUTE
    _printf_lc                               0x00000000   Number         0  stubs.o ABSOLUTE
    _printf_ll                               0x00000000   Number         0  stubs.o ABSOLUTE
    _printf_lld                              0x00000000   Number         0  stubs.o ABSOLUTE
    _printf_lli                              0x00000000   Number         0  stubs.o ABSOLUTE
    _printf_llo                              0x00000000   Number         0  stubs.o ABSOLUTE
    _printf_llu                              0x00000000   Number         0  stubs.o ABSOLUTE
    _printf_llx                              0x00000000   Number         0  stubs.o ABSOLUTE
    _printf_longlong_dec                     0x00000000   Number         0  stubs.o ABSOLUTE
    _printf_longlong_hex                     0x00000000   Number         0  stubs.o ABSOLUTE
    _printf_longlong_oct                     0x00000000   Number         0  stubs.o ABSOLUTE
    _printf_ls                               0x00000000   Number         0  stubs.o ABSOLUTE
    _printf_mbtowc                           0x00000000   Number         0  stubs.o ABSOLUTE
    _printf_n                                0x00000000   Number         0  stubs.o ABSOLUTE
    _printf_o                                0x00000000   Number         0  stubs.o ABSOLUTE
    _printf_p                                0x00000000   Number         0  stubs.o ABSOLUTE
    _printf_percent                          0x00000000   Number         0  stubs.o ABSOLUTE
    _printf_pre_padding                      0x00000000   Number         0  stubs.o ABSOLUTE
    _printf_return_value                     0x00000000   Number         0  stubs.o ABSOLUTE
    _printf_s                                0x00000000   Number         0  stubs.o ABSOLUTE
    _printf_sizespec                         0x00000000   Number         0  stubs.o ABSOLUTE
    _printf_str                              0x00000000   Number         0  stubs.o ABSOLUTE
    _printf_truncate_signed                  0x00000000   Number         0  stubs.o ABSOLUTE
    _printf_truncate_unsigned                0x00000000   Number         0  stubs.o ABSOLUTE
    _printf_u                                0x00000000   Number         0  stubs.o ABSOLUTE
    _printf_wc                               0x00000000   Number         0  stubs.o ABSOLUTE
    _printf_wctomb                           0x00000000   Number         0  stubs.o ABSOLUTE
    _printf_widthprec                        0x00000000   Number         0  stubs.o ABSOLUTE
    _printf_x                                0x00000000   Number         0  stubs.o ABSOLUTE
    __arm_fini_                               - Undefined Weak Reference
    __cpp_initialize__aeabi_                  - Undefined Weak Reference
    __cxa_finalize                            - Undefined Weak Reference
    __decompress                              - Undefined Weak Reference
    _clock_init                               - Undefined Weak Reference
    _microlib_exit                            - Undefined Weak Reference
    _scanf_longlong                           - Undefined Weak Reference
    _scanf_string                             - Undefined Weak Reference
    __Vectors_Size                           0x0000018c   Number         0  startup_stm32l431xx.o ABSOLUTE
    __Vectors                                0x08000000   Data           4  startup_stm32l431xx.o(RESET)
    __Vectors_End                            0x0800018c   Data           0  startup_stm32l431xx.o(RESET)
    __main                                   0x0800018d   Thumb Code     0  entry.o(.ARM.Collect$$$$00000000)
    _main_stk                                0x0800018d   Thumb Code     0  entry2.o(.ARM.Collect$$$$00000001)
    _main_scatterload                        0x08000191   Thumb Code     0  entry5.o(.ARM.Collect$$$$00000004)
    __main_after_scatterload                 0x08000195   Thumb Code     0  entry5.o(.ARM.Collect$$$$00000004)
    _main_clock                              0x08000195   Thumb Code     0  entry7b.o(.ARM.Collect$$$$00000008)
    _main_cpp_init                           0x08000195   Thumb Code     0  entry8b.o(.ARM.Collect$$$$0000000A)
    _main_init                               0x08000195   Thumb Code     0  entry9a.o(.ARM.Collect$$$$0000000B)
    __rt_lib_shutdown_fini                   0x0800019d   Thumb Code     0  entry12b.o(.ARM.Collect$$$$0000000E)
    __rt_final_cpp                           0x080001a1   Thumb Code     0  entry10a.o(.ARM.Collect$$$$0000000F)
    __rt_final_exit                          0x080001a1   Thumb Code     0  entry11a.o(.ARM.Collect$$$$00000011)
    Reset_Handler                            0x080001a5   Thumb Code     8  startup_stm32l431xx.o(.text)
    ADC1_IRQHandler                          0x080001bf   Thumb Code     0  startup_stm32l431xx.o(.text)
    CAN1_RX0_IRQHandler                      0x080001bf   Thumb Code     0  startup_stm32l431xx.o(.text)
    CAN1_RX1_IRQHandler                      0x080001bf   Thumb Code     0  startup_stm32l431xx.o(.text)
    CAN1_SCE_IRQHandler                      0x080001bf   Thumb Code     0  startup_stm32l431xx.o(.text)
    CAN1_TX_IRQHandler                       0x080001bf   Thumb Code     0  startup_stm32l431xx.o(.text)
    COMP_IRQHandler                          0x080001bf   Thumb Code     0  startup_stm32l431xx.o(.text)
    CRS_IRQHandler                           0x080001bf   Thumb Code     0  startup_stm32l431xx.o(.text)
    DMA1_Channel1_IRQHandler                 0x080001bf   Thumb Code     0  startup_stm32l431xx.o(.text)
    DMA1_Channel4_IRQHandler                 0x080001bf   Thumb Code     0  startup_stm32l431xx.o(.text)
    DMA1_Channel5_IRQHandler                 0x080001bf   Thumb Code     0  startup_stm32l431xx.o(.text)
    DMA1_Channel6_IRQHandler                 0x080001bf   Thumb Code     0  startup_stm32l431xx.o(.text)
    DMA1_Channel7_IRQHandler                 0x080001bf   Thumb Code     0  startup_stm32l431xx.o(.text)
    DMA2_Channel1_IRQHandler                 0x080001bf   Thumb Code     0  startup_stm32l431xx.o(.text)
    DMA2_Channel2_IRQHandler                 0x080001bf   Thumb Code     0  startup_stm32l431xx.o(.text)
    DMA2_Channel3_IRQHandler                 0x080001bf   Thumb Code     0  startup_stm32l431xx.o(.text)
    DMA2_Channel4_IRQHandler                 0x080001bf   Thumb Code     0  startup_stm32l431xx.o(.text)
    DMA2_Channel5_IRQHandler                 0x080001bf   Thumb Code     0  startup_stm32l431xx.o(.text)
    DMA2_Channel6_IRQHandler                 0x080001bf   Thumb Code     0  startup_stm32l431xx.o(.text)
    DMA2_Channel7_IRQHandler                 0x080001bf   Thumb Code     0  startup_stm32l431xx.o(.text)
    EXTI0_IRQHandler                         0x080001bf   Thumb Code     0  startup_stm32l431xx.o(.text)
    EXTI15_10_IRQHandler                     0x080001bf   Thumb Code     0  startup_stm32l431xx.o(.text)
    EXTI1_IRQHandler                         0x080001bf   Thumb Code     0  startup_stm32l431xx.o(.text)
    EXTI2_IRQHandler                         0x080001bf   Thumb Code     0  startup_stm32l431xx.o(.text)
    EXTI3_IRQHandler                         0x080001bf   Thumb Code     0  startup_stm32l431xx.o(.text)
    EXTI4_IRQHandler                         0x080001bf   Thumb Code     0  startup_stm32l431xx.o(.text)
    FLASH_IRQHandler                         0x080001bf   Thumb Code     0  startup_stm32l431xx.o(.text)
    FPU_IRQHandler                           0x080001bf   Thumb Code     0  startup_stm32l431xx.o(.text)
    I2C1_ER_IRQHandler                       0x080001bf   Thumb Code     0  startup_stm32l431xx.o(.text)
    I2C1_EV_IRQHandler                       0x080001bf   Thumb Code     0  startup_stm32l431xx.o(.text)
    I2C2_ER_IRQHandler                       0x080001bf   Thumb Code     0  startup_stm32l431xx.o(.text)
    I2C2_EV_IRQHandler                       0x080001bf   Thumb Code     0  startup_stm32l431xx.o(.text)
    I2C3_ER_IRQHandler                       0x080001bf   Thumb Code     0  startup_stm32l431xx.o(.text)
    I2C3_EV_IRQHandler                       0x080001bf   Thumb Code     0  startup_stm32l431xx.o(.text)
    LPTIM1_IRQHandler                        0x080001bf   Thumb Code     0  startup_stm32l431xx.o(.text)
    LPTIM2_IRQHandler                        0x080001bf   Thumb Code     0  startup_stm32l431xx.o(.text)
    LPUART1_IRQHandler                       0x080001bf   Thumb Code     0  startup_stm32l431xx.o(.text)
    PVD_PVM_IRQHandler                       0x080001bf   Thumb Code     0  startup_stm32l431xx.o(.text)
    QUADSPI_IRQHandler                       0x080001bf   Thumb Code     0  startup_stm32l431xx.o(.text)
    RCC_IRQHandler                           0x080001bf   Thumb Code     0  startup_stm32l431xx.o(.text)
    RNG_IRQHandler                           0x080001bf   Thumb Code     0  startup_stm32l431xx.o(.text)
    RTC_Alarm_IRQHandler                     0x080001bf   Thumb Code     0  startup_stm32l431xx.o(.text)
    RTC_WKUP_IRQHandler                      0x080001bf   Thumb Code     0  startup_stm32l431xx.o(.text)
    SAI1_IRQHandler                          0x080001bf   Thumb Code     0  startup_stm32l431xx.o(.text)
    SDMMC1_IRQHandler                        0x080001bf   Thumb Code     0  startup_stm32l431xx.o(.text)
    SPI1_IRQHandler                          0x080001bf   Thumb Code     0  startup_stm32l431xx.o(.text)
    SPI2_IRQHandler                          0x080001bf   Thumb Code     0  startup_stm32l431xx.o(.text)
    SPI3_IRQHandler                          0x080001bf   Thumb Code     0  startup_stm32l431xx.o(.text)
    SWPMI1_IRQHandler                        0x080001bf   Thumb Code     0  startup_stm32l431xx.o(.text)
    TAMP_STAMP_IRQHandler                    0x080001bf   Thumb Code     0  startup_stm32l431xx.o(.text)
    TIM1_BRK_TIM15_IRQHandler                0x080001bf   Thumb Code     0  startup_stm32l431xx.o(.text)
    TIM1_CC_IRQHandler                       0x080001bf   Thumb Code     0  startup_stm32l431xx.o(.text)
    TIM1_TRG_COM_IRQHandler                  0x080001bf   Thumb Code     0  startup_stm32l431xx.o(.text)
    TIM1_UP_TIM16_IRQHandler                 0x080001bf   Thumb Code     0  startup_stm32l431xx.o(.text)
    TIM2_IRQHandler                          0x080001bf   Thumb Code     0  startup_stm32l431xx.o(.text)
    TIM7_IRQHandler                          0x080001bf   Thumb Code     0  startup_stm32l431xx.o(.text)
    TSC_IRQHandler                           0x080001bf   Thumb Code     0  startup_stm32l431xx.o(.text)
    WWDG_IRQHandler                          0x080001bf   Thumb Code     0  startup_stm32l431xx.o(.text)
    __aeabi_uldivmod                         0x080001c9   Thumb Code    98  uldiv.o(.text)
    __aeabi_memset                           0x08000231   Thumb Code    14  memseta.o(.text)
    __aeabi_memset4                          0x08000231   Thumb Code     0  memseta.o(.text)
    __aeabi_memset8                          0x08000231   Thumb Code     0  memseta.o(.text)
    __aeabi_memclr                           0x0800023f   Thumb Code     4  memseta.o(.text)
    __aeabi_memclr4                          0x0800023f   Thumb Code     0  memseta.o(.text)
    __aeabi_memclr8                          0x0800023f   Thumb Code     0  memseta.o(.text)
    _memset$wrapper                          0x08000243   Thumb Code    18  memseta.o(.text)
    __aeabi_dadd                             0x08000255   Thumb Code   322  dadd.o(.text)
    __aeabi_dsub                             0x08000397   Thumb Code     6  dadd.o(.text)
    __aeabi_drsub                            0x0800039d   Thumb Code     6  dadd.o(.text)
    __aeabi_dmul                             0x080003b3   Thumb Code   228  dmul.o(.text)
    __aeabi_i2d                              0x0800049d   Thumb Code    34  dflti.o(.text)
    __aeabi_ui2d                             0x080004bf   Thumb Code    26  dfltui.o(.text)
    __aeabi_d2f                              0x080004d9   Thumb Code    56  d2f.o(.text)
    __aeabi_uidiv                            0x08000511   Thumb Code     0  uidiv.o(.text)
    __aeabi_uidivmod                         0x08000511   Thumb Code    44  uidiv.o(.text)
    __aeabi_llsl                             0x0800053d   Thumb Code    30  llshl.o(.text)
    _ll_shift_l                              0x0800053d   Thumb Code     0  llshl.o(.text)
    __aeabi_llsr                             0x0800055b   Thumb Code    32  llushr.o(.text)
    _ll_ushift_r                             0x0800055b   Thumb Code     0  llushr.o(.text)
    __aeabi_lasr                             0x0800057b   Thumb Code    36  llsshr.o(.text)
    _ll_sshift_r                             0x0800057b   Thumb Code     0  llsshr.o(.text)
    __I$use$fp                               0x0800059f   Thumb Code     0  iusefp.o(.text)
    _float_round                             0x0800059f   Thumb Code    18  fepilogue.o(.text)
    _float_epilogue                          0x080005b1   Thumb Code    92  fepilogue.o(.text)
    _double_round                            0x0800060d   Thumb Code    30  depilogue.o(.text)
    _double_epilogue                         0x0800062b   Thumb Code   156  depilogue.o(.text)
    __aeabi_ddiv                             0x080006c7   Thumb Code   222  ddiv.o(.text)
    __aeabi_d2ulz                            0x080007a5   Thumb Code    48  dfixul.o(.text)
    __aeabi_cdrcmple                         0x080007d5   Thumb Code    48  cdrcmple.o(.text)
    __scatterload                            0x08000805   Thumb Code    28  init.o(.text)
    __scatterload_rt2                        0x08000805   Thumb Code     0  init.o(.text)
    APP_BMP580_Config                        0x08000829   Thumb Code   100  app_bmp580.o(i.APP_BMP580_Config)
    APP_BMP580_GetData                       0x0800088d   Thumb Code    70  app_bmp580.o(i.APP_BMP580_GetData)
    APP_BMP580_Init                          0x080008d5   Thumb Code    52  app_bmp580.o(i.APP_BMP580_Init)
    APP_T117_Init                            0x08000915   Thumb Code    26  app_t117.o(i.APP_T117_Init)
    BMP580_DelayUs                           0x0800095d   Thumb Code    30  app_bmp580.o(i.BMP580_DelayUs)
    BMP580_Init                              0x080009cd   Thumb Code    42  app_bmp580.o(i.BMP580_Init)
    BSP_T117_GetStatus                       0x08000a41   Thumb Code     6  bsp_t117.o(i.BSP_T117_GetStatus)
    BSP_T117_Init                            0x08000a47   Thumb Code    94  bsp_t117.o(i.BSP_T117_Init)
    BSP_T117_SetAveraging                    0x08000ad7   Thumb Code    50  bsp_t117.o(i.BSP_T117_SetAveraging)
    BSP_T117_SetConvMode                     0x08000b09   Thumb Code     6  bsp_t117.o(i.BSP_T117_SetConvMode)
    BSP_T117_SetPDMode                       0x08000b0f   Thumb Code    50  bsp_t117.o(i.BSP_T117_SetPDMode)
    BSP_T117_SoftReset                       0x08000b41   Thumb Code     8  bsp_t117.o(i.BSP_T117_SoftReset)
    BusFault_Handler                         0x08000b6b   Thumb Code     2  stm32l4xx_it.o(i.BusFault_Handler)
    DMA1_Channel2_IRQHandler                 0x08000b6d   Thumb Code     6  stm32l4xx_it.o(i.DMA1_Channel2_IRQHandler)
    DMA1_Channel3_IRQHandler                 0x08000b79   Thumb Code     6  stm32l4xx_it.o(i.DMA1_Channel3_IRQHandler)
    DebugMon_Handler                         0x08000bb3   Thumb Code     2  stm32l4xx_it.o(i.DebugMon_Handler)
    E22_StartReceive                         0x08000bb5   Thumb Code    26  e22.o(i.E22_StartReceive)
    EXTI9_5_IRQHandler                       0x08000bd9   Thumb Code   122  gpio.o(i.EXTI9_5_IRQHandler)
    Error_Handler                            0x08000c61   Thumb Code     4  main.o(i.Error_Handler)
    GPS_Init                                 0x08000c7d   Thumb Code     4  gps.o(i.GPS_Init)
    HAL_DMA_Abort                            0x08000c81   Thumb Code    76  stm32l4xx_hal_dma.o(i.HAL_DMA_Abort)
    HAL_DMA_Abort_IT                         0x08000ccd   Thumb Code    78  stm32l4xx_hal_dma.o(i.HAL_DMA_Abort_IT)
    HAL_DMA_IRQHandler                       0x08000d1d   Thumb Code   204  stm32l4xx_hal_dma.o(i.HAL_DMA_IRQHandler)
    HAL_DMA_Init                             0x08000df1   Thumb Code   184  stm32l4xx_hal_dma.o(i.HAL_DMA_Init)
    HAL_DMA_Start_IT                         0x08000eb5   Thumb Code   116  stm32l4xx_hal_dma.o(i.HAL_DMA_Start_IT)
    HAL_Delay                                0x08000f29   Thumb Code    32  stm32l4xx_hal.o(i.HAL_Delay)
    HAL_GPIO_DeInit                          0x08000f4d   Thumb Code   290  stm32l4xx_hal_gpio.o(i.HAL_GPIO_DeInit)
    HAL_GPIO_Init                            0x08001091   Thumb Code   434  stm32l4xx_hal_gpio.o(i.HAL_GPIO_Init)
    HAL_GPIO_WritePin                        0x08001267   Thumb Code    10  stm32l4xx_hal_gpio.o(i.HAL_GPIO_WritePin)
    HAL_GetTick                              0x08001271   Thumb Code     6  stm32l4xx_hal.o(i.HAL_GetTick)
    HAL_I2CEx_ConfigAnalogFilter             0x0800127d   Thumb Code    86  stm32l4xx_hal_i2c_ex.o(i.HAL_I2CEx_ConfigAnalogFilter)
    HAL_I2CEx_ConfigDigitalFilter            0x080012d3   Thumb Code    82  stm32l4xx_hal_i2c_ex.o(i.HAL_I2CEx_ConfigDigitalFilter)
    HAL_I2C_DeInit                           0x08001325   Thumb Code    50  stm32l4xx_hal_i2c.o(i.HAL_I2C_DeInit)
    HAL_I2C_Init                             0x08001359   Thumb Code   184  stm32l4xx_hal_i2c.o(i.HAL_I2C_Init)
    HAL_I2C_IsDeviceReady                    0x08001415   Thumb Code   258  stm32l4xx_hal_i2c.o(i.HAL_I2C_IsDeviceReady)
    HAL_I2C_Master_Receive                   0x08001531   Thumb Code   282  stm32l4xx_hal_i2c.o(i.HAL_I2C_Master_Receive)
    HAL_I2C_Master_Transmit                  0x0800165d   Thumb Code   324  stm32l4xx_hal_i2c.o(i.HAL_I2C_Master_Transmit)
    HAL_I2C_Mem_Read                         0x080017b1   Thumb Code   348  stm32l4xx_hal_i2c.o(i.HAL_I2C_Mem_Read)
    HAL_I2C_Mem_Write                        0x0800191d   Thumb Code   340  stm32l4xx_hal_i2c.o(i.HAL_I2C_Mem_Write)
    HAL_I2C_MspDeInit                        0x08001a7d   Thumb Code    74  i2c.o(i.HAL_I2C_MspDeInit)
    HAL_I2C_MspInit                          0x08001ad9   Thumb Code   246  i2c.o(i.HAL_I2C_MspInit)
    HAL_IncTick                              0x08001be9   Thumb Code    12  stm32l4xx_hal.o(i.HAL_IncTick)
    HAL_Init                                 0x08001bf9   Thumb Code    30  stm32l4xx_hal.o(i.HAL_Init)
    HAL_InitTick                             0x08001c19   Thumb Code    58  stm32l4xx_hal.o(i.HAL_InitTick)
    HAL_MspInit                              0x08001c5d   Thumb Code    38  stm32l4xx_hal_msp.o(i.HAL_MspInit)
    HAL_NVIC_EnableIRQ                       0x08001c89   Thumb Code    26  stm32l4xx_hal_cortex.o(i.HAL_NVIC_EnableIRQ)
    HAL_NVIC_SetPriority                     0x08001ca5   Thumb Code    60  stm32l4xx_hal_cortex.o(i.HAL_NVIC_SetPriority)
    HAL_NVIC_SetPriorityGrouping             0x08001ce5   Thumb Code    26  stm32l4xx_hal_cortex.o(i.HAL_NVIC_SetPriorityGrouping)
    HAL_PWREx_ControlVoltageScaling          0x08001d09   Thumb Code    90  stm32l4xx_hal_pwr_ex.o(i.HAL_PWREx_ControlVoltageScaling)
    HAL_PWREx_GetVoltageRange                0x08001d71   Thumb Code    10  stm32l4xx_hal_pwr_ex.o(i.HAL_PWREx_GetVoltageRange)
    HAL_RCCEx_PeriphCLKConfig                0x08001d81   Thumb Code   682  stm32l4xx_hal_rcc_ex.o(i.HAL_RCCEx_PeriphCLKConfig)
    HAL_RCC_ClockConfig                      0x0800203d   Thumb Code   304  stm32l4xx_hal_rcc.o(i.HAL_RCC_ClockConfig)
    HAL_RCC_GetPCLK1Freq                     0x08002181   Thumb Code    24  stm32l4xx_hal_rcc.o(i.HAL_RCC_GetPCLK1Freq)
    HAL_RCC_GetPCLK2Freq                     0x080021a5   Thumb Code    24  stm32l4xx_hal_rcc.o(i.HAL_RCC_GetPCLK2Freq)
    HAL_RCC_GetSysClockFreq                  0x080021c9   Thumb Code   150  stm32l4xx_hal_rcc.o(i.HAL_RCC_GetSysClockFreq)
    HAL_RCC_OscConfig                        0x0800226d   Thumb Code  1366  stm32l4xx_hal_rcc.o(i.HAL_RCC_OscConfig)
    HAL_RTC_GetDate                          0x080027cd   Thumb Code    62  stm32l4xx_hal_rtc.o(i.HAL_RTC_GetDate)
    HAL_RTC_GetTime                          0x08002811   Thumb Code    78  stm32l4xx_hal_rtc.o(i.HAL_RTC_GetTime)
    HAL_RTC_Init                             0x08002865   Thumb Code   172  stm32l4xx_hal_rtc.o(i.HAL_RTC_Init)
    HAL_RTC_MspInit                          0x08002915   Thumb Code    60  rtc.o(i.HAL_RTC_MspInit)
    HAL_RTC_SetDate                          0x08002959   Thumb Code   156  stm32l4xx_hal_rtc.o(i.HAL_RTC_SetDate)
    HAL_RTC_SetTime                          0x080029f9   Thumb Code   198  stm32l4xx_hal_rtc.o(i.HAL_RTC_SetTime)
    HAL_RTC_WaitForSynchro                   0x08002ac5   Thumb Code    50  stm32l4xx_hal_rtc.o(i.HAL_RTC_WaitForSynchro)
    HAL_SYSTICK_Config                       0x08002afd   Thumb Code    40  stm32l4xx_hal_cortex.o(i.HAL_SYSTICK_Config)
    HAL_TIMEx_Break2Callback                 0x08002b25   Thumb Code     2  stm32l4xx_hal_tim_ex.o(i.HAL_TIMEx_Break2Callback)
    HAL_TIMEx_BreakCallback                  0x08002b27   Thumb Code     2  stm32l4xx_hal_tim_ex.o(i.HAL_TIMEx_BreakCallback)
    HAL_TIMEx_CommutCallback                 0x08002b29   Thumb Code     2  stm32l4xx_hal_tim_ex.o(i.HAL_TIMEx_CommutCallback)
    HAL_TIMEx_MasterConfigSynchronization    0x08002b2d   Thumb Code    98  stm32l4xx_hal_tim_ex.o(i.HAL_TIMEx_MasterConfigSynchronization)
    HAL_TIM_Base_Init                        0x08002b99   Thumb Code    98  stm32l4xx_hal_tim.o(i.HAL_TIM_Base_Init)
    HAL_TIM_Base_MspInit                     0x08002bfd   Thumb Code    50  tim.o(i.HAL_TIM_Base_MspInit)
    HAL_TIM_IC_CaptureCallback               0x08002c39   Thumb Code     2  stm32l4xx_hal_tim.o(i.HAL_TIM_IC_CaptureCallback)
    HAL_TIM_IRQHandler                       0x08002c3b   Thumb Code   330  stm32l4xx_hal_tim.o(i.HAL_TIM_IRQHandler)
    HAL_TIM_OC_DelayElapsedCallback          0x08002d85   Thumb Code     2  stm32l4xx_hal_tim.o(i.HAL_TIM_OC_DelayElapsedCallback)
    HAL_TIM_PWM_PulseFinishedCallback        0x08002d87   Thumb Code     2  stm32l4xx_hal_tim.o(i.HAL_TIM_PWM_PulseFinishedCallback)
    HAL_TIM_PeriodElapsedCallback            0x08002d89   Thumb Code    18  tim.o(i.HAL_TIM_PeriodElapsedCallback)
    HAL_TIM_TriggerCallback                  0x08002da5   Thumb Code     2  stm32l4xx_hal_tim.o(i.HAL_TIM_TriggerCallback)
    HAL_UARTEx_ReceiveToIdle_DMA             0x08002da7   Thumb Code    74  stm32l4xx_hal_uart_ex.o(i.HAL_UARTEx_ReceiveToIdle_DMA)
    HAL_UARTEx_RxEventCallback               0x08002df1   Thumb Code    58  e22.o(i.HAL_UARTEx_RxEventCallback)
    HAL_UARTEx_WakeupCallback                0x08002e35   Thumb Code     2  stm32l4xx_hal_uart_ex.o(i.HAL_UARTEx_WakeupCallback)
    HAL_UART_ErrorCallback                   0x08002e37   Thumb Code     2  stm32l4xx_hal_uart.o(i.HAL_UART_ErrorCallback)
    HAL_UART_IRQHandler                      0x08002e39   Thumb Code   704  stm32l4xx_hal_uart.o(i.HAL_UART_IRQHandler)
    HAL_UART_Init                            0x08003101   Thumb Code   102  stm32l4xx_hal_uart.o(i.HAL_UART_Init)
    HAL_UART_MspInit                         0x08003169   Thumb Code   414  usart.o(i.HAL_UART_MspInit)
    HAL_UART_Receive_IT                      0x08003329   Thumb Code    66  stm32l4xx_hal_uart.o(i.HAL_UART_Receive_IT)
    HAL_UART_RxCpltCallback                  0x08003371   Thumb Code    42  wind_speed.o(i.HAL_UART_RxCpltCallback)
    HAL_UART_RxHalfCpltCallback              0x080033ad   Thumb Code     2  stm32l4xx_hal_uart.o(i.HAL_UART_RxHalfCpltCallback)
    HAL_UART_Transmit                        0x080033b1   Thumb Code   172  stm32l4xx_hal_uart.o(i.HAL_UART_Transmit)
    HAL_UART_TxCpltCallback                  0x08003463   Thumb Code     2  stm32l4xx_hal_uart.o(i.HAL_UART_TxCpltCallback)
    HardFault_Handler                        0x08003465   Thumb Code     2  stm32l4xx_it.o(i.HardFault_Handler)
    I2C2_Bus_Recovery                        0x08003469   Thumb Code   258  temp.o(i.I2C2_Bus_Recovery)
    I2C2_Check_Device_ACK                    0x080035c9   Thumb Code    24  temp.o(i.I2C2_Check_Device_ACK)
    MX_DMA_Init                              0x080039e1   Thumb Code    56  dma.o(i.MX_DMA_Init)
    MX_GPIO_Init                             0x08003a1d   Thumb Code   244  gpio.o(i.MX_GPIO_Init)
    MX_I2C2_Init                             0x08003b19   Thumb Code    76  i2c.o(i.MX_I2C2_Init)
    MX_I2C3_Init                             0x08003b71   Thumb Code    76  i2c.o(i.MX_I2C3_Init)
    MX_RTC_Init                              0x08003bc9   Thumb Code    46  rtc.o(i.MX_RTC_Init)
    MX_TIM6_Init                             0x08003c01   Thumb Code    62  tim.o(i.MX_TIM6_Init)
    MX_USART1_UART_Init                      0x08003c49   Thumb Code    68  usart.o(i.MX_USART1_UART_Init)
    MX_USART2_UART_Init                      0x08003c95   Thumb Code    52  usart.o(i.MX_USART2_UART_Init)
    MX_USART3_UART_Init                      0x08003cd1   Thumb Code    52  usart.o(i.MX_USART3_UART_Init)
    MemManage_Handler                        0x08003d0d   Thumb Code     2  stm32l4xx_it.o(i.MemManage_Handler)
    NMI_Handler                              0x08003d0f   Thumb Code     2  stm32l4xx_it.o(i.NMI_Handler)
    PendSV_Handler                           0x08003d11   Thumb Code     2  stm32l4xx_it.o(i.PendSV_Handler)
    RTC_Bcd2ToByte                           0x08003ebd   Thumb Code    18  stm32l4xx_hal_rtc.o(i.RTC_Bcd2ToByte)
    RTC_ByteToBcd2                           0x08003ecf   Thumb Code    24  stm32l4xx_hal_rtc.o(i.RTC_ByteToBcd2)
    RTC_EnterInitMode                        0x08003ee9   Thumb Code    70  stm32l4xx_hal_rtc.o(i.RTC_EnterInitMode)
    RTC_ExitInitMode                         0x08003f31   Thumb Code    82  stm32l4xx_hal_rtc.o(i.RTC_ExitInitMode)
    RTC_Read_Time                            0x08003f89   Thumb Code    88  rtc.o(i.RTC_Read_Time)
    RTC_Set_Time                             0x08003fe9   Thumb Code   104  rtc.o(i.RTC_Set_Time)
    SHT40AD1B_Init                           0x08004055   Thumb Code    90  app_sht40.o(i.SHT40AD1B_Init)
    SVC_Handler                              0x08004149   Thumb Code     2  stm32l4xx_it.o(i.SVC_Handler)
    Scheduler_GetSysTick                     0x0800414d   Thumb Code     6  task_scheduler.o(i.Scheduler_GetSysTick)
    Sensor_Global_Init                       0x08004159   Thumb Code    42  app_e22_protocol.o(i.Sensor_Global_Init)
    Sensor_Init                              0x080041e5   Thumb Code    52  temp.o(i.Sensor_Init)
    SysTick_Handler                          0x08004255   Thumb Code     4  stm32l4xx_it.o(i.SysTick_Handler)
    SystemClock_Config                       0x08004259   Thumb Code   110  main.o(i.SystemClock_Config)
    SystemInit                               0x080042c9   Thumb Code    12  system_stm32l4xx.o(i.SystemInit)
    TIM6_DAC_IRQHandler                      0x080042d9   Thumb Code     6  stm32l4xx_it.o(i.TIM6_DAC_IRQHandler)
    TIM_Base_SetConfig                       0x080042e5   Thumb Code   102  stm32l4xx_hal_tim.o(i.TIM_Base_SetConfig)
    Task_BMP580_Collect                      0x08004359   Thumb Code    94  app_e22_protocol.o(i.Task_BMP580_Collect)
    UART_AdvFeatureConfig                    0x080043f9   Thumb Code   200  stm32l4xx_hal_uart.o(i.UART_AdvFeatureConfig)
    UART_CheckIdleState                      0x080044c1   Thumb Code   168  stm32l4xx_hal_uart.o(i.UART_CheckIdleState)
    UART_SetConfig                           0x0800487d   Thumb Code   478  stm32l4xx_hal_uart.o(i.UART_SetConfig)
    UART_Start_Receive_DMA                   0x08004a7d   Thumb Code   146  stm32l4xx_hal_uart.o(i.UART_Start_Receive_DMA)
    UART_Start_Receive_IT                    0x08004b1d   Thumb Code   174  stm32l4xx_hal_uart.o(i.UART_Start_Receive_IT)
    UART_WaitOnFlagUntilTimeout              0x08004bd5   Thumb Code   148  stm32l4xx_hal_uart.o(i.UART_WaitOnFlagUntilTimeout)
    USART1_IRQHandler                        0x08004c69   Thumb Code   116  usart.o(i.USART1_IRQHandler)
    USART2_IRQHandler                        0x08004ce5   Thumb Code     6  stm32l4xx_it.o(i.USART2_IRQHandler)
    USART3_IRQHandler                        0x08004cf1   Thumb Code     6  stm32l4xx_it.o(i.USART3_IRQHandler)
    UsageFault_Handler                       0x08004cfd   Thumb Code     2  stm32l4xx_it.o(i.UsageFault_Handler)
    __0printf                                0x08004d01   Thumb Code    22  printfa.o(i.__0printf)
    __1printf                                0x08004d01   Thumb Code     0  printfa.o(i.__0printf)
    __2printf                                0x08004d01   Thumb Code     0  printfa.o(i.__0printf)
    __c89printf                              0x08004d01   Thumb Code     0  printfa.o(i.__0printf)
    printf                                   0x08004d01   Thumb Code     0  printfa.o(i.__0printf)
    __scatterload_copy                       0x08004d41   Thumb Code    14  handlers.o(i.__scatterload_copy)
    __scatterload_null                       0x08004d4f   Thumb Code     2  handlers.o(i.__scatterload_null)
    __scatterload_zeroinit                   0x08004d51   Thumb Code    14  handlers.o(i.__scatterload_zeroinit)
    bmp5_get_iir_config                      0x080055f9   Thumb Code    68  bmp5.o(i.bmp5_get_iir_config)
    bmp5_get_interrupt_status                0x0800563d   Thumb Code    20  bmp5.o(i.bmp5_get_interrupt_status)
    bmp5_get_osr_odr_press_config            0x08005651   Thumb Code    70  bmp5.o(i.bmp5_get_osr_odr_press_config)
    bmp5_get_power_mode                      0x08005697   Thumb Code   168  bmp5.o(i.bmp5_get_power_mode)
    bmp5_get_regs                            0x0800573f   Thumb Code    64  bmp5.o(i.bmp5_get_regs)
    bmp5_get_sensor_data                     0x08005781   Thumb Code   136  bmp5.o(i.bmp5_get_sensor_data)
    bmp5_init                                0x0800581d   Thumb Code   138  bmp5.o(i.bmp5_init)
    bmp5_set_iir_config                      0x080058a7   Thumb Code   156  bmp5.o(i.bmp5_set_iir_config)
    bmp5_set_osr_odr_press_config            0x08005943   Thumb Code   110  bmp5.o(i.bmp5_set_osr_odr_press_config)
    bmp5_set_power_mode                      0x080059b1   Thumb Code    86  bmp5.o(i.bmp5_set_power_mode)
    bmp5_set_regs                            0x08005a07   Thumb Code   108  bmp5.o(i.bmp5_set_regs)
    bmp5_soft_reset                          0x08005a73   Thumb Code    80  bmp5.o(i.bmp5_soft_reset)
    fputc                                    0x08005ac5   Thumb Code    20  usart.o(i.fputc)
    main                                     0x08005af1   Thumb Code    66  main.o(i.main)
    sht40ad1b_device_id_get                  0x08005c57   Thumb Code     8  sht40ad1b_reg.o(i.sht40ad1b_device_id_get)
    AHBPrescTable                            0x08005cbc   Data          16  system_stm32l4xx.o(.constdata)
    MSIRangeTable                            0x08005ccc   Data          48  system_stm32l4xx.o(.constdata)
    APBPrescTable                            0x08005cfc   Data           8  system_stm32l4xx.o(.constdata)
    Region$$Table$$Base                      0x08005d04   Number         0  anon$$obj.o(Region$$Table)
    Region$$Table$$Limit                     0x08005d24   Number         0  anon$$obj.o(Region$$Table)
    gnss_rx_complete                         0x20000004   Data           1  usart.o(.data)
    gnss_frame_flag                          0x20000005   Data           1  usart.o(.data)
    gnss_rx_len                              0x20000006   Data           2  usart.o(.data)
    g_rtc_time                               0x20000008   Data           6  rtc.o(.data)
    g_sys_tick                               0x20000010   Data           4  tim.o(.data)
    uwTickFreq                               0x20000014   Data           1  stm32l4xx_hal.o(.data)
    uwTickPrio                               0x20000018   Data           4  stm32l4xx_hal.o(.data)
    uwTick                                   0x2000001c   Data           4  stm32l4xx_hal.o(.data)
    SystemCoreClock                          0x20000020   Data           4  system_stm32l4xx.o(.data)
    bmp580_data                              0x20000030   Data           8  app_bmp580.o(.data)
    __stdout                                 0x20000044   Data           4  stdout.o(.data)
    hi2c2                                    0x20000048   Data          84  i2c.o(.bss)
    hi2c3                                    0x2000009c   Data          84  i2c.o(.bss)
    gnss_rx_buf                              0x200000f0   Data        2048  usart.o(.bss)
    huart1                                   0x200008f0   Data         136  usart.o(.bss)
    huart2                                   0x20000978   Data         136  usart.o(.bss)
    huart3                                   0x20000a00   Data         136  usart.o(.bss)
    hdma_usart3_rx                           0x20000a88   Data          72  usart.o(.bss)
    hdma_usart3_tx                           0x20000ad0   Data          72  usart.o(.bss)
    hrtc                                     0x20000b18   Data          36  rtc.o(.bss)
    htim6                                    0x20000b3c   Data          76  tim.o(.bss)
    g_gps_data                               0x20001f64   Data          44  gps.o(.bss)
    bmp580_dev                               0x20001fc4   Data          24  app_bmp580.o(.bss)
    g_t117p_cache                            0x20001fdc   Data          16  temp.o(.bss)
    g_sht4x_cache                            0x20001fec   Data          16  temp.o(.bss)
    g_fused_result                           0x20001ffc   Data          12  temp.o(.bss)
    __initial_sp                             0x20002408   Data           0  startup_stm32l431xx.o(STACK)



==============================================================================

Memory Map of the image

  Image Entry point : 0x0800018d

  Load Region LR_IROM1 (Base: 0x08000000, Size: 0x00005d6c, Max: 0x00040000, ABSOLUTE)

    Execution Region ER_IROM1 (Exec base: 0x08000000, Load base: 0x08000000, Size: 0x00005d24, Max: 0x00040000, ABSOLUTE)

    Exec Addr    Load Addr    Size         Type   Attr      Idx    E Section Name        Object

    0x08000000   0x08000000   0x0000018c   Data   RO            3    RESET               startup_stm32l431xx.o
    0x0800018c   0x0800018c   0x00000000   Code   RO         5893  * .ARM.Collect$$$$00000000  mc_w.l(entry.o)
    0x0800018c   0x0800018c   0x00000004   Code   RO         6197    .ARM.Collect$$$$00000001  mc_w.l(entry2.o)
    0x08000190   0x08000190   0x00000004   Code   RO         6200    .ARM.Collect$$$$00000004  mc_w.l(entry5.o)
    0x08000194   0x08000194   0x00000000   Code   RO         6202    .ARM.Collect$$$$00000008  mc_w.l(entry7b.o)
    0x08000194   0x08000194   0x00000000   Code   RO         6204    .ARM.Collect$$$$0000000A  mc_w.l(entry8b.o)
    0x08000194   0x08000194   0x00000008   Code   RO         6205    .ARM.Collect$$$$0000000B  mc_w.l(entry9a.o)
    0x0800019c   0x0800019c   0x00000004   Code   RO         6212    .ARM.Collect$$$$0000000E  mc_w.l(entry12b.o)
    0x080001a0   0x080001a0   0x00000000   Code   RO         6207    .ARM.Collect$$$$0000000F  mc_w.l(entry10a.o)
    0x080001a0   0x080001a0   0x00000000   Code   RO         6209    .ARM.Collect$$$$00000011  mc_w.l(entry11a.o)
    0x080001a0   0x080001a0   0x00000004   Code   RO         6198    .ARM.Collect$$$$00002712  mc_w.l(entry2.o)
    0x080001a4   0x080001a4   0x00000024   Code   RO            4    .text               startup_stm32l431xx.o
    0x080001c8   0x080001c8   0x00000068   Code   RO         5896    .text               mc_w.l(uldiv.o)
    0x08000230   0x08000230   0x00000024   Code   RO         5900    .text               mc_w.l(memseta.o)
    0x08000254   0x08000254   0x0000015e   Code   RO         6183    .text               mf_w.l(dadd.o)
    0x080003b2   0x080003b2   0x000000ea   Code   RO         6185    .text               mf_w.l(dmul.o)
    0x0800049c   0x0800049c   0x00000022   Code   RO         6187    .text               mf_w.l(dflti.o)
    0x080004be   0x080004be   0x0000001a   Code   RO         6189    .text               mf_w.l(dfltui.o)
    0x080004d8   0x080004d8   0x00000038   Code   RO         6195    .text               mf_w.l(d2f.o)
    0x08000510   0x08000510   0x0000002c   Code   RO         6214    .text               mc_w.l(uidiv.o)
    0x0800053c   0x0800053c   0x0000001e   Code   RO         6216    .text               mc_w.l(llshl.o)
    0x0800055a   0x0800055a   0x00000020   Code   RO         6218    .text               mc_w.l(llushr.o)
    0x0800057a   0x0800057a   0x00000024   Code   RO         6220    .text               mc_w.l(llsshr.o)
    0x0800059e   0x0800059e   0x00000000   Code   RO         6237    .text               mc_w.l(iusefp.o)
    0x0800059e   0x0800059e   0x0000006e   Code   RO         6238    .text               mf_w.l(fepilogue.o)
    0x0800060c   0x0800060c   0x000000ba   Code   RO         6240    .text               mf_w.l(depilogue.o)
    0x080006c6   0x080006c6   0x000000de   Code   RO         6242    .text               mf_w.l(ddiv.o)
    0x080007a4   0x080007a4   0x00000030   Code   RO         6248    .text               mf_w.l(dfixul.o)
    0x080007d4   0x080007d4   0x00000030   Code   RO         6252    .text               mf_w.l(cdrcmple.o)
    0x08000804   0x08000804   0x00000024   Code   RO         6254    .text               mc_w.l(init.o)
    0x08000828   0x08000828   0x00000064   Code   RO         5388    i.APP_BMP580_Config  app_bmp580.o
    0x0800088c   0x0800088c   0x00000046   Code   RO         5389    i.APP_BMP580_GetData  app_bmp580.o
    0x080008d2   0x080008d2   0x00000002   PAD
    0x080008d4   0x080008d4   0x00000040   Code   RO         5390    i.APP_BMP580_Init   app_bmp580.o
    0x08000914   0x08000914   0x00000048   Code   RO         5454    i.APP_T117_Init     app_t117.o
    0x0800095c   0x0800095c   0x00000028   Code   RO         5391    i.BMP580_DelayUs    app_bmp580.o
    0x08000984   0x08000984   0x00000024   Code   RO         5392    i.BMP580_I2C_Read   app_bmp580.o
    0x080009a8   0x080009a8   0x00000024   Code   RO         5393    i.BMP580_I2C_Write  app_bmp580.o
    0x080009cc   0x080009cc   0x00000074   Code   RO         5394    i.BMP580_Init       app_bmp580.o
    0x08000a40   0x08000a40   0x00000006   Code   RO         4977    i.BSP_T117_GetStatus  bsp_t117.o
    0x08000a46   0x08000a46   0x0000005e   Code   RO         4979    i.BSP_T117_Init     bsp_t117.o
    0x08000aa4   0x08000aa4   0x00000032   Code   RO         4980    i.BSP_T117_ReadReg  bsp_t117.o
    0x08000ad6   0x08000ad6   0x00000032   Code   RO         4981    i.BSP_T117_SetAveraging  bsp_t117.o
    0x08000b08   0x08000b08   0x00000006   Code   RO         4982    i.BSP_T117_SetConvMode  bsp_t117.o
    0x08000b0e   0x08000b0e   0x00000032   Code   RO         4984    i.BSP_T117_SetPDMode  bsp_t117.o
    0x08000b40   0x08000b40   0x00000008   Code   RO         4985    i.BSP_T117_SoftReset  bsp_t117.o
    0x08000b48   0x08000b48   0x00000022   Code   RO         4987    i.BSP_T117_WriteReg  bsp_t117.o
    0x08000b6a   0x08000b6a   0x00000002   Code   RO          418    i.BusFault_Handler  stm32l4xx_it.o
    0x08000b6c   0x08000b6c   0x0000000c   Code   RO          419    i.DMA1_Channel2_IRQHandler  stm32l4xx_it.o
    0x08000b78   0x08000b78   0x0000000c   Code   RO          420    i.DMA1_Channel3_IRQHandler  stm32l4xx_it.o
    0x08000b84   0x08000b84   0x0000002e   Code   RO         2007    i.DMA_SetConfig     stm32l4xx_hal_dma.o
    0x08000bb2   0x08000bb2   0x00000002   Code   RO          421    i.DebugMon_Handler  stm32l4xx_it.o
    0x08000bb4   0x08000bb4   0x00000024   Code   RO         5063    i.E22_StartReceive  e22.o
    0x08000bd8   0x08000bd8   0x00000088   Code   RO          248    i.EXTI9_5_IRQHandler  gpio.o
    0x08000c60   0x08000c60   0x00000004   Code   RO           13    i.Error_Handler     main.o
    0x08000c64   0x08000c64   0x00000018   Code   RO         5144    i.GPS_Clear_Data    gps.o
    0x08000c7c   0x08000c7c   0x00000004   Code   RO         5147    i.GPS_Init          gps.o
    0x08000c80   0x08000c80   0x0000004c   Code   RO         2008    i.HAL_DMA_Abort     stm32l4xx_hal_dma.o
    0x08000ccc   0x08000ccc   0x0000004e   Code   RO         2009    i.HAL_DMA_Abort_IT  stm32l4xx_hal_dma.o
    0x08000d1a   0x08000d1a   0x00000002   PAD
    0x08000d1c   0x08000d1c   0x000000d4   Code   RO         2013    i.HAL_DMA_IRQHandler  stm32l4xx_hal_dma.o
    0x08000df0   0x08000df0   0x000000c4   Code   RO         2014    i.HAL_DMA_Init      stm32l4xx_hal_dma.o
    0x08000eb4   0x08000eb4   0x00000074   Code   RO         2018    i.HAL_DMA_Start_IT  stm32l4xx_hal_dma.o
    0x08000f28   0x08000f28   0x00000024   Code   RO         1221    i.HAL_Delay         stm32l4xx_hal.o
    0x08000f4c   0x08000f4c   0x00000142   Code   RO         1941    i.HAL_GPIO_DeInit   stm32l4xx_hal_gpio.o
    0x0800108e   0x0800108e   0x00000002   PAD
    0x08001090   0x08001090   0x000001d6   Code   RO         1944    i.HAL_GPIO_Init     stm32l4xx_hal_gpio.o
    0x08001266   0x08001266   0x0000000a   Code   RO         1948    i.HAL_GPIO_WritePin  stm32l4xx_hal_gpio.o
    0x08001270   0x08001270   0x0000000c   Code   RO         1225    i.HAL_GetTick       stm32l4xx_hal.o
    0x0800127c   0x0800127c   0x00000056   Code   RO         1160    i.HAL_I2CEx_ConfigAnalogFilter  stm32l4xx_hal_i2c_ex.o
    0x080012d2   0x080012d2   0x00000052   Code   RO         1161    i.HAL_I2CEx_ConfigDigitalFilter  stm32l4xx_hal_i2c_ex.o
    0x08001324   0x08001324   0x00000032   Code   RO          690    i.HAL_I2C_DeInit    stm32l4xx_hal_i2c.o
    0x08001356   0x08001356   0x00000002   PAD
    0x08001358   0x08001358   0x000000bc   Code   RO          699    i.HAL_I2C_Init      stm32l4xx_hal_i2c.o
    0x08001414   0x08001414   0x0000011a   Code   RO          700    i.HAL_I2C_IsDeviceReady  stm32l4xx_hal_i2c.o
    0x0800152e   0x0800152e   0x00000002   PAD
    0x08001530   0x08001530   0x0000012a   Code   RO          705    i.HAL_I2C_Master_Receive  stm32l4xx_hal_i2c.o
    0x0800165a   0x0800165a   0x00000002   PAD
    0x0800165c   0x0800165c   0x00000152   Code   RO          712    i.HAL_I2C_Master_Transmit  stm32l4xx_hal_i2c.o
    0x080017ae   0x080017ae   0x00000002   PAD
    0x080017b0   0x080017b0   0x0000016a   Code   RO          717    i.HAL_I2C_Mem_Read  stm32l4xx_hal_i2c.o
    0x0800191a   0x0800191a   0x00000002   PAD
    0x0800191c   0x0800191c   0x0000015e   Code   RO          720    i.HAL_I2C_Mem_Write  stm32l4xx_hal_i2c.o
    0x08001a7a   0x08001a7a   0x00000002   PAD
    0x08001a7c   0x08001a7c   0x0000005c   Code   RO          291    i.HAL_I2C_MspDeInit  i2c.o
    0x08001ad8   0x08001ad8   0x0000010e   Code   RO          292    i.HAL_I2C_MspInit   i2c.o
    0x08001be6   0x08001be6   0x00000002   PAD
    0x08001be8   0x08001be8   0x00000010   Code   RO         1231    i.HAL_IncTick       stm32l4xx_hal.o
    0x08001bf8   0x08001bf8   0x0000001e   Code   RO         1232    i.HAL_Init          stm32l4xx_hal.o
    0x08001c16   0x08001c16   0x00000002   PAD
    0x08001c18   0x08001c18   0x00000044   Code   RO         1233    i.HAL_InitTick      stm32l4xx_hal.o
    0x08001c5c   0x08001c5c   0x0000002c   Code   RO          524    i.HAL_MspInit       stm32l4xx_hal_msp.o
    0x08001c88   0x08001c88   0x0000001a   Code   RO         2433    i.HAL_NVIC_EnableIRQ  stm32l4xx_hal_cortex.o
    0x08001ca2   0x08001ca2   0x00000002   PAD
    0x08001ca4   0x08001ca4   0x00000040   Code   RO         2439    i.HAL_NVIC_SetPriority  stm32l4xx_hal_cortex.o
    0x08001ce4   0x08001ce4   0x00000024   Code   RO         2440    i.HAL_NVIC_SetPriorityGrouping  stm32l4xx_hal_cortex.o
    0x08001d08   0x08001d08   0x00000068   Code   RO         2235    i.HAL_PWREx_ControlVoltageScaling  stm32l4xx_hal_pwr_ex.o
    0x08001d70   0x08001d70   0x00000010   Code   RO         2258    i.HAL_PWREx_GetVoltageRange  stm32l4xx_hal_pwr_ex.o
    0x08001d80   0x08001d80   0x000002ba   Code   RO         1577    i.HAL_RCCEx_PeriphCLKConfig  stm32l4xx_hal_rcc_ex.o
    0x0800203a   0x0800203a   0x00000002   PAD
    0x0800203c   0x0800203c   0x00000144   Code   RO         1449    i.HAL_RCC_ClockConfig  stm32l4xx_hal_rcc.o
    0x08002180   0x08002180   0x00000024   Code   RO         1455    i.HAL_RCC_GetPCLK1Freq  stm32l4xx_hal_rcc.o
    0x080021a4   0x080021a4   0x00000024   Code   RO         1456    i.HAL_RCC_GetPCLK2Freq  stm32l4xx_hal_rcc.o
    0x080021c8   0x080021c8   0x000000a4   Code   RO         1458    i.HAL_RCC_GetSysClockFreq  stm32l4xx_hal_rcc.o
    0x0800226c   0x0800226c   0x00000560   Code   RO         1461    i.HAL_RCC_OscConfig  stm32l4xx_hal_rcc.o
    0x080027cc   0x080027cc   0x00000044   Code   RO         3137    i.HAL_RTC_GetDate   stm32l4xx_hal_rtc.o
    0x08002810   0x08002810   0x00000054   Code   RO         3139    i.HAL_RTC_GetTime   stm32l4xx_hal_rtc.o
    0x08002864   0x08002864   0x000000b0   Code   RO         3140    i.HAL_RTC_Init      stm32l4xx_hal_rtc.o
    0x08002914   0x08002914   0x00000044   Code   RO          573    i.HAL_RTC_MspInit   rtc.o
    0x08002958   0x08002958   0x000000a0   Code   RO         3146    i.HAL_RTC_SetDate   stm32l4xx_hal_rtc.o
    0x080029f8   0x080029f8   0x000000cc   Code   RO         3147    i.HAL_RTC_SetTime   stm32l4xx_hal_rtc.o
    0x08002ac4   0x08002ac4   0x00000038   Code   RO         3148    i.HAL_RTC_WaitForSynchro  stm32l4xx_hal_rtc.o
    0x08002afc   0x08002afc   0x00000028   Code   RO         2444    i.HAL_SYSTICK_Config  stm32l4xx_hal_cortex.o
    0x08002b24   0x08002b24   0x00000002   Code   RO         4255    i.HAL_TIMEx_Break2Callback  stm32l4xx_hal_tim_ex.o
    0x08002b26   0x08002b26   0x00000002   Code   RO         4256    i.HAL_TIMEx_BreakCallback  stm32l4xx_hal_tim_ex.o
    0x08002b28   0x08002b28   0x00000002   Code   RO         4257    i.HAL_TIMEx_CommutCallback  stm32l4xx_hal_tim_ex.o
    0x08002b2a   0x08002b2a   0x00000002   PAD
    0x08002b2c   0x08002b2c   0x0000006c   Code   RO         4277    i.HAL_TIMEx_MasterConfigSynchronization  stm32l4xx_hal_tim_ex.o
    0x08002b98   0x08002b98   0x00000062   Code   RO         3541    i.HAL_TIM_Base_Init  stm32l4xx_hal_tim.o
    0x08002bfa   0x08002bfa   0x00000002   PAD
    0x08002bfc   0x08002bfc   0x0000003c   Code   RO          640    i.HAL_TIM_Base_MspInit  tim.o
    0x08002c38   0x08002c38   0x00000002   Code   RO         3575    i.HAL_TIM_IC_CaptureCallback  stm32l4xx_hal_tim.o
    0x08002c3a   0x08002c3a   0x0000014a   Code   RO         3589    i.HAL_TIM_IRQHandler  stm32l4xx_hal_tim.o
    0x08002d84   0x08002d84   0x00000002   Code   RO         3592    i.HAL_TIM_OC_DelayElapsedCallback  stm32l4xx_hal_tim.o
    0x08002d86   0x08002d86   0x00000002   Code   RO         3619    i.HAL_TIM_PWM_PulseFinishedCallback  stm32l4xx_hal_tim.o
    0x08002d88   0x08002d88   0x0000001c   Code   RO          641    i.HAL_TIM_PeriodElapsedCallback  tim.o
    0x08002da4   0x08002da4   0x00000002   Code   RO         3632    i.HAL_TIM_TriggerCallback  stm32l4xx_hal_tim.o
    0x08002da6   0x08002da6   0x0000004a   Code   RO         3045    i.HAL_UARTEx_ReceiveToIdle_DMA  stm32l4xx_hal_uart_ex.o
    0x08002df0   0x08002df0   0x00000044   Code   RO         5066    i.HAL_UARTEx_RxEventCallback  e22.o
    0x08002e34   0x08002e34   0x00000002   Code   RO         3048    i.HAL_UARTEx_WakeupCallback  stm32l4xx_hal_uart_ex.o
    0x08002e36   0x08002e36   0x00000002   Code   RO         2670    i.HAL_UART_ErrorCallback  stm32l4xx_hal_uart.o
    0x08002e38   0x08002e38   0x000002c8   Code   RO         2673    i.HAL_UART_IRQHandler  stm32l4xx_hal_uart.o
    0x08003100   0x08003100   0x00000066   Code   RO         2674    i.HAL_UART_Init     stm32l4xx_hal_uart.o
    0x08003166   0x08003166   0x00000002   PAD
    0x08003168   0x08003168   0x000001c0   Code   RO          346    i.HAL_UART_MspInit  usart.o
    0x08003328   0x08003328   0x00000048   Code   RO         2679    i.HAL_UART_Receive_IT  stm32l4xx_hal_uart.o
    0x08003370   0x08003370   0x0000003c   Code   RO         5323    i.HAL_UART_RxCpltCallback  wind_speed.o
    0x080033ac   0x080033ac   0x00000002   Code   RO         2682    i.HAL_UART_RxHalfCpltCallback  stm32l4xx_hal_uart.o
    0x080033ae   0x080033ae   0x00000002   PAD
    0x080033b0   0x080033b0   0x000000b2   Code   RO         2683    i.HAL_UART_Transmit  stm32l4xx_hal_uart.o
    0x08003462   0x08003462   0x00000002   Code   RO         2686    i.HAL_UART_TxCpltCallback  stm32l4xx_hal_uart.o
    0x08003464   0x08003464   0x00000002   Code   RO          422    i.HardFault_Handler  stm32l4xx_it.o
    0x08003466   0x08003466   0x00000002   PAD
    0x08003468   0x08003468   0x00000160   Code   RO         5492    i.I2C2_Bus_Recovery  temp.o
    0x080035c8   0x080035c8   0x0000001c   Code   RO         5493    i.I2C2_Check_Device_ACK  temp.o
    0x080035e4   0x080035e4   0x00000022   Code   RO          746    i.I2C_Flush_TXDR    stm32l4xx_hal_i2c.o
    0x08003606   0x08003606   0x00000002   PAD
    0x08003608   0x08003608   0x0000010c   Code   RO          754    i.I2C_IsErrorOccurred  stm32l4xx_hal_i2c.o
    0x08003714   0x08003714   0x00000064   Code   RO          759    i.I2C_RequestMemoryRead  stm32l4xx_hal_i2c.o
    0x08003778   0x08003778   0x00000064   Code   RO          760    i.I2C_RequestMemoryWrite  stm32l4xx_hal_i2c.o
    0x080037dc   0x080037dc   0x00000030   Code   RO          763    i.I2C_TransferConfig  stm32l4xx_hal_i2c.o
    0x0800380c   0x0800380c   0x0000007a   Code   RO          765    i.I2C_WaitOnFlagUntilTimeout  stm32l4xx_hal_i2c.o
    0x08003886   0x08003886   0x00000002   PAD
    0x08003888   0x08003888   0x000000a8   Code   RO          766    i.I2C_WaitOnRXNEFlagUntilTimeout  stm32l4xx_hal_i2c.o
    0x08003930   0x08003930   0x00000056   Code   RO          767    i.I2C_WaitOnSTOPFlagUntilTimeout  stm32l4xx_hal_i2c.o
    0x08003986   0x08003986   0x0000005a   Code   RO          768    i.I2C_WaitOnTXISFlagUntilTimeout  stm32l4xx_hal_i2c.o
    0x080039e0   0x080039e0   0x0000003c   Code   RO          548    i.MX_DMA_Init       dma.o
    0x08003a1c   0x08003a1c   0x000000fc   Code   RO          249    i.MX_GPIO_Init      gpio.o
    0x08003b18   0x08003b18   0x00000058   Code   RO          294    i.MX_I2C2_Init      i2c.o
    0x08003b70   0x08003b70   0x00000058   Code   RO          295    i.MX_I2C3_Init      i2c.o
    0x08003bc8   0x08003bc8   0x00000038   Code   RO          574    i.MX_RTC_Init       rtc.o
    0x08003c00   0x08003c00   0x00000048   Code   RO          642    i.MX_TIM6_Init      tim.o
    0x08003c48   0x08003c48   0x0000004c   Code   RO          347    i.MX_USART1_UART_Init  usart.o
    0x08003c94   0x08003c94   0x0000003c   Code   RO          348    i.MX_USART2_UART_Init  usart.o
    0x08003cd0   0x08003cd0   0x0000003c   Code   RO          349    i.MX_USART3_UART_Init  usart.o
    0x08003d0c   0x08003d0c   0x00000002   Code   RO          423    i.MemManage_Handler  stm32l4xx_it.o
    0x08003d0e   0x08003d0e   0x00000002   Code   RO          424    i.NMI_Handler       stm32l4xx_it.o
    0x08003d10   0x08003d10   0x00000002   Code   RO          425    i.PendSV_Handler    stm32l4xx_it.o
    0x08003d12   0x08003d12   0x00000002   PAD
    0x08003d14   0x08003d14   0x0000012c   Code   RO         1581    i.RCCEx_PLLSAI1_Config  stm32l4xx_hal_rcc_ex.o
    0x08003e40   0x08003e40   0x0000007c   Code   RO         1462    i.RCC_SetFlashLatencyFromMSIRange  stm32l4xx_hal_rcc.o
    0x08003ebc   0x08003ebc   0x00000012   Code   RO         3149    i.RTC_Bcd2ToByte    stm32l4xx_hal_rtc.o
    0x08003ece   0x08003ece   0x00000018   Code   RO         3150    i.RTC_ByteToBcd2    stm32l4xx_hal_rtc.o
    0x08003ee6   0x08003ee6   0x00000002   PAD
    0x08003ee8   0x08003ee8   0x00000046   Code   RO         3151    i.RTC_EnterInitMode  stm32l4xx_hal_rtc.o
    0x08003f2e   0x08003f2e   0x00000002   PAD
    0x08003f30   0x08003f30   0x00000058   Code   RO         3152    i.RTC_ExitInitMode  stm32l4xx_hal_rtc.o
    0x08003f88   0x08003f88   0x00000060   Code   RO          576    i.RTC_Read_Time     rtc.o
    0x08003fe8   0x08003fe8   0x0000006c   Code   RO          577    i.RTC_Set_Time      rtc.o
    0x08004054   0x08004054   0x000000f4   Code   RO         5269    i.SHT40AD1B_Init    app_sht40.o
    0x08004148   0x08004148   0x00000002   Code   RO          426    i.SVC_Handler       stm32l4xx_it.o
    0x0800414a   0x0800414a   0x00000002   PAD
    0x0800414c   0x0800414c   0x0000000c   Code   RO         5811    i.Scheduler_GetSysTick  task_scheduler.o
    0x08004158   0x08004158   0x0000008c   Code   RO         5711    i.Sensor_Global_Init  app_e22_protocol.o
    0x080041e4   0x080041e4   0x00000070   Code   RO         5498    i.Sensor_Init       temp.o
    0x08004254   0x08004254   0x00000004   Code   RO          427    i.SysTick_Handler   stm32l4xx_it.o
    0x08004258   0x08004258   0x0000006e   Code   RO           14    i.SystemClock_Config  main.o
    0x080042c6   0x080042c6   0x00000002   PAD
    0x080042c8   0x080042c8   0x00000010   Code   RO         4541    i.SystemInit        system_stm32l4xx.o
    0x080042d8   0x080042d8   0x0000000c   Code   RO          428    i.TIM6_DAC_IRQHandler  stm32l4xx_it.o
    0x080042e4   0x080042e4   0x00000074   Code   RO         3634    i.TIM_Base_SetConfig  stm32l4xx_hal_tim.o
    0x08004358   0x08004358   0x000000a0   Code   RO         5712    i.Task_BMP580_Collect  app_e22_protocol.o
    0x080043f8   0x080043f8   0x000000c8   Code   RO         2688    i.UART_AdvFeatureConfig  stm32l4xx_hal_uart.o
    0x080044c0   0x080044c0   0x000000a8   Code   RO         2689    i.UART_CheckIdleState  stm32l4xx_hal_uart.o
    0x08004568   0x08004568   0x0000000a   Code   RO         2690    i.UART_DMAAbortOnError  stm32l4xx_hal_uart.o
    0x08004572   0x08004572   0x00000042   Code   RO         2691    i.UART_DMAError     stm32l4xx_hal_uart.o
    0x080045b4   0x080045b4   0x00000096   Code   RO         2692    i.UART_DMAReceiveCplt  stm32l4xx_hal_uart.o
    0x0800464a   0x0800464a   0x0000003c   Code   RO         2694    i.UART_DMARxHalfCplt  stm32l4xx_hal_uart.o
    0x08004686   0x08004686   0x0000004c   Code   RO         2700    i.UART_EndRxTransfer  stm32l4xx_hal_uart.o
    0x080046d2   0x080046d2   0x00000018   Code   RO         2701    i.UART_EndTxTransfer  stm32l4xx_hal_uart.o
    0x080046ea   0x080046ea   0x00000002   PAD
    0x080046ec   0x080046ec   0x000000c8   Code   RO         2702    i.UART_RxISR_16BIT  stm32l4xx_hal_uart.o
    0x080047b4   0x080047b4   0x000000c8   Code   RO         2703    i.UART_RxISR_8BIT   stm32l4xx_hal_uart.o
    0x0800487c   0x0800487c   0x00000200   Code   RO         2704    i.UART_SetConfig    stm32l4xx_hal_uart.o
    0x08004a7c   0x08004a7c   0x000000a0   Code   RO         2705    i.UART_Start_Receive_DMA  stm32l4xx_hal_uart.o
    0x08004b1c   0x08004b1c   0x000000b8   Code   RO         2706    i.UART_Start_Receive_IT  stm32l4xx_hal_uart.o
    0x08004bd4   0x08004bd4   0x00000094   Code   RO         2709    i.UART_WaitOnFlagUntilTimeout  stm32l4xx_hal_uart.o
    0x08004c68   0x08004c68   0x0000007c   Code   RO          350    i.USART1_IRQHandler  usart.o
    0x08004ce4   0x08004ce4   0x0000000c   Code   RO          429    i.USART2_IRQHandler  stm32l4xx_it.o
    0x08004cf0   0x08004cf0   0x0000000c   Code   RO          430    i.USART3_IRQHandler  stm32l4xx_it.o
    0x08004cfc   0x08004cfc   0x00000002   Code   RO          431    i.UsageFault_Handler  stm32l4xx_it.o
    0x08004cfe   0x08004cfe   0x00000002   PAD
    0x08004d00   0x08004d00   0x00000020   Code   RO         6151    i.__0printf         mc_w.l(printfa.o)
    0x08004d20   0x08004d20   0x00000020   Code   RO         2446    i.__NVIC_SetPriority  stm32l4xx_hal_cortex.o
    0x08004d40   0x08004d40   0x0000000e   Code   RO         6271    i.__scatterload_copy  mc_w.l(handlers.o)
    0x08004d4e   0x08004d4e   0x00000002   Code   RO         6272    i.__scatterload_null  mc_w.l(handlers.o)
    0x08004d50   0x08004d50   0x0000000e   Code   RO         6273    i.__scatterload_zeroinit  mc_w.l(handlers.o)
    0x08004d5e   0x08004d5e   0x00000002   PAD
    0x08004d60   0x08004d60   0x0000018a   Code   RO         6158    i._fp_digits        mc_w.l(printfa.o)
    0x08004eea   0x08004eea   0x00000002   PAD
    0x08004eec   0x08004eec   0x000006ba   Code   RO         6159    i._printf_core      mc_w.l(printfa.o)
    0x080055a6   0x080055a6   0x00000024   Code   RO         6160    i._printf_post_padding  mc_w.l(printfa.o)
    0x080055ca   0x080055ca   0x0000002e   Code   RO         6161    i._printf_pre_padding  mc_w.l(printfa.o)
    0x080055f8   0x080055f8   0x00000044   Code   RO         4784    i.bmp5_get_iir_config  bmp5.o
    0x0800563c   0x0800563c   0x00000014   Code   RO         4785    i.bmp5_get_interrupt_status  bmp5.o
    0x08005650   0x08005650   0x00000046   Code   RO         4788    i.bmp5_get_osr_odr_press_config  bmp5.o
    0x08005696   0x08005696   0x000000a8   Code   RO         4789    i.bmp5_get_power_mode  bmp5.o
    0x0800573e   0x0800573e   0x00000040   Code   RO         4790    i.bmp5_get_regs     bmp5.o
    0x0800577e   0x0800577e   0x00000002   PAD
    0x08005780   0x08005780   0x0000009c   Code   RO         4791    i.bmp5_get_sensor_data  bmp5.o
    0x0800581c   0x0800581c   0x0000008a   Code   RO         4792    i.bmp5_init         bmp5.o
    0x080058a6   0x080058a6   0x0000009c   Code   RO         4797    i.bmp5_set_iir_config  bmp5.o
    0x08005942   0x08005942   0x0000006e   Code   RO         4799    i.bmp5_set_osr_odr_press_config  bmp5.o
    0x080059b0   0x080059b0   0x00000056   Code   RO         4800    i.bmp5_set_power_mode  bmp5.o
    0x08005a06   0x08005a06   0x0000006c   Code   RO         4801    i.bmp5_set_regs     bmp5.o
    0x08005a72   0x08005a72   0x00000050   Code   RO         4802    i.bmp5_soft_reset   bmp5.o
    0x08005ac2   0x08005ac2   0x00000002   PAD
    0x08005ac4   0x08005ac4   0x00000018   Code   RO          352    i.fputc             usart.o
    0x08005adc   0x08005adc   0x00000014   Code   RO         4803    i.get_nvm_status    bmp5.o
    0x08005af0   0x08005af0   0x0000006c   Code   RO           15    i.main              main.o
    0x08005b5c   0x08005b5c   0x00000018   Code   RO         4804    i.null_ptr_check    bmp5.o
    0x08005b74   0x08005b74   0x0000008a   Code   RO         4806    i.set_deep_standby_mode  bmp5.o
    0x08005bfe   0x08005bfe   0x00000034   Code   RO         4809    i.set_power_mode    bmp5.o
    0x08005c32   0x08005c32   0x00000020   Code   RO         4810    i.set_standby_mode  bmp5.o
    0x08005c52   0x08005c52   0x00000004   Code   RO         5272    i.sht40ad1b_delay_ms  app_sht40.o
    0x08005c56   0x08005c56   0x00000008   Code   RO         4740    i.sht40ad1b_device_id_get  sht40ad1b_reg.o
    0x08005c5e   0x08005c5e   0x0000002e   Code   RO         5273    i.sht40ad1b_i2c_read  app_sht40.o
    0x08005c8c   0x08005c8c   0x0000002e   Code   RO         5274    i.sht40ad1b_i2c_write  app_sht40.o
    0x08005cba   0x08005cba   0x00000002   PAD
    0x08005cbc   0x08005cbc   0x00000040   Data   RO         4542    .constdata          system_stm32l4xx.o
    0x08005cfc   0x08005cfc   0x00000008   Data   RO         4543    .constdata          system_stm32l4xx.o
    0x08005d04   0x08005d04   0x00000020   Data   RO         6269    Region$$Table       anon$$obj.o


    Execution Region RW_IRAM2 (Exec base: 0x10000000, Load base: 0x08005d6c, Size: 0x00000000, Max: 0x00004000, ABSOLUTE)

    **** No section assigned to this execution region ****


    Execution Region RW_IRAM1 (Exec base: 0x20000000, Load base: 0x08005d24, Size: 0x00002408, Max: 0x0000c000, ABSOLUTE)

    Exec Addr    Load Addr    Size         Type   Attr      Idx    E Section Name        Object

    0x20000000   0x08005d24   0x00000004   Data   RW          250    .data               gpio.o
    0x20000004   0x08005d28   0x00000004   Data   RW          354    .data               usart.o
    0x20000008   0x08005d2c   0x00000006   Data   RW          580    .data               rtc.o
    0x2000000e   0x08005d32   0x00000002   PAD
    0x20000010   0x08005d34   0x00000004   Data   RW          644    .data               tim.o
    0x20000014   0x08005d38   0x0000000c   Data   RW         1249    .data               stm32l4xx_hal.o
    0x20000020   0x08005d44   0x00000004   Data   RW         4544    .data               system_stm32l4xx.o
    0x20000024   0x08005d48   0x0000000c   Data   RW         5333    .data               wind_speed.o
    0x20000030   0x08005d54   0x00000008   Data   RW         5396    .data               app_bmp580.o
    0x20000038   0x08005d5c   0x00000003   Data   RW         5457    .data               app_t117.o
    0x2000003b   0x08005d5f   0x00000001   PAD
    0x2000003c   0x08005d60   0x00000008   Data   RW         5720    .data               app_e22_protocol.o
    0x20000044   0x08005d68   0x00000004   Data   RW         6213    .data               mc_w.l(stdout.o)
    0x20000048        -       0x000000a8   Zero   RW          296    .bss                i2c.o
    0x200000f0        -       0x00000a28   Zero   RW          353    .bss                usart.o
    0x20000b18        -       0x00000024   Zero   RW          579    .bss                rtc.o
    0x20000b3c        -       0x0000004c   Zero   RW          643    .bss                tim.o
    0x20000b88        -       0x000013dc   Zero   RW         5068    .bss                e22.o
    0x20001f64        -       0x0000002c   Zero   RW         5152    .bss                gps.o
    0x20001f90        -       0x00000014   Zero   RW         5275    .bss                app_sht40.o
    0x20001fa4        -       0x00000020   Zero   RW         5330    .bss                wind_speed.o
    0x20001fc4        -       0x00000018   Zero   RW         5395    .bss                app_bmp580.o
    0x20001fdc        -       0x0000002c   Zero   RW         5501    .bss                temp.o
    0x20002008        -       0x00000400   Zero   RW            1    STACK               startup_stm32l431xx.o


==============================================================================

Image component sizes


      Code (inc. data)   RO Data    RW Data    ZI Data      Debug   Object Name

       462        104          0          8         24       5799   app_bmp580.o
       300        164          0          8          0       1850   app_e22_protocol.o
       340        154          0          0         20       3321   app_sht40.o
        72         46          0          3          0       1110   app_t117.o
      1490         26          0          0          0      14929   bmp5.o
       298          0          0          0          0       5907   bsp_t117.o
        60          4          0          0          0        830   dma.o
       104         20          0          0       5084       1828   e22.o
       388         22          0          4          0       1796   gpio.o
        28          4          0          0         44       2124   gps.o
       538         60          0          0        168       3338   i2c.o
       222         42          0          0          0     727775   main.o
       328         30          0          6         36       3601   rtc.o
         8          0          0          0          0       1046   sht40ad1b_reg.o
        36          8        396          0       1024        860   startup_stm32l431xx.o
       162         24          0         12          0      12829   stm32l4xx_hal.o
       198         14          0          0          0      33983   stm32l4xx_hal_cortex.o
       724         20          0          0          0       5330   stm32l4xx_hal_dma.o
       802         56          0          0          0       3226   stm32l4xx_hal_gpio.o
      2884         78          0          0          0      18094   stm32l4xx_hal_i2c.o
       168          0          0          0          0       1983   stm32l4xx_hal_i2c_ex.o
        44          6          0          0          0        902   stm32l4xx_hal_msp.o
       120         20          0          0          0       1414   stm32l4xx_hal_pwr_ex.o
      2060         98          0          0          0       7168   stm32l4xx_hal_rcc.o
       998         32          0          0          0       3004   stm32l4xx_hal_rcc_ex.o
       948         38          0          0          0       8517   stm32l4xx_hal_rtc.o
       552         14          0          0          0       6193   stm32l4xx_hal_tim.o
       114         10          0          0          0       3216   stm32l4xx_hal_tim_ex.o
      3228        100          0          0          0      18979   stm32l4xx_hal_uart.o
        76          0          0          0          0       1999   stm32l4xx_hal_uart_ex.o
        80         30          0          0          0       6874   stm32l4xx_it.o
        16          4         72          4          0       1257   system_stm32l4xx.o
        12          6          0          0          0       1071   task_scheduler.o
       492        158          0          0         44       4047   temp.o
       160         30          0          4         76       2293   tim.o
       792         70          0          4       2600       4971   usart.o
        60         18          0         12         32       1974   wind_speed.o

    ----------------------------------------------------------------------
     19424       1510        500         68       9152     925438   Object Totals
         0          0         32          0          0          0   (incl. Generated)
        60          0          0          3          0          0   (incl. Padding)

    ----------------------------------------------------------------------

      Code (inc. data)   RO Data    RW Data    ZI Data      Debug   Library Member Name

         0          0          0          0          0          0   entry.o
         0          0          0          0          0          0   entry10a.o
         0          0          0          0          0          0   entry11a.o
         4          0          0          0          0          0   entry12b.o
         8          4          0          0          0          0   entry2.o
         4          0          0          0          0          0   entry5.o
         0          0          0          0          0          0   entry7b.o
         0          0          0          0          0          0   entry8b.o
         8          4          0          0          0          0   entry9a.o
        30          0          0          0          0          0   handlers.o
        36          8          0          0          0         68   init.o
         0          0          0          0          0          0   iusefp.o
        30          0          0          0          0         68   llshl.o
        36          0          0          0          0         68   llsshr.o
        32          0          0          0          0         68   llushr.o
        36          0          0          0          0        108   memseta.o
      2230         90          0          0          0        464   printfa.o
         0          0          0          4          0          0   stdout.o
        44          0          0          0          0         80   uidiv.o
       104          0          0          0          0         92   uldiv.o
        48          0          0          0          0         68   cdrcmple.o
        56          0          0          0          0         88   d2f.o
       350          0          0          0          0        148   dadd.o
       222          0          0          0          0        100   ddiv.o
       186          0          0          0          0        176   depilogue.o
        48          0          0          0          0         68   dfixul.o
        34          0          0          0          0         76   dflti.o
        26          0          0          0          0         76   dfltui.o
       234          0          0          0          0         96   dmul.o
       110          0          0          0          0        168   fepilogue.o

    ----------------------------------------------------------------------
      3920        106          0          4          0       2080   Library Totals
         4          0          0          0          0          0   (incl. Padding)

    ----------------------------------------------------------------------

      Code (inc. data)   RO Data    RW Data    ZI Data      Debug   Library Name

      2602        106          0          4          0       1016   mc_w.l
      1314          0          0          0          0       1064   mf_w.l

    ----------------------------------------------------------------------
      3920        106          0          4          0       2080   Library Totals

    ----------------------------------------------------------------------

==============================================================================


      Code (inc. data)   RO Data    RW Data    ZI Data      Debug   

     23344       1616        500         72       9152     909582   Grand Totals
     23344       1616        500         72       9152     909582   ELF Image Totals
     23344       1616        500         72          0          0   ROM Totals

==============================================================================

    Total RO  Size (Code + RO Data)                23844 (  23.29kB)
    Total RW  Size (RW Data + ZI Data)              9224 (   9.01kB)
    Total ROM Size (Code + RO Data + RW Data)      23916 (  23.36kB)

==============================================================================

